╭──────────────────────────────────────────────────────────────────────────────────────────────────╮
│  purple       hosts      tunnels      containers      snippets      keys                         │
╰──────────────────────────────────────────────────────────────────────────────────────────────────╯
╭ 0 ───────────────────────────────────────────────────────╮╭──────────────────────────────────────╮
│                                                          ││                                      │
│                                                          ││                                      │
│                                                          ││                                      │
│                                                          ││                                      │
│                                                          ││                                      │
│                                                          ││                                      │
│ ╭─ Hosts ────────────────────────────────────────────╮   ││                                      │
│ │                                                    │   ││                                      │
│ │   It's quiet in here.                              │   ││                                      │
│ │                                                    │   ││                                      │
│ │   purple reads hosts from ~/.ssh/config and from   │   ││                                      │
│ │   the cloud providers you connect. Add one by hand │   ││                                      │
│ │   or sync a provider and the list fills up.        │   ││                                      │
│ │                                                    │   ││                                      │
│ │   a  add a host                                    │   ││                                      │
│ │   S  open providers to sync from the cloud         │   ││                                      │
│ │                                                    │   ││                                      │
│ ╰────────────────────────────────────────────────────╯   ││                                      │
│                                                          ││                                      │
│                                                          ││                                      │
│                                                          ││                                      │
│                                                          ││                                      │
│                                                          ││                                      │
│                                                          ││                                      │
╰──────────────────────────────────────────── getpurple.sh ╯╰──────────────────────────────────────╯
 Enter  connect    /  search    #  tag    v  compact    :  jump                              ?  more
---STYLES---
(0,0) fg=Reset bg=Reset mod=DIM
(1,0) fg=Reset bg=Reset mod=DIM
(2,0) fg=Reset bg=Reset mod=DIM
(3,0) fg=Reset bg=Reset mod=DIM
(4,0) fg=Reset bg=Reset mod=DIM
(5,0) fg=Reset bg=Reset mod=DIM
(6,0) fg=Reset bg=Reset mod=DIM
(7,0) fg=Reset bg=Reset mod=DIM
(8,0) fg=Reset bg=Reset mod=DIM
(9,0) fg=Reset bg=Reset mod=DIM
(10,0) fg=Reset bg=Reset mod=DIM
(11,0) fg=Reset bg=Reset mod=DIM
(12,0) fg=Reset bg=Reset mod=DIM
(13,0) fg=Reset bg=Reset mod=DIM
(14,0) fg=Reset bg=Reset mod=DIM
(15,0) fg=Reset bg=Reset mod=DIM
(16,0) fg=Reset bg=Reset mod=DIM
(17,0) fg=Reset bg=Reset mod=DIM
(18,0) fg=Reset bg=Reset mod=DIM
(19,0) fg=Reset bg=Reset mod=DIM
(20,0) fg=Reset bg=Reset mod=DIM
(21,0) fg=Reset bg=Reset mod=DIM
(22,0) fg=Reset bg=Reset mod=DIM
(23,0) fg=Reset bg=Reset mod=DIM
(24,0) fg=Reset bg=Reset mod=DIM
(25,0) fg=Reset bg=Reset mod=DIM
(26,0) fg=Reset bg=Reset mod=DIM
(27,0) fg=Reset bg=Reset mod=DIM
(28,0) fg=Reset bg=Reset mod=DIM
(29,0) fg=Reset bg=Reset mod=DIM
(30,0) fg=Reset bg=Reset mod=DIM
(31,0) fg=Reset bg=Reset mod=DIM
(32,0) fg=Reset bg=Reset mod=DIM
(33,0) fg=Reset bg=Reset mod=DIM
(34,0) fg=Reset bg=Reset mod=DIM
(35,0) fg=Reset bg=Reset mod=DIM
(36,0) fg=Reset bg=Reset mod=DIM
(37,0) fg=Reset bg=Reset mod=DIM
(38,0) fg=Reset bg=Reset mod=DIM
(39,0) fg=Reset bg=Reset mod=DIM
(40,0) fg=Reset bg=Reset mod=DIM
(41,0) fg=Reset bg=Reset mod=DIM
(42,0) fg=Reset bg=Reset mod=DIM
(43,0) fg=Reset bg=Reset mod=DIM
(44,0) fg=Reset bg=Reset mod=DIM
(45,0) fg=Reset bg=Reset mod=DIM
(46,0) fg=Reset bg=Reset mod=DIM
(47,0) fg=Reset bg=Reset mod=DIM
(48,0) fg=Reset bg=Reset mod=DIM
(49,0) fg=Reset bg=Reset mod=DIM
(50,0) fg=Reset bg=Reset mod=DIM
(51,0) fg=Reset bg=Reset mod=DIM
(52,0) fg=Reset bg=Reset mod=DIM
(53,0) fg=Reset bg=Reset mod=DIM
(54,0) fg=Reset bg=Reset mod=DIM
(55,0) fg=Reset bg=Reset mod=DIM
(56,0) fg=Reset bg=Reset mod=DIM
(57,0) fg=Reset bg=Reset mod=DIM
(58,0) fg=Reset bg=Reset mod=DIM
(59,0) fg=Reset bg=Reset mod=DIM
(60,0) fg=Reset bg=Reset mod=DIM
(61,0) fg=Reset bg=Reset mod=DIM
(62,0) fg=Reset bg=Reset mod=DIM
(63,0) fg=Reset bg=Reset mod=DIM
(64,0) fg=Reset bg=Reset mod=DIM
(65,0) fg=Reset bg=Reset mod=DIM
(66,0) fg=Reset bg=Reset mod=DIM
(67,0) fg=Reset bg=Reset mod=DIM
(68,0) fg=Reset bg=Reset mod=DIM
(69,0) fg=Reset bg=Reset mod=DIM
(70,0) fg=Reset bg=Reset mod=DIM
(71,0) fg=Reset bg=Reset mod=DIM
(72,0) fg=Reset bg=Reset mod=DIM
(73,0) fg=Reset bg=Reset mod=DIM
(74,0) fg=Reset bg=Reset mod=DIM
(75,0) fg=Reset bg=Reset mod=DIM
(76,0) fg=Reset bg=Reset mod=DIM
(77,0) fg=Reset bg=Reset mod=DIM
(78,0) fg=Reset bg=Reset mod=DIM
(79,0) fg=Reset bg=Reset mod=DIM
(80,0) fg=Reset bg=Reset mod=DIM
(81,0) fg=Reset bg=Reset mod=DIM
(82,0) fg=Reset bg=Reset mod=DIM
(83,0) fg=Reset bg=Reset mod=DIM
(84,0) fg=Reset bg=Reset mod=DIM
(85,0) fg=Reset bg=Reset mod=DIM
(86,0) fg=Reset bg=Reset mod=DIM
(87,0) fg=Reset bg=Reset mod=DIM
(88,0) fg=Reset bg=Reset mod=DIM
(89,0) fg=Reset bg=Reset mod=DIM
(90,0) fg=Reset bg=Reset mod=DIM
(91,0) fg=Reset bg=Reset mod=DIM
(92,0) fg=Reset bg=Reset mod=DIM
(93,0) fg=Reset bg=Reset mod=DIM
(94,0) fg=Reset bg=Reset mod=DIM
(95,0) fg=Reset bg=Reset mod=DIM
(96,0) fg=Reset bg=Reset mod=DIM
(97,0) fg=Reset bg=Reset mod=DIM
(98,0) fg=Reset bg=Reset mod=DIM
(99,0) fg=Reset bg=Reset mod=DIM
(0,1) fg=Reset bg=Reset mod=DIM
(2,1) fg=White bg=Magenta mod=BOLD
(3,1) fg=White bg=Magenta mod=BOLD
(4,1) fg=White bg=Magenta mod=BOLD
(5,1) fg=White bg=Magenta mod=BOLD
(6,1) fg=White bg=Magenta mod=BOLD
(7,1) fg=White bg=Magenta mod=BOLD
(8,1) fg=White bg=Magenta mod=BOLD
(9,1) fg=White bg=Magenta mod=BOLD
(16,1) fg=Reset bg=Reset mod=BOLD|UNDERLINED
(17,1) fg=Reset bg=Reset mod=BOLD|UNDERLINED
(18,1) fg=Reset bg=Reset mod=BOLD|UNDERLINED
(19,1) fg=Reset bg=Reset mod=BOLD|UNDERLINED
(20,1) fg=Reset bg=Reset mod=BOLD|UNDERLINED
(27,1) fg=Reset bg=Reset mod=DIM
(28,1) fg=Reset bg=Reset mod=DIM
(29,1) fg=Reset bg=Reset mod=DIM
(30,1) fg=Reset bg=Reset mod=DIM
(31,1) fg=Reset bg=Reset mod=DIM
(32,1) fg=Reset bg=Reset mod=DIM
(33,1) fg=Reset bg=Reset mod=DIM
(40,1) fg=Reset bg=Reset mod=DIM
(41,1) fg=Reset bg=Reset mod=DIM
(42,1) fg=Reset bg=Reset mod=DIM
(43,1) fg=Reset bg=Reset mod=DIM
(44,1) fg=Reset bg=Reset mod=DIM
(45,1) fg=Reset bg=Reset mod=DIM
(46,1) fg=Reset bg=Reset mod=DIM
(47,1) fg=Reset bg=Reset mod=DIM
(48,1) fg=Reset bg=Reset mod=DIM
(49,1) fg=Reset bg=Reset mod=DIM
(56,1) fg=Reset bg=Reset mod=DIM
(57,1) fg=Reset bg=Reset mod=DIM
(58,1) fg=Reset bg=Reset mod=DIM
(59,1) fg=Reset bg=Reset mod=DIM
(60,1) fg=Reset bg=Reset mod=DIM
(61,1) fg=Reset bg=Reset mod=DIM
(62,1) fg=Reset bg=Reset mod=DIM
(63,1) fg=Reset bg=Reset mod=DIM
(70,1) fg=Reset bg=Reset mod=DIM
(71,1) fg=Reset bg=Reset mod=DIM
(72,1) fg=Reset bg=Reset mod=DIM
(73,1) fg=Reset bg=Reset mod=DIM
(99,1) fg=Reset bg=Reset mod=DIM
(0,2) fg=Reset bg=Reset mod=DIM
(1,2) fg=Reset bg=Reset mod=DIM
(2,2) fg=Reset bg=Reset mod=DIM
(3,2) fg=Reset bg=Reset mod=DIM
(4,2) fg=Reset bg=Reset mod=DIM
(5,2) fg=Reset bg=Reset mod=DIM
(6,2) fg=Reset bg=Reset mod=DIM
(7,2) fg=Reset bg=Reset mod=DIM
(8,2) fg=Reset bg=Reset mod=DIM
(9,2) fg=Reset bg=Reset mod=DIM
(10,2) fg=Reset bg=Reset mod=DIM
(11,2) fg=Reset bg=Reset mod=DIM
(12,2) fg=Reset bg=Reset mod=DIM
(13,2) fg=Reset bg=Reset mod=DIM
(14,2) fg=Reset bg=Reset mod=DIM
(15,2) fg=Reset bg=Reset mod=DIM
(16,2) fg=Reset bg=Reset mod=DIM
(17,2) fg=Reset bg=Reset mod=DIM
(18,2) fg=Reset bg=Reset mod=DIM
(19,2) fg=Reset bg=Reset mod=DIM
(20,2) fg=Reset bg=Reset mod=DIM
(21,2) fg=Reset bg=Reset mod=DIM
(22,2) fg=Reset bg=Reset mod=DIM
(23,2) fg=Reset bg=Reset mod=DIM
(24,2) fg=Reset bg=Reset mod=DIM
(25,2) fg=Reset bg=Reset mod=DIM
(26,2) fg=Reset bg=Reset mod=DIM
(27,2) fg=Reset bg=Reset mod=DIM
(28,2) fg=Reset bg=Reset mod=DIM
(29,2) fg=Reset bg=Reset mod=DIM
(30,2) fg=Reset bg=Reset mod=DIM
(31,2) fg=Reset bg=Reset mod=DIM
(32,2) fg=Reset bg=Reset mod=DIM
(33,2) fg=Reset bg=Reset mod=DIM
(34,2) fg=Reset bg=Reset mod=DIM
(35,2) fg=Reset bg=Reset mod=DIM
(36,2) fg=Reset bg=Reset mod=DIM
(37,2) fg=Reset bg=Reset mod=DIM
(38,2) fg=Reset bg=Reset mod=DIM
(39,2) fg=Reset bg=Reset mod=DIM
(40,2) fg=Reset bg=Reset mod=DIM
(41,2) fg=Reset bg=Reset mod=DIM
(42,2) fg=Reset bg=Reset mod=DIM
(43,2) fg=Reset bg=Reset mod=DIM
(44,2) fg=Reset bg=Reset mod=DIM
(45,2) fg=Reset bg=Reset mod=DIM
(46,2) fg=Reset bg=Reset mod=DIM
(47,2) fg=Reset bg=Reset mod=DIM
(48,2) fg=Reset bg=Reset mod=DIM
(49,2) fg=Reset bg=Reset mod=DIM
(50,2) fg=Reset bg=Reset mod=DIM
(51,2) fg=Reset bg=Reset mod=DIM
(52,2) fg=Reset bg=Reset mod=DIM
(53,2) fg=Reset bg=Reset mod=DIM
(54,2) fg=Reset bg=Reset mod=DIM
(55,2) fg=Reset bg=Reset mod=DIM
(56,2) fg=Reset bg=Reset mod=DIM
(57,2) fg=Reset bg=Reset mod=DIM
(58,2) fg=Reset bg=Reset mod=DIM
(59,2) fg=Reset bg=Reset mod=DIM
(60,2) fg=Reset bg=Reset mod=DIM
(61,2) fg=Reset bg=Reset mod=DIM
(62,2) fg=Reset bg=Reset mod=DIM
(63,2) fg=Reset bg=Reset mod=DIM
(64,2) fg=Reset bg=Reset mod=DIM
(65,2) fg=Reset bg=Reset mod=DIM
(66,2) fg=Reset bg=Reset mod=DIM
(67,2) fg=Reset bg=Reset mod=DIM
(68,2) fg=Reset bg=Reset mod=DIM
(69,2) fg=Reset bg=Reset mod=DIM
(70,2) fg=Reset bg=Reset mod=DIM
(71,2) fg=Reset bg=Reset mod=DIM
(72,2) fg=Reset bg=Reset mod=DIM
(73,2) fg=Reset bg=Reset mod=DIM
(74,2) fg=Reset bg=Reset mod=DIM
(75,2) fg=Reset bg=Reset mod=DIM
(76,2) fg=Reset bg=Reset mod=DIM
(77,2) fg=Reset bg=Reset mod=DIM
(78,2) fg=Reset bg=Reset mod=DIM
(79,2) fg=Reset bg=Reset mod=DIM
(80,2) fg=Reset bg=Reset mod=DIM
(81,2) fg=Reset bg=Reset mod=DIM
(82,2) fg=Reset bg=Reset mod=DIM
(83,2) fg=Reset bg=Reset mod=DIM
(84,2) fg=Reset bg=Reset mod=DIM
(85,2) fg=Reset bg=Reset mod=DIM
(86,2) fg=Reset bg=Reset mod=DIM
(87,2) fg=Reset bg=Reset mod=DIM
(88,2) fg=Reset bg=Reset mod=DIM
(89,2) fg=Reset bg=Reset mod=DIM
(90,2) fg=Reset bg=Reset mod=DIM
(91,2) fg=Reset bg=Reset mod=DIM
(92,2) fg=Reset bg=Reset mod=DIM
(93,2) fg=Reset bg=Reset mod=DIM
(94,2) fg=Reset bg=Reset mod=DIM
(95,2) fg=Reset bg=Reset mod=DIM
(96,2) fg=Reset bg=Reset mod=DIM
(97,2) fg=Reset bg=Reset mod=DIM
(98,2) fg=Reset bg=Reset mod=DIM
(99,2) fg=Reset bg=Reset mod=DIM
(0,3) fg=Reset bg=Reset mod=DIM
(1,3) fg=Reset bg=Reset mod=BOLD|DIM
(2,3) fg=Reset bg=Reset mod=BOLD|DIM
(3,3) fg=Reset bg=Reset mod=BOLD|DIM
(4,3) fg=Reset bg=Reset mod=DIM
(5,3) fg=Reset bg=Reset mod=DIM
(6,3) fg=Reset bg=Reset mod=DIM
(7,3) fg=Reset bg=Reset mod=DIM
(8,3) fg=Reset bg=Reset mod=DIM
(9,3) fg=Reset bg=Reset mod=DIM
(10,3) fg=Reset bg=Reset mod=DIM
(11,3) fg=Reset bg=Reset mod=DIM
(12,3) fg=Reset bg=Reset mod=DIM
(13,3) fg=Reset bg=Reset mod=DIM
(14,3) fg=Reset bg=Reset mod=DIM
(15,3) fg=Reset bg=Reset mod=DIM
(16,3) fg=Reset bg=Reset mod=DIM
(17,3) fg=Reset bg=Reset mod=DIM
(18,3) fg=Reset bg=Reset mod=DIM
(19,3) fg=Reset bg=Reset mod=DIM
(20,3) fg=Reset bg=Reset mod=DIM
(21,3) fg=Reset bg=Reset mod=DIM
(22,3) fg=Reset bg=Reset mod=DIM
(23,3) fg=Reset bg=Reset mod=DIM
(24,3) fg=Reset bg=Reset mod=DIM
(25,3) fg=Reset bg=Reset mod=DIM
(26,3) fg=Reset bg=Reset mod=DIM
(27,3) fg=Reset bg=Reset mod=DIM
(28,3) fg=Reset bg=Reset mod=DIM
(29,3) fg=Reset bg=Reset mod=DIM
(30,3) fg=Reset bg=Reset mod=DIM
(31,3) fg=Reset bg=Reset mod=DIM
(32,3) fg=Reset bg=Reset mod=DIM
(33,3) fg=Reset bg=Reset mod=DIM
(34,3) fg=Reset bg=Reset mod=DIM
(35,3) fg=Reset bg=Reset mod=DIM
(36,3) fg=Reset bg=Reset mod=DIM
(37,3) fg=Reset bg=Reset mod=DIM
(38,3) fg=Reset bg=Reset mod=DIM
(39,3) fg=Reset bg=Reset mod=DIM
(40,3) fg=Reset bg=Reset mod=DIM
(41,3) fg=Reset bg=Reset mod=DIM
(42,3) fg=Reset bg=Reset mod=DIM
(43,3) fg=Reset bg=Reset mod=DIM
(44,3) fg=Reset bg=Reset mod=DIM
(45,3) fg=Reset bg=Reset mod=DIM
(46,3) fg=Reset bg=Reset mod=DIM
(47,3) fg=Reset bg=Reset mod=DIM
(48,3) fg=Reset bg=Reset mod=DIM
(49,3) fg=Reset bg=Reset mod=DIM
(50,3) fg=Reset bg=Reset mod=DIM
(51,3) fg=Reset bg=Reset mod=DIM
(52,3) fg=Reset bg=Reset mod=DIM
(53,3) fg=Reset bg=Reset mod=DIM
(54,3) fg=Reset bg=Reset mod=DIM
(55,3) fg=Reset bg=Reset mod=DIM
(56,3) fg=Reset bg=Reset mod=DIM
(57,3) fg=Reset bg=Reset mod=DIM
(58,3) fg=Reset bg=Reset mod=DIM
(59,3) fg=Reset bg=Reset mod=DIM
(60,3) fg=Reset bg=Reset mod=DIM
(61,3) fg=Reset bg=Reset mod=DIM
(62,3) fg=Reset bg=Reset mod=DIM
(63,3) fg=Reset bg=Reset mod=DIM
(64,3) fg=Reset bg=Reset mod=DIM
(65,3) fg=Reset bg=Reset mod=DIM
(66,3) fg=Reset bg=Reset mod=DIM
(67,3) fg=Reset bg=Reset mod=DIM
(68,3) fg=Reset bg=Reset mod=DIM
(69,3) fg=Reset bg=Reset mod=DIM
(70,3) fg=Reset bg=Reset mod=DIM
(71,3) fg=Reset bg=Reset mod=DIM
(72,3) fg=Reset bg=Reset mod=DIM
(73,3) fg=Reset bg=Reset mod=DIM
(74,3) fg=Reset bg=Reset mod=DIM
(75,3) fg=Reset bg=Reset mod=DIM
(76,3) fg=Reset bg=Reset mod=DIM
(77,3) fg=Reset bg=Reset mod=DIM
(78,3) fg=Reset bg=Reset mod=DIM
(79,3) fg=Reset bg=Reset mod=DIM
(80,3) fg=Reset bg=Reset mod=DIM
(81,3) fg=Reset bg=Reset mod=DIM
(82,3) fg=Reset bg=Reset mod=DIM
(83,3) fg=Reset bg=Reset mod=DIM
(84,3) fg=Reset bg=Reset mod=DIM
(85,3) fg=Reset bg=Reset mod=DIM
(86,3) fg=Reset bg=Reset mod=DIM
(87,3) fg=Reset bg=Reset mod=DIM
(88,3) fg=Reset bg=Reset mod=DIM
(89,3) fg=Reset bg=Reset mod=DIM
(90,3) fg=Reset bg=Reset mod=DIM
(91,3) fg=Reset bg=Reset mod=DIM
(92,3) fg=Reset bg=Reset mod=DIM
(93,3) fg=Reset bg=Reset mod=DIM
(94,3) fg=Reset bg=Reset mod=DIM
(95,3) fg=Reset bg=Reset mod=DIM
(96,3) fg=Reset bg=Reset mod=DIM
(97,3) fg=Reset bg=Reset mod=DIM
(98,3) fg=Reset bg=Reset mod=DIM
(99,3) fg=Reset bg=Reset mod=DIM
(0,4) fg=Reset bg=Reset mod=DIM
(59,4) fg=Reset bg=Reset mod=DIM
(60,4) fg=Reset bg=Reset mod=DIM
(99,4) fg=Reset bg=Reset mod=DIM
(0,5) fg=Reset bg=Reset mod=DIM
(59,5) fg=Reset bg=Reset mod=DIM
(60,5) fg=Reset bg=Reset mod=DIM
(99,5) fg=Reset bg=Reset mod=DIM
(0,6) fg=Reset bg=Reset mod=DIM
(59,6) fg=Reset bg=Reset mod=DIM
(60,6) fg=Reset bg=Reset mod=DIM
(99,6) fg=Reset bg=Reset mod=DIM
(0,7) fg=Reset bg=Reset mod=DIM
(59,7) fg=Reset bg=Reset mod=DIM
(60,7) fg=Reset bg=Reset mod=DIM
(99,7) fg=Reset bg=Reset mod=DIM
(0,8) fg=Reset bg=Reset mod=DIM
(59,8) fg=Reset bg=Reset mod=DIM
(60,8) fg=Reset bg=Reset mod=DIM
(99,8) fg=Reset bg=Reset mod=DIM
(0,9) fg=Reset bg=Reset mod=DIM
(59,9) fg=Reset bg=Reset mod=DIM
(60,9) fg=Reset bg=Reset mod=DIM
(99,9) fg=Reset bg=Reset mod=DIM
(0,10) fg=Reset bg=Reset mod=DIM
(2,10) fg=Reset bg=Reset mod=DIM
(3,10) fg=Reset bg=Reset mod=DIM
(4,10) fg=Reset bg=Reset mod=DIM
(5,10) fg=Reset bg=Reset mod=BOLD
(6,10) fg=Reset bg=Reset mod=BOLD
(7,10) fg=Reset bg=Reset mod=BOLD
(8,10) fg=Reset bg=Reset mod=BOLD
(9,10) fg=Reset bg=Reset mod=BOLD
(10,10) fg=Reset bg=Reset mod=DIM
(11,10) fg=Reset bg=Reset mod=DIM
(12,10) fg=Reset bg=Reset mod=DIM
(13,10) fg=Reset bg=Reset mod=DIM
(14,10) fg=Reset bg=Reset mod=DIM
(15,10) fg=Reset bg=Reset mod=DIM
(16,10) fg=Reset bg=Reset mod=DIM
(17,10) fg=Reset bg=Reset mod=DIM
(18,10) fg=Reset bg=Reset mod=DIM
(19,10) fg=Reset bg=Reset mod=DIM
(20,10) fg=Reset bg=Reset mod=DIM
(21,10) fg=Reset bg=Reset mod=DIM
(22,10) fg=Reset bg=Reset mod=DIM
(23,10) fg=Reset bg=Reset mod=DIM
(24,10) fg=Reset bg=Reset mod=DIM
(25,10) fg=Reset bg=Reset mod=DIM
(26,10) fg=Reset bg=Reset mod=DIM
(27,10) fg=Reset bg=Reset mod=DIM
(28,10) fg=Reset bg=Reset mod=DIM
(29,10) fg=Reset bg=Reset mod=DIM
(30,10) fg=Reset bg=Reset mod=DIM
(31,10) fg=Reset bg=Reset mod=DIM
(32,10) fg=Reset bg=Reset mod=DIM
(33,10) fg=Reset bg=Reset mod=DIM
(34,10) fg=Reset bg=Reset mod=DIM
(35,10) fg=Reset bg=Reset mod=DIM
(36,10) fg=Reset bg=Reset mod=DIM
(37,10) fg=Reset bg=Reset mod=DIM
(38,10) fg=Reset bg=Reset mod=DIM
(39,10) fg=Reset bg=Reset mod=DIM
(40,10) fg=Reset bg=Reset mod=DIM
(41,10) fg=Reset bg=Reset mod=DIM
(42,10) fg=Reset bg=Reset mod=DIM
(43,10) fg=Reset bg=Reset mod=DIM
(44,10) fg=Reset bg=Reset mod=DIM
(45,10) fg=Reset bg=Reset mod=DIM
(46,10) fg=Reset bg=Reset mod=DIM
(47,10) fg=Reset bg=Reset mod=DIM
(48,10) fg=Reset bg=Reset mod=DIM
(49,10) fg=Reset bg=Reset mod=DIM
(50,10) fg=Reset bg=Reset mod=DIM
(51,10) fg=Reset bg=Reset mod=DIM
(52,10) fg=Reset bg=Reset mod=DIM
(53,10) fg=Reset bg=Reset mod=DIM
(54,10) fg=Reset bg=Reset mod=DIM
(55,10) fg=Reset bg=Reset mod=DIM
(59,10) fg=Reset bg=Reset mod=DIM
(60,10) fg=Reset bg=Reset mod=DIM
(99,10) fg=Reset bg=Reset mod=DIM
(0,11) fg=Reset bg=Reset mod=DIM
(2,11) fg=Reset bg=Reset mod=DIM
(3,11) fg=Reset bg=Reset mod=DIM
(55,11) fg=Reset bg=Reset mod=DIM
(59,11) fg=Reset bg=Reset mod=DIM
(60,11) fg=Reset bg=Reset mod=DIM
(99,11) fg=Reset bg=Reset mod=DIM
(0,12) fg=Reset bg=Reset mod=DIM
(2,12) fg=Reset bg=Reset mod=DIM
(3,12) fg=Reset bg=Reset mod=DIM
(6,12) fg=Reset bg=Reset mod=BOLD
(7,12) fg=Reset bg=Reset mod=BOLD
(8,12) fg=Reset bg=Reset mod=BOLD
(9,12) fg=Reset bg=Reset mod=BOLD
(10,12) fg=Reset bg=Reset mod=BOLD
(11,12) fg=Reset bg=Reset mod=BOLD
(12,12) fg=Reset bg=Reset mod=BOLD
(13,12) fg=Reset bg=Reset mod=BOLD
(14,12) fg=Reset bg=Reset mod=BOLD
(15,12) fg=Reset bg=Reset mod=BOLD
(16,12) fg=Reset bg=Reset mod=BOLD
(17,12) fg=Reset bg=Reset mod=BOLD
(18,12) fg=Reset bg=Reset mod=BOLD
(19,12) fg=Reset bg=Reset mod=BOLD
(20,12) fg=Reset bg=Reset mod=BOLD
(21,12) fg=Reset bg=Reset mod=BOLD
(22,12) fg=Reset bg=Reset mod=BOLD
(23,12) fg=Reset bg=Reset mod=BOLD
(24,12) fg=Reset bg=Reset mod=BOLD
(55,12) fg=Reset bg=Reset mod=DIM
(59,12) fg=Reset bg=Reset mod=DIM
(60,12) fg=Reset bg=Reset mod=DIM
(99,12) fg=Reset bg=Reset mod=DIM
(0,13) fg=Reset bg=Reset mod=DIM
(2,13) fg=Reset bg=Reset mod=DIM
(3,13) fg=Reset bg=Reset mod=DIM
(55,13) fg=Reset bg=Reset mod=DIM
(59,13) fg=Reset bg=Reset mod=DIM
(60,13) fg=Reset bg=Reset mod=DIM
(99,13) fg=Reset bg=Reset mod=DIM
(0,14) fg=Reset bg=Reset mod=DIM
(2,14) fg=Reset bg=Reset mod=DIM
(3,14) fg=Reset bg=Reset mod=DIM
(4,14) fg=Reset bg=Reset mod=DIM
(5,14) fg=Reset bg=Reset mod=DIM
(6,14) fg=Reset bg=Reset mod=DIM
(7,14) fg=Reset bg=Reset mod=DIM
(8,14) fg=Reset bg=Reset mod=DIM
(9,14) fg=Reset bg=Reset mod=DIM
(10,14) fg=Reset bg=Reset mod=DIM
(11,14) fg=Reset bg=Reset mod=DIM
(12,14) fg=Reset bg=Reset mod=DIM
(13,14) fg=Reset bg=Reset mod=DIM
(14,14) fg=Reset bg=Reset mod=DIM
(15,14) fg=Reset bg=Reset mod=DIM
(16,14) fg=Reset bg=Reset mod=DIM
(17,14) fg=Reset bg=Reset mod=DIM
(18,14) fg=Reset bg=Reset mod=DIM
(19,14) fg=Reset bg=Reset mod=DIM
(20,14) fg=Reset bg=Reset mod=DIM
(21,14) fg=Reset bg=Reset mod=DIM
(22,14) fg=Reset bg=Reset mod=DIM
(23,14) fg=Reset bg=Reset mod=DIM
(24,14) fg=Reset bg=Reset mod=DIM
(25,14) fg=Reset bg=Reset mod=DIM
(26,14) fg=Reset bg=Reset mod=DIM
(27,14) fg=Reset bg=Reset mod=DIM
(28,14) fg=Reset bg=Reset mod=DIM
(29,14) fg=Reset bg=Reset mod=DIM
(30,14) fg=Reset bg=Reset mod=DIM
(31,14) fg=Reset bg=Reset mod=DIM
(32,14) fg=Reset bg=Reset mod=DIM
(33,14) fg=Reset bg=Reset mod=DIM
(34,14) fg=Reset bg=Reset mod=DIM
(35,14) fg=Reset bg=Reset mod=DIM
(36,14) fg=Reset bg=Reset mod=DIM
(37,14) fg=Reset bg=Reset mod=DIM
(38,14) fg=Reset bg=Reset mod=DIM
(39,14) fg=Reset bg=Reset mod=DIM
(40,14) fg=Reset bg=Reset mod=DIM
(41,14) fg=Reset bg=Reset mod=DIM
(42,14) fg=Reset bg=Reset mod=DIM
(43,14) fg=Reset bg=Reset mod=DIM
(44,14) fg=Reset bg=Reset mod=DIM
(45,14) fg=Reset bg=Reset mod=DIM
(46,14) fg=Reset bg=Reset mod=DIM
(47,14) fg=Reset bg=Reset mod=DIM
(48,14) fg=Reset bg=Reset mod=DIM
(49,14) fg=Reset bg=Reset mod=DIM
(50,14) fg=Reset bg=Reset mod=DIM
(51,14) fg=Reset bg=Reset mod=DIM
(55,14) fg=Reset bg=Reset mod=DIM
(59,14) fg=Reset bg=Reset mod=DIM
(60,14) fg=Reset bg=Reset mod=DIM
(99,14) fg=Reset bg=Reset mod=DIM
(0,15) fg=Reset bg=Reset mod=DIM
(2,15) fg=Reset bg=Reset mod=DIM
(3,15) fg=Reset bg=Reset mod=DIM
(4,15) fg=Reset bg=Reset mod=DIM
(5,15) fg=Reset bg=Reset mod=DIM
(6,15) fg=Reset bg=Reset mod=DIM
(7,15) fg=Reset bg=Reset mod=DIM
(8,15) fg=Reset bg=Reset mod=DIM
(9,15) fg=Reset bg=Reset mod=DIM
(10,15) fg=Reset bg=Reset mod=DIM
(11,15) fg=Reset bg=Reset mod=DIM
(12,15) fg=Reset bg=Reset mod=DIM
(13,15) fg=Reset bg=Reset mod=DIM
(14,15) fg=Reset bg=Reset mod=DIM
(15,15) fg=Reset bg=Reset mod=DIM
(16,15) fg=Reset bg=Reset mod=DIM
(17,15) fg=Reset bg=Reset mod=DIM
(18,15) fg=Reset bg=Reset mod=DIM
(19,15) fg=Reset bg=Reset mod=DIM
(20,15) fg=Reset bg=Reset mod=DIM
(21,15) fg=Reset bg=Reset mod=DIM
(22,15) fg=Reset bg=Reset mod=DIM
(23,15) fg=Reset bg=Reset mod=DIM
(24,15) fg=Reset bg=Reset mod=DIM
(25,15) fg=Reset bg=Reset mod=DIM
(26,15) fg=Reset bg=Reset mod=DIM
(27,15) fg=Reset bg=Reset mod=DIM
(28,15) fg=Reset bg=Reset mod=DIM
(29,15) fg=Reset bg=Reset mod=DIM
(30,15) fg=Reset bg=Reset mod=DIM
(31,15) fg=Reset bg=Reset mod=DIM
(32,15) fg=Reset bg=Reset mod=DIM
(33,15) fg=Reset bg=Reset mod=DIM
(34,15) fg=Reset bg=Reset mod=DIM
(35,15) fg=Reset bg=Reset mod=DIM
(36,15) fg=Reset bg=Reset mod=DIM
(37,15) fg=Reset bg=Reset mod=DIM
(38,15) fg=Reset bg=Reset mod=DIM
(39,15) fg=Reset bg=Reset mod=DIM
(40,15) fg=Reset bg=Reset mod=DIM
(41,15) fg=Reset bg=Reset mod=DIM
(42,15) fg=Reset bg=Reset mod=DIM
(43,15) fg=Reset bg=Reset mod=DIM
(44,15) fg=Reset bg=Reset mod=DIM
(45,15) fg=Reset bg=Reset mod=DIM
(46,15) fg=Reset bg=Reset mod=DIM
(47,15) fg=Reset bg=Reset mod=DIM
(48,15) fg=Reset bg=Reset mod=DIM
(49,15) fg=Reset bg=Reset mod=DIM
(50,15) fg=Reset bg=Reset mod=DIM
(51,15) fg=Reset bg=Reset mod=DIM
(52,15) fg=Reset bg=Reset mod=DIM
(53,15) fg=Reset bg=Reset mod=DIM
(55,15) fg=Reset bg=Reset mod=DIM
(59,15) fg=Reset bg=Reset mod=DIM
(60,15) fg=Reset bg=Reset mod=DIM
(99,15) fg=Reset bg=Reset mod=DIM
(0,16) fg=Reset bg=Reset mod=DIM
(2,16) fg=Reset bg=Reset mod=DIM
(3,16) fg=Reset bg=Reset mod=DIM
(4,16) fg=Reset bg=Reset mod=DIM
(5,16) fg=Reset bg=Reset mod=DIM
(6,16) fg=Reset bg=Reset mod=DIM
(7,16) fg=Reset bg=Reset mod=DIM
(8,16) fg=Reset bg=Reset mod=DIM
(9,16) fg=Reset bg=Reset mod=DIM
(10,16) fg=Reset bg=Reset mod=DIM
(11,16) fg=Reset bg=Reset mod=DIM
(12,16) fg=Reset bg=Reset mod=DIM
(13,16) fg=Reset bg=Reset mod=DIM
(14,16) fg=Reset bg=Reset mod=DIM
(15,16) fg=Reset bg=Reset mod=DIM
(16,16) fg=Reset bg=Reset mod=DIM
(17,16) fg=Reset bg=Reset mod=DIM
(18,16) fg=Reset bg=Reset mod=DIM
(19,16) fg=Reset bg=Reset mod=DIM
(20,16) fg=Reset bg=Reset mod=DIM
(21,16) fg=Reset bg=Reset mod=DIM
(22,16) fg=Reset bg=Reset mod=DIM
(23,16) fg=Reset bg=Reset mod=DIM
(24,16) fg=Reset bg=Reset mod=DIM
(25,16) fg=Reset bg=Reset mod=DIM
(26,16) fg=Reset bg=Reset mod=DIM
(27,16) fg=Reset bg=Reset mod=DIM
(28,16) fg=Reset bg=Reset mod=DIM
(29,16) fg=Reset bg=Reset mod=DIM
(30,16) fg=Reset bg=Reset mod=DIM
(31,16) fg=Reset bg=Reset mod=DIM
(32,16) fg=Reset bg=Reset mod=DIM
(33,16) fg=Reset bg=Reset mod=DIM
(34,16) fg=Reset bg=Reset mod=DIM
(35,16) fg=Reset bg=Reset mod=DIM
(36,16) fg=Reset bg=Reset mod=DIM
(37,16) fg=Reset bg=Reset mod=DIM
(38,16) fg=Reset bg=Reset mod=DIM
(39,16) fg=Reset bg=Reset mod=DIM
(40,16) fg=Reset bg=Reset mod=DIM
(41,16) fg=Reset bg=Reset mod=DIM
(42,16) fg=Reset bg=Reset mod=DIM
(43,16) fg=Reset bg=Reset mod=DIM
(44,16) fg=Reset bg=Reset mod=DIM
(45,16) fg=Reset bg=Reset mod=DIM
(46,16) fg=Reset bg=Reset mod=DIM
(55,16) fg=Reset bg=Reset mod=DIM
(59,16) fg=Reset bg=Reset mod=DIM
(60,16) fg=Reset bg=Reset mod=DIM
(99,16) fg=Reset bg=Reset mod=DIM
(0,17) fg=Reset bg=Reset mod=DIM
(2,17) fg=Reset bg=Reset mod=DIM
(3,17) fg=Reset bg=Reset mod=DIM
(55,17) fg=Reset bg=Reset mod=DIM
(59,17) fg=Reset bg=Reset mod=DIM
(60,17) fg=Reset bg=Reset mod=DIM
(99,17) fg=Reset bg=Reset mod=DIM
(0,18) fg=Reset bg=Reset mod=DIM
(2,18) fg=Reset bg=Reset mod=DIM
(3,18) fg=Reset bg=Reset mod=DIM
(4,18) fg=Magenta bg=Reset mod=BOLD
(5,18) fg=Magenta bg=Reset mod=BOLD
(6,18) fg=Magenta bg=Reset mod=BOLD
(7,18) fg=Magenta bg=Reset mod=BOLD
(8,18) fg=Magenta bg=Reset mod=BOLD
(9,18) fg=Reset bg=Reset mod=DIM
(10,18) fg=Reset bg=Reset mod=DIM
(11,18) fg=Reset bg=Reset mod=DIM
(12,18) fg=Reset bg=Reset mod=DIM
(13,18) fg=Reset bg=Reset mod=DIM
(14,18) fg=Reset bg=Reset mod=DIM
(15,18) fg=Reset bg=Reset mod=DIM
(16,18) fg=Reset bg=Reset mod=DIM
(17,18) fg=Reset bg=Reset mod=DIM
(18,18) fg=Reset bg=Reset mod=DIM
(55,18) fg=Reset bg=Reset mod=DIM
(59,18) fg=Reset bg=Reset mod=DIM
(60,18) fg=Reset bg=Reset mod=DIM
(99,18) fg=Reset bg=Reset mod=DIM
(0,19) fg=Reset bg=Reset mod=DIM
(2,19) fg=Reset bg=Reset mod=DIM
(3,19) fg=Reset bg=Reset mod=DIM
(4,19) fg=Magenta bg=Reset mod=BOLD
(5,19) fg=Magenta bg=Reset mod=BOLD
(6,19) fg=Magenta bg=Reset mod=BOLD
(7,19) fg=Magenta bg=Reset mod=BOLD
(8,19) fg=Magenta bg=Reset mod=BOLD
(9,19) fg=Reset bg=Reset mod=DIM
(10,19) fg=Reset bg=Reset mod=DIM
(11,19) fg=Reset bg=Reset mod=DIM
(12,19) fg=Reset bg=Reset mod=DIM
(13,19) fg=Reset bg=Reset mod=DIM
(14,19) fg=Reset bg=Reset mod=DIM
(15,19) fg=Reset bg=Reset mod=DIM
(16,19) fg=Reset bg=Reset mod=DIM
(17,19) fg=Reset bg=Reset mod=DIM
(18,19) fg=Reset bg=Reset mod=DIM
(19,19) fg=Reset bg=Reset mod=DIM
(20,19) fg=Reset bg=Reset mod=DIM
(21,19) fg=Reset bg=Reset mod=DIM
(22,19) fg=Reset bg=Reset mod=DIM
(23,19) fg=Reset bg=Reset mod=DIM
(24,19) fg=Reset bg=Reset mod=DIM
(25,19) fg=Reset bg=Reset mod=DIM
(26,19) fg=Reset bg=Reset mod=DIM
(27,19) fg=Reset bg=Reset mod=DIM
(28,19) fg=Reset bg=Reset mod=DIM
(29,19) fg=Reset bg=Reset mod=DIM
(30,19) fg=Reset bg=Reset mod=DIM
(31,19) fg=Reset bg=Reset mod=DIM
(32,19) fg=Reset bg=Reset mod=DIM
(33,19) fg=Reset bg=Reset mod=DIM
(34,19) fg=Reset bg=Reset mod=DIM
(35,19) fg=Reset bg=Reset mod=DIM
(36,19) fg=Reset bg=Reset mod=DIM
(37,19) fg=Reset bg=Reset mod=DIM
(38,19) fg=Reset bg=Reset mod=DIM
(39,19) fg=Reset bg=Reset mod=DIM
(40,19) fg=Reset bg=Reset mod=DIM
(41,19) fg=Reset bg=Reset mod=DIM
(42,19) fg=Reset bg=Reset mod=DIM
(43,19) fg=Reset bg=Reset mod=DIM
(44,19) fg=Reset bg=Reset mod=DIM
(45,19) fg=Reset bg=Reset mod=DIM
(55,19) fg=Reset bg=Reset mod=DIM
(59,19) fg=Reset bg=Reset mod=DIM
(60,19) fg=Reset bg=Reset mod=DIM
(99,19) fg=Reset bg=Reset mod=DIM
(0,20) fg=Reset bg=Reset mod=DIM
(2,20) fg=Reset bg=Reset mod=DIM
(3,20) fg=Reset bg=Reset mod=DIM
(55,20) fg=Reset bg=Reset mod=DIM
(59,20) fg=Reset bg=Reset mod=DIM
(60,20) fg=Reset bg=Reset mod=DIM
(99,20) fg=Reset bg=Reset mod=DIM
(0,21) fg=Reset bg=Reset mod=DIM
(2,21) fg=Reset bg=Reset mod=DIM
(3,21) fg=Reset bg=Reset mod=DIM
(4,21) fg=Reset bg=Reset mod=DIM
(5,21) fg=Reset bg=Reset mod=DIM
(6,21) fg=Reset bg=Reset mod=DIM
(7,21) fg=Reset bg=Reset mod=DIM
(8,21) fg=Reset bg=Reset mod=DIM
(9,21) fg=Reset bg=Reset mod=DIM
(10,21) fg=Reset bg=Reset mod=DIM
(11,21) fg=Reset bg=Reset mod=DIM
(12,21) fg=Reset bg=Reset mod=DIM
(13,21) fg=Reset bg=Reset mod=DIM
(14,21) fg=Reset bg=Reset mod=DIM
(15,21) fg=Reset bg=Reset mod=DIM
(16,21) fg=Reset bg=Reset mod=DIM
(17,21) fg=Reset bg=Reset mod=DIM
(18,21) fg=Reset bg=Reset mod=DIM
(19,21) fg=Reset bg=Reset mod=DIM
(20,21) fg=Reset bg=Reset mod=DIM
(21,21) fg=Reset bg=Reset mod=DIM
(22,21) fg=Reset bg=Reset mod=DIM
(23,21) fg=Reset bg=Reset mod=DIM
(24,21) fg=Reset bg=Reset mod=DIM
(25,21) fg=Reset bg=Reset mod=DIM
(26,21) fg=Reset bg=Reset mod=DIM
(27,21) fg=Reset bg=Reset mod=DIM
(28,21) fg=Reset bg=Reset mod=DIM
(29,21) fg=Reset bg=Reset mod=DIM
(30,21) fg=Reset bg=Reset mod=DIM
(31,21) fg=Reset bg=Reset mod=DIM
(32,21) fg=Reset bg=Reset mod=DIM
(33,21) fg=Reset bg=Reset mod=DIM
(34,21) fg=Reset bg=Reset mod=DIM
(35,21) fg=Reset bg=Reset mod=DIM
(36,21) fg=Reset bg=Reset mod=DIM
(37,21) fg=Reset bg=Reset mod=DIM
(38,21) fg=Reset bg=Reset mod=DIM
(39,21) fg=Reset bg=Reset mod=DIM
(40,21) fg=Reset bg=Reset mod=DIM
(41,21) fg=Reset bg=Reset mod=DIM
(42,21) fg=Reset bg=Reset mod=DIM
(43,21) fg=Reset bg=Reset mod=DIM
(44,21) fg=Reset bg=Reset mod=DIM
(45,21) fg=Reset bg=Reset mod=DIM
(46,21) fg=Reset bg=Reset mod=DIM
(47,21) fg=Reset bg=Reset mod=DIM
(48,21) fg=Reset bg=Reset mod=DIM
(49,21) fg=Reset bg=Reset mod=DIM
(50,21) fg=Reset bg=Reset mod=DIM
(51,21) fg=Reset bg=Reset mod=DIM
(52,21) fg=Reset bg=Reset mod=DIM
(53,21) fg=Reset bg=Reset mod=DIM
(54,21) fg=Reset bg=Reset mod=DIM
(55,21) fg=Reset bg=Reset mod=DIM
(59,21) fg=Reset bg=Reset mod=DIM
(60,21) fg=Reset bg=Reset mod=DIM
(99,21) fg=Reset bg=Reset mod=DIM
(0,22) fg=Reset bg=Reset mod=DIM
(59,22) fg=Reset bg=Reset mod=DIM
(60,22) fg=Reset bg=Reset mod=DIM
(99,22) fg=Reset bg=Reset mod=DIM
(0,23) fg=Reset bg=Reset mod=DIM
(59,23) fg=Reset bg=Reset mod=DIM
(60,23) fg=Reset bg=Reset mod=DIM
(99,23) fg=Reset bg=Reset mod=DIM
(0,24) fg=Reset bg=Reset mod=DIM
(59,24) fg=Reset bg=Reset mod=DIM
(60,24) fg=Reset bg=Reset mod=DIM
(99,24) fg=Reset bg=Reset mod=DIM
(0,25) fg=Reset bg=Reset mod=DIM
(59,25) fg=Reset bg=Reset mod=DIM
(60,25) fg=Reset bg=Reset mod=DIM
(99,25) fg=Reset bg=Reset mod=DIM
(0,26) fg=Reset bg=Reset mod=DIM
(59,26) fg=Reset bg=Reset mod=DIM
(60,26) fg=Reset bg=Reset mod=DIM
(99,26) fg=Reset bg=Reset mod=DIM
(0,27) fg=Reset bg=Reset mod=DIM
(59,27) fg=Reset bg=Reset mod=DIM
(60,27) fg=Reset bg=Reset mod=DIM
(99,27) fg=Reset bg=Reset mod=DIM
(0,28) fg=Reset bg=Reset mod=DIM
(1,28) fg=Reset bg=Reset mod=DIM
(2,28) fg=Reset bg=Reset mod=DIM
(3,28) fg=Reset bg=Reset mod=DIM
(4,28) fg=Reset bg=Reset mod=DIM
(5,28) fg=Reset bg=Reset mod=DIM
(6,28) fg=Reset bg=Reset mod=DIM
(7,28) fg=Reset bg=Reset mod=DIM
(8,28) fg=Reset bg=Reset mod=DIM
(9,28) fg=Reset bg=Reset mod=DIM
(10,28) fg=Reset bg=Reset mod=DIM
(11,28) fg=Reset bg=Reset mod=DIM
(12,28) fg=Reset bg=Reset mod=DIM
(13,28) fg=Reset bg=Reset mod=DIM
(14,28) fg=Reset bg=Reset mod=DIM
(15,28) fg=Reset bg=Reset mod=DIM
(16,28) fg=Reset bg=Reset mod=DIM
(17,28) fg=Reset bg=Reset mod=DIM
(18,28) fg=Reset bg=Reset mod=DIM
(19,28) fg=Reset bg=Reset mod=DIM
(20,28) fg=Reset bg=Reset mod=DIM
(21,28) fg=Reset bg=Reset mod=DIM
(22,28) fg=Reset bg=Reset mod=DIM
(23,28) fg=Reset bg=Reset mod=DIM
(24,28) fg=Reset bg=Reset mod=DIM
(25,28) fg=Reset bg=Reset mod=DIM
(26,28) fg=Reset bg=Reset mod=DIM
(27,28) fg=Reset bg=Reset mod=DIM
(28,28) fg=Reset bg=Reset mod=DIM
(29,28) fg=Reset bg=Reset mod=DIM
(30,28) fg=Reset bg=Reset mod=DIM
(31,28) fg=Reset bg=Reset mod=DIM
(32,28) fg=Reset bg=Reset mod=DIM
(33,28) fg=Reset bg=Reset mod=DIM
(34,28) fg=Reset bg=Reset mod=DIM
(35,28) fg=Reset bg=Reset mod=DIM
(36,28) fg=Reset bg=Reset mod=DIM
(37,28) fg=Reset bg=Reset mod=DIM
(38,28) fg=Reset bg=Reset mod=DIM
(39,28) fg=Reset bg=Reset mod=DIM
(40,28) fg=Reset bg=Reset mod=DIM
(41,28) fg=Reset bg=Reset mod=DIM
(42,28) fg=Reset bg=Reset mod=DIM
(43,28) fg=Reset bg=Reset mod=DIM
(44,28) fg=Reset bg=Reset mod=DIM
(45,28) fg=Reset bg=Reset mod=DIM
(46,28) fg=Reset bg=Reset mod=DIM
(47,28) fg=Reset bg=Reset mod=DIM
(48,28) fg=Reset bg=Reset mod=DIM
(49,28) fg=Reset bg=Reset mod=DIM
(50,28) fg=Reset bg=Reset mod=DIM
(51,28) fg=Reset bg=Reset mod=DIM
(52,28) fg=Reset bg=Reset mod=DIM
(53,28) fg=Reset bg=Reset mod=DIM
(54,28) fg=Reset bg=Reset mod=DIM
(55,28) fg=Reset bg=Reset mod=DIM
(56,28) fg=Reset bg=Reset mod=DIM
(57,28) fg=Reset bg=Reset mod=DIM
(58,28) fg=Reset bg=Reset mod=DIM
(59,28) fg=Reset bg=Reset mod=DIM
(60,28) fg=Reset bg=Reset mod=DIM
(61,28) fg=Reset bg=Reset mod=DIM
(62,28) fg=Reset bg=Reset mod=DIM
(63,28) fg=Reset bg=Reset mod=DIM
(64,28) fg=Reset bg=Reset mod=DIM
(65,28) fg=Reset bg=Reset mod=DIM
(66,28) fg=Reset bg=Reset mod=DIM
(67,28) fg=Reset bg=Reset mod=DIM
(68,28) fg=Reset bg=Reset mod=DIM
(69,28) fg=Reset bg=Reset mod=DIM
(70,28) fg=Reset bg=Reset mod=DIM
(71,28) fg=Reset bg=Reset mod=DIM
(72,28) fg=Reset bg=Reset mod=DIM
(73,28) fg=Reset bg=Reset mod=DIM
(74,28) fg=Reset bg=Reset mod=DIM
(75,28) fg=Reset bg=Reset mod=DIM
(76,28) fg=Reset bg=Reset mod=DIM
(77,28) fg=Reset bg=Reset mod=DIM
(78,28) fg=Reset bg=Reset mod=DIM
(79,28) fg=Reset bg=Reset mod=DIM
(80,28) fg=Reset bg=Reset mod=DIM
(81,28) fg=Reset bg=Reset mod=DIM
(82,28) fg=Reset bg=Reset mod=DIM
(83,28) fg=Reset bg=Reset mod=DIM
(84,28) fg=Reset bg=Reset mod=DIM
(85,28) fg=Reset bg=Reset mod=DIM
(86,28) fg=Reset bg=Reset mod=DIM
(87,28) fg=Reset bg=Reset mod=DIM
(88,28) fg=Reset bg=Reset mod=DIM
(89,28) fg=Reset bg=Reset mod=DIM
(90,28) fg=Reset bg=Reset mod=DIM
(91,28) fg=Reset bg=Reset mod=DIM
(92,28) fg=Reset bg=Reset mod=DIM
(93,28) fg=Reset bg=Reset mod=DIM
(94,28) fg=Reset bg=Reset mod=DIM
(95,28) fg=Reset bg=Reset mod=DIM
(96,28) fg=Reset bg=Reset mod=DIM
(97,28) fg=Reset bg=Reset mod=DIM
(98,28) fg=Reset bg=Reset mod=DIM
(99,28) fg=Reset bg=Reset mod=DIM
(0,29) fg=White bg=DarkGray mod=-
(1,29) fg=White bg=DarkGray mod=-
(2,29) fg=White bg=DarkGray mod=-
(3,29) fg=White bg=DarkGray mod=-
(4,29) fg=White bg=DarkGray mod=-
(5,29) fg=White bg=DarkGray mod=-
(6,29) fg=White bg=DarkGray mod=-
(7,29) fg=Reset bg=Reset mod=DIM
(8,29) fg=Reset bg=Reset mod=DIM
(9,29) fg=Reset bg=Reset mod=DIM
(10,29) fg=Reset bg=Reset mod=DIM
(11,29) fg=Reset bg=Reset mod=DIM
(12,29) fg=Reset bg=Reset mod=DIM
(13,29) fg=Reset bg=Reset mod=DIM
(14,29) fg=Reset bg=Reset mod=DIM
(15,29) fg=Reset bg=Reset mod=DIM
(18,29) fg=White bg=DarkGray mod=-
(19,29) fg=White bg=DarkGray mod=-
(20,29) fg=White bg=DarkGray mod=-
(21,29) fg=Reset bg=Reset mod=DIM
(22,29) fg=Reset bg=Reset mod=DIM
(23,29) fg=Reset bg=Reset mod=DIM
(24,29) fg=Reset bg=Reset mod=DIM
(25,29) fg=Reset bg=Reset mod=DIM
(26,29) fg=Reset bg=Reset mod=DIM
(27,29) fg=Reset bg=Reset mod=DIM
(28,29) fg=Reset bg=Reset mod=DIM
(31,29) fg=White bg=DarkGray mod=-
(32,29) fg=White bg=DarkGray mod=-
(33,29) fg=White bg=DarkGray mod=-
(34,29) fg=Reset bg=Reset mod=DIM
(35,29) fg=Reset bg=Reset mod=DIM
(36,29) fg=Reset bg=Reset mod=DIM
(37,29) fg=Reset bg=Reset mod=DIM
(38,29) fg=Reset bg=Reset mod=DIM
(41,29) fg=White bg=DarkGray mod=-
(42,29) fg=White bg=DarkGray mod=-
(43,29) fg=White bg=DarkGray mod=-
(44,29) fg=Reset bg=Reset mod=DIM
(45,29) fg=Reset bg=Reset mod=DIM
(46,29) fg=Reset bg=Reset mod=DIM
(47,29) fg=Reset bg=Reset mod=DIM
(48,29) fg=Reset bg=Reset mod=DIM
(49,29) fg=Reset bg=Reset mod=DIM
(50,29) fg=Reset bg=Reset mod=DIM
(51,29) fg=Reset bg=Reset mod=DIM
(52,29) fg=Reset bg=Reset mod=DIM
(55,29) fg=White bg=DarkGray mod=-
(56,29) fg=White bg=DarkGray mod=-
(57,29) fg=White bg=DarkGray mod=-
(58,29) fg=Reset bg=Reset mod=DIM
(59,29) fg=Reset bg=Reset mod=DIM
(60,29) fg=Reset bg=Reset mod=DIM
(61,29) fg=Reset bg=Reset mod=DIM
(62,29) fg=Reset bg=Reset mod=DIM
(63,29) fg=Reset bg=Reset mod=DIM
(92,29) fg=White bg=DarkGray mod=-
(93,29) fg=White bg=DarkGray mod=-
(94,29) fg=White bg=DarkGray mod=-
(95,29) fg=Reset bg=Reset mod=DIM
(96,29) fg=Reset bg=Reset mod=DIM
(97,29) fg=Reset bg=Reset mod=DIM
(98,29) fg=Reset bg=Reset mod=DIM
(99,29) fg=Reset bg=Reset mod=DIM
