╭──────────────────────────────────────────────────────────────────────────────────────────────────╮
│  purple       hosts      tunnels      containers      snippets      keys                         │
╰──────────────────────────────────────────────────────────────────────────────────────────────────╯
╭ Snippets (1) ────────────────────────────────────────────────────────────────────────────────────╮
│  NAME                    PARAMS  DESCRIPTION                                                     │
│ ──────────────────────────────────────────────────────────────────────────────────────────────── │
│ ▌deploy                  2       Pull and roll a service                                         │
│                                                                                                  │
│                                                                                                  │
│                                                                                                  │
│                                                                                                  │
│                                                                                                  │
│                                                                                                  │
│                                                                                                  │
│                                                                                                  │
│                                                                                                  │
│                                                                                                  │
│                                                                                                  │
│                                                                                                  │
│                                                                                                  │
│                                                                                                  │
│                                                                                                  │
│                                                                                                  │
│                                                                                                  │
│                                                                                                  │
│                                                                                                  │
│                                                                                                  │
╰──────────────────────────────────────────────────────────────────────────────────────────────────╯
 /  deploy_ (1 of 10)                                                                               
 Enter  run    /  search    a  add    e  edit    d  del    v  compact    :  jump             ?  more
---STYLES---
(0,0) fg=Reset bg=Reset mod=DIM
(1,0) fg=Reset bg=Reset mod=DIM
(2,0) fg=Reset bg=Reset mod=DIM
(3,0) fg=Reset bg=Reset mod=DIM
(4,0) fg=Reset bg=Reset mod=DIM
(5,0) fg=Reset bg=Reset mod=DIM
(6,0) fg=Reset bg=Reset mod=DIM
(7,0) fg=Reset bg=Reset mod=DIM
(8,0) fg=Reset bg=Reset mod=DIM
(9,0) fg=Reset bg=Reset mod=DIM
(10,0) fg=Reset bg=Reset mod=DIM
(11,0) fg=Reset bg=Reset mod=DIM
(12,0) fg=Reset bg=Reset mod=DIM
(13,0) fg=Reset bg=Reset mod=DIM
(14,0) fg=Reset bg=Reset mod=DIM
(15,0) fg=Reset bg=Reset mod=DIM
(16,0) fg=Reset bg=Reset mod=DIM
(17,0) fg=Reset bg=Reset mod=DIM
(18,0) fg=Reset bg=Reset mod=DIM
(19,0) fg=Reset bg=Reset mod=DIM
(20,0) fg=Reset bg=Reset mod=DIM
(21,0) fg=Reset bg=Reset mod=DIM
(22,0) fg=Reset bg=Reset mod=DIM
(23,0) fg=Reset bg=Reset mod=DIM
(24,0) fg=Reset bg=Reset mod=DIM
(25,0) fg=Reset bg=Reset mod=DIM
(26,0) fg=Reset bg=Reset mod=DIM
(27,0) fg=Reset bg=Reset mod=DIM
(28,0) fg=Reset bg=Reset mod=DIM
(29,0) fg=Reset bg=Reset mod=DIM
(30,0) fg=Reset bg=Reset mod=DIM
(31,0) fg=Reset bg=Reset mod=DIM
(32,0) fg=Reset bg=Reset mod=DIM
(33,0) fg=Reset bg=Reset mod=DIM
(34,0) fg=Reset bg=Reset mod=DIM
(35,0) fg=Reset bg=Reset mod=DIM
(36,0) fg=Reset bg=Reset mod=DIM
(37,0) fg=Reset bg=Reset mod=DIM
(38,0) fg=Reset bg=Reset mod=DIM
(39,0) fg=Reset bg=Reset mod=DIM
(40,0) fg=Reset bg=Reset mod=DIM
(41,0) fg=Reset bg=Reset mod=DIM
(42,0) fg=Reset bg=Reset mod=DIM
(43,0) fg=Reset bg=Reset mod=DIM
(44,0) fg=Reset bg=Reset mod=DIM
(45,0) fg=Reset bg=Reset mod=DIM
(46,0) fg=Reset bg=Reset mod=DIM
(47,0) fg=Reset bg=Reset mod=DIM
(48,0) fg=Reset bg=Reset mod=DIM
(49,0) fg=Reset bg=Reset mod=DIM
(50,0) fg=Reset bg=Reset mod=DIM
(51,0) fg=Reset bg=Reset mod=DIM
(52,0) fg=Reset bg=Reset mod=DIM
(53,0) fg=Reset bg=Reset mod=DIM
(54,0) fg=Reset bg=Reset mod=DIM
(55,0) fg=Reset bg=Reset mod=DIM
(56,0) fg=Reset bg=Reset mod=DIM
(57,0) fg=Reset bg=Reset mod=DIM
(58,0) fg=Reset bg=Reset mod=DIM
(59,0) fg=Reset bg=Reset mod=DIM
(60,0) fg=Reset bg=Reset mod=DIM
(61,0) fg=Reset bg=Reset mod=DIM
(62,0) fg=Reset bg=Reset mod=DIM
(63,0) fg=Reset bg=Reset mod=DIM
(64,0) fg=Reset bg=Reset mod=DIM
(65,0) fg=Reset bg=Reset mod=DIM
(66,0) fg=Reset bg=Reset mod=DIM
(67,0) fg=Reset bg=Reset mod=DIM
(68,0) fg=Reset bg=Reset mod=DIM
(69,0) fg=Reset bg=Reset mod=DIM
(70,0) fg=Reset bg=Reset mod=DIM
(71,0) fg=Reset bg=Reset mod=DIM
(72,0) fg=Reset bg=Reset mod=DIM
(73,0) fg=Reset bg=Reset mod=DIM
(74,0) fg=Reset bg=Reset mod=DIM
(75,0) fg=Reset bg=Reset mod=DIM
(76,0) fg=Reset bg=Reset mod=DIM
(77,0) fg=Reset bg=Reset mod=DIM
(78,0) fg=Reset bg=Reset mod=DIM
(79,0) fg=Reset bg=Reset mod=DIM
(80,0) fg=Reset bg=Reset mod=DIM
(81,0) fg=Reset bg=Reset mod=DIM
(82,0) fg=Reset bg=Reset mod=DIM
(83,0) fg=Reset bg=Reset mod=DIM
(84,0) fg=Reset bg=Reset mod=DIM
(85,0) fg=Reset bg=Reset mod=DIM
(86,0) fg=Reset bg=Reset mod=DIM
(87,0) fg=Reset bg=Reset mod=DIM
(88,0) fg=Reset bg=Reset mod=DIM
(89,0) fg=Reset bg=Reset mod=DIM
(90,0) fg=Reset bg=Reset mod=DIM
(91,0) fg=Reset bg=Reset mod=DIM
(92,0) fg=Reset bg=Reset mod=DIM
(93,0) fg=Reset bg=Reset mod=DIM
(94,0) fg=Reset bg=Reset mod=DIM
(95,0) fg=Reset bg=Reset mod=DIM
(96,0) fg=Reset bg=Reset mod=DIM
(97,0) fg=Reset bg=Reset mod=DIM
(98,0) fg=Reset bg=Reset mod=DIM
(99,0) fg=Reset bg=Reset mod=DIM
(0,1) fg=Reset bg=Reset mod=DIM
(2,1) fg=White bg=Magenta mod=BOLD
(3,1) fg=White bg=Magenta mod=BOLD
(4,1) fg=White bg=Magenta mod=BOLD
(5,1) fg=White bg=Magenta mod=BOLD
(6,1) fg=White bg=Magenta mod=BOLD
(7,1) fg=White bg=Magenta mod=BOLD
(8,1) fg=White bg=Magenta mod=BOLD
(9,1) fg=White bg=Magenta mod=BOLD
(16,1) fg=Reset bg=Reset mod=DIM
(17,1) fg=Reset bg=Reset mod=DIM
(18,1) fg=Reset bg=Reset mod=DIM
(19,1) fg=Reset bg=Reset mod=DIM
(20,1) fg=Reset bg=Reset mod=DIM
(27,1) fg=Reset bg=Reset mod=DIM
(28,1) fg=Reset bg=Reset mod=DIM
(29,1) fg=Reset bg=Reset mod=DIM
(30,1) fg=Reset bg=Reset mod=DIM
(31,1) fg=Reset bg=Reset mod=DIM
(32,1) fg=Reset bg=Reset mod=DIM
(33,1) fg=Reset bg=Reset mod=DIM
(40,1) fg=Reset bg=Reset mod=DIM
(41,1) fg=Reset bg=Reset mod=DIM
(42,1) fg=Reset bg=Reset mod=DIM
(43,1) fg=Reset bg=Reset mod=DIM
(44,1) fg=Reset bg=Reset mod=DIM
(45,1) fg=Reset bg=Reset mod=DIM
(46,1) fg=Reset bg=Reset mod=DIM
(47,1) fg=Reset bg=Reset mod=DIM
(48,1) fg=Reset bg=Reset mod=DIM
(49,1) fg=Reset bg=Reset mod=DIM
(56,1) fg=Reset bg=Reset mod=BOLD|UNDERLINED
(57,1) fg=Reset bg=Reset mod=BOLD|UNDERLINED
(58,1) fg=Reset bg=Reset mod=BOLD|UNDERLINED
(59,1) fg=Reset bg=Reset mod=BOLD|UNDERLINED
(60,1) fg=Reset bg=Reset mod=BOLD|UNDERLINED
(61,1) fg=Reset bg=Reset mod=BOLD|UNDERLINED
(62,1) fg=Reset bg=Reset mod=BOLD|UNDERLINED
(63,1) fg=Reset bg=Reset mod=BOLD|UNDERLINED
(70,1) fg=Reset bg=Reset mod=DIM
(71,1) fg=Reset bg=Reset mod=DIM
(72,1) fg=Reset bg=Reset mod=DIM
(73,1) fg=Reset bg=Reset mod=DIM
(99,1) fg=Reset bg=Reset mod=DIM
(0,2) fg=Reset bg=Reset mod=DIM
(1,2) fg=Reset bg=Reset mod=DIM
(2,2) fg=Reset bg=Reset mod=DIM
(3,2) fg=Reset bg=Reset mod=DIM
(4,2) fg=Reset bg=Reset mod=DIM
(5,2) fg=Reset bg=Reset mod=DIM
(6,2) fg=Reset bg=Reset mod=DIM
(7,2) fg=Reset bg=Reset mod=DIM
(8,2) fg=Reset bg=Reset mod=DIM
(9,2) fg=Reset bg=Reset mod=DIM
(10,2) fg=Reset bg=Reset mod=DIM
(11,2) fg=Reset bg=Reset mod=DIM
(12,2) fg=Reset bg=Reset mod=DIM
(13,2) fg=Reset bg=Reset mod=DIM
(14,2) fg=Reset bg=Reset mod=DIM
(15,2) fg=Reset bg=Reset mod=DIM
(16,2) fg=Reset bg=Reset mod=DIM
(17,2) fg=Reset bg=Reset mod=DIM
(18,2) fg=Reset bg=Reset mod=DIM
(19,2) fg=Reset bg=Reset mod=DIM
(20,2) fg=Reset bg=Reset mod=DIM
(21,2) fg=Reset bg=Reset mod=DIM
(22,2) fg=Reset bg=Reset mod=DIM
(23,2) fg=Reset bg=Reset mod=DIM
(24,2) fg=Reset bg=Reset mod=DIM
(25,2) fg=Reset bg=Reset mod=DIM
(26,2) fg=Reset bg=Reset mod=DIM
(27,2) fg=Reset bg=Reset mod=DIM
(28,2) fg=Reset bg=Reset mod=DIM
(29,2) fg=Reset bg=Reset mod=DIM
(30,2) fg=Reset bg=Reset mod=DIM
(31,2) fg=Reset bg=Reset mod=DIM
(32,2) fg=Reset bg=Reset mod=DIM
(33,2) fg=Reset bg=Reset mod=DIM
(34,2) fg=Reset bg=Reset mod=DIM
(35,2) fg=Reset bg=Reset mod=DIM
(36,2) fg=Reset bg=Reset mod=DIM
(37,2) fg=Reset bg=Reset mod=DIM
(38,2) fg=Reset bg=Reset mod=DIM
(39,2) fg=Reset bg=Reset mod=DIM
(40,2) fg=Reset bg=Reset mod=DIM
(41,2) fg=Reset bg=Reset mod=DIM
(42,2) fg=Reset bg=Reset mod=DIM
(43,2) fg=Reset bg=Reset mod=DIM
(44,2) fg=Reset bg=Reset mod=DIM
(45,2) fg=Reset bg=Reset mod=DIM
(46,2) fg=Reset bg=Reset mod=DIM
(47,2) fg=Reset bg=Reset mod=DIM
(48,2) fg=Reset bg=Reset mod=DIM
(49,2) fg=Reset bg=Reset mod=DIM
(50,2) fg=Reset bg=Reset mod=DIM
(51,2) fg=Reset bg=Reset mod=DIM
(52,2) fg=Reset bg=Reset mod=DIM
(53,2) fg=Reset bg=Reset mod=DIM
(54,2) fg=Reset bg=Reset mod=DIM
(55,2) fg=Reset bg=Reset mod=DIM
(56,2) fg=Reset bg=Reset mod=DIM
(57,2) fg=Reset bg=Reset mod=DIM
(58,2) fg=Reset bg=Reset mod=DIM
(59,2) fg=Reset bg=Reset mod=DIM
(60,2) fg=Reset bg=Reset mod=DIM
(61,2) fg=Reset bg=Reset mod=DIM
(62,2) fg=Reset bg=Reset mod=DIM
(63,2) fg=Reset bg=Reset mod=DIM
(64,2) fg=Reset bg=Reset mod=DIM
(65,2) fg=Reset bg=Reset mod=DIM
(66,2) fg=Reset bg=Reset mod=DIM
(67,2) fg=Reset bg=Reset mod=DIM
(68,2) fg=Reset bg=Reset mod=DIM
(69,2) fg=Reset bg=Reset mod=DIM
(70,2) fg=Reset bg=Reset mod=DIM
(71,2) fg=Reset bg=Reset mod=DIM
(72,2) fg=Reset bg=Reset mod=DIM
(73,2) fg=Reset bg=Reset mod=DIM
(74,2) fg=Reset bg=Reset mod=DIM
(75,2) fg=Reset bg=Reset mod=DIM
(76,2) fg=Reset bg=Reset mod=DIM
(77,2) fg=Reset bg=Reset mod=DIM
(78,2) fg=Reset bg=Reset mod=DIM
(79,2) fg=Reset bg=Reset mod=DIM
(80,2) fg=Reset bg=Reset mod=DIM
(81,2) fg=Reset bg=Reset mod=DIM
(82,2) fg=Reset bg=Reset mod=DIM
(83,2) fg=Reset bg=Reset mod=DIM
(84,2) fg=Reset bg=Reset mod=DIM
(85,2) fg=Reset bg=Reset mod=DIM
(86,2) fg=Reset bg=Reset mod=DIM
(87,2) fg=Reset bg=Reset mod=DIM
(88,2) fg=Reset bg=Reset mod=DIM
(89,2) fg=Reset bg=Reset mod=DIM
(90,2) fg=Reset bg=Reset mod=DIM
(91,2) fg=Reset bg=Reset mod=DIM
(92,2) fg=Reset bg=Reset mod=DIM
(93,2) fg=Reset bg=Reset mod=DIM
(94,2) fg=Reset bg=Reset mod=DIM
(95,2) fg=Reset bg=Reset mod=DIM
(96,2) fg=Reset bg=Reset mod=DIM
(97,2) fg=Reset bg=Reset mod=DIM
(98,2) fg=Reset bg=Reset mod=DIM
(99,2) fg=Reset bg=Reset mod=DIM
(0,3) fg=Magenta bg=Reset mod=-
(1,3) fg=Magenta bg=Reset mod=BOLD
(2,3) fg=Magenta bg=Reset mod=BOLD
(3,3) fg=Magenta bg=Reset mod=BOLD
(4,3) fg=Magenta bg=Reset mod=BOLD
(5,3) fg=Magenta bg=Reset mod=BOLD
(6,3) fg=Magenta bg=Reset mod=BOLD
(7,3) fg=Magenta bg=Reset mod=BOLD
(8,3) fg=Magenta bg=Reset mod=BOLD
(9,3) fg=Magenta bg=Reset mod=BOLD
(10,3) fg=Magenta bg=Reset mod=BOLD
(11,3) fg=Magenta bg=Reset mod=BOLD
(12,3) fg=Magenta bg=Reset mod=BOLD
(13,3) fg=Magenta bg=Reset mod=BOLD
(14,3) fg=Magenta bg=Reset mod=BOLD
(15,3) fg=Magenta bg=Reset mod=-
(16,3) fg=Magenta bg=Reset mod=-
(17,3) fg=Magenta bg=Reset mod=-
(18,3) fg=Magenta bg=Reset mod=-
(19,3) fg=Magenta bg=Reset mod=-
(20,3) fg=Magenta bg=Reset mod=-
(21,3) fg=Magenta bg=Reset mod=-
(22,3) fg=Magenta bg=Reset mod=-
(23,3) fg=Magenta bg=Reset mod=-
(24,3) fg=Magenta bg=Reset mod=-
(25,3) fg=Magenta bg=Reset mod=-
(26,3) fg=Magenta bg=Reset mod=-
(27,3) fg=Magenta bg=Reset mod=-
(28,3) fg=Magenta bg=Reset mod=-
(29,3) fg=Magenta bg=Reset mod=-
(30,3) fg=Magenta bg=Reset mod=-
(31,3) fg=Magenta bg=Reset mod=-
(32,3) fg=Magenta bg=Reset mod=-
(33,3) fg=Magenta bg=Reset mod=-
(34,3) fg=Magenta bg=Reset mod=-
(35,3) fg=Magenta bg=Reset mod=-
(36,3) fg=Magenta bg=Reset mod=-
(37,3) fg=Magenta bg=Reset mod=-
(38,3) fg=Magenta bg=Reset mod=-
(39,3) fg=Magenta bg=Reset mod=-
(40,3) fg=Magenta bg=Reset mod=-
(41,3) fg=Magenta bg=Reset mod=-
(42,3) fg=Magenta bg=Reset mod=-
(43,3) fg=Magenta bg=Reset mod=-
(44,3) fg=Magenta bg=Reset mod=-
(45,3) fg=Magenta bg=Reset mod=-
(46,3) fg=Magenta bg=Reset mod=-
(47,3) fg=Magenta bg=Reset mod=-
(48,3) fg=Magenta bg=Reset mod=-
(49,3) fg=Magenta bg=Reset mod=-
(50,3) fg=Magenta bg=Reset mod=-
(51,3) fg=Magenta bg=Reset mod=-
(52,3) fg=Magenta bg=Reset mod=-
(53,3) fg=Magenta bg=Reset mod=-
(54,3) fg=Magenta bg=Reset mod=-
(55,3) fg=Magenta bg=Reset mod=-
(56,3) fg=Magenta bg=Reset mod=-
(57,3) fg=Magenta bg=Reset mod=-
(58,3) fg=Magenta bg=Reset mod=-
(59,3) fg=Magenta bg=Reset mod=-
(60,3) fg=Magenta bg=Reset mod=-
(61,3) fg=Magenta bg=Reset mod=-
(62,3) fg=Magenta bg=Reset mod=-
(63,3) fg=Magenta bg=Reset mod=-
(64,3) fg=Magenta bg=Reset mod=-
(65,3) fg=Magenta bg=Reset mod=-
(66,3) fg=Magenta bg=Reset mod=-
(67,3) fg=Magenta bg=Reset mod=-
(68,3) fg=Magenta bg=Reset mod=-
(69,3) fg=Magenta bg=Reset mod=-
(70,3) fg=Magenta bg=Reset mod=-
(71,3) fg=Magenta bg=Reset mod=-
(72,3) fg=Magenta bg=Reset mod=-
(73,3) fg=Magenta bg=Reset mod=-
(74,3) fg=Magenta bg=Reset mod=-
(75,3) fg=Magenta bg=Reset mod=-
(76,3) fg=Magenta bg=Reset mod=-
(77,3) fg=Magenta bg=Reset mod=-
(78,3) fg=Magenta bg=Reset mod=-
(79,3) fg=Magenta bg=Reset mod=-
(80,3) fg=Magenta bg=Reset mod=-
(81,3) fg=Magenta bg=Reset mod=-
(82,3) fg=Magenta bg=Reset mod=-
(83,3) fg=Magenta bg=Reset mod=-
(84,3) fg=Magenta bg=Reset mod=-
(85,3) fg=Magenta bg=Reset mod=-
(86,3) fg=Magenta bg=Reset mod=-
(87,3) fg=Magenta bg=Reset mod=-
(88,3) fg=Magenta bg=Reset mod=-
(89,3) fg=Magenta bg=Reset mod=-
(90,3) fg=Magenta bg=Reset mod=-
(91,3) fg=Magenta bg=Reset mod=-
(92,3) fg=Magenta bg=Reset mod=-
(93,3) fg=Magenta bg=Reset mod=-
(94,3) fg=Magenta bg=Reset mod=-
(95,3) fg=Magenta bg=Reset mod=-
(96,3) fg=Magenta bg=Reset mod=-
(97,3) fg=Magenta bg=Reset mod=-
(98,3) fg=Magenta bg=Reset mod=-
(99,3) fg=Magenta bg=Reset mod=-
(0,4) fg=Magenta bg=Reset mod=-
(2,4) fg=Reset bg=Reset mod=BOLD
(3,4) fg=Reset bg=Reset mod=BOLD
(4,4) fg=Reset bg=Reset mod=BOLD
(5,4) fg=Reset bg=Reset mod=BOLD
(6,4) fg=Reset bg=Reset mod=BOLD
(7,4) fg=Reset bg=Reset mod=BOLD
(8,4) fg=Reset bg=Reset mod=BOLD
(9,4) fg=Reset bg=Reset mod=BOLD
(10,4) fg=Reset bg=Reset mod=BOLD
(11,4) fg=Reset bg=Reset mod=BOLD
(12,4) fg=Reset bg=Reset mod=BOLD
(13,4) fg=Reset bg=Reset mod=BOLD
(14,4) fg=Reset bg=Reset mod=BOLD
(15,4) fg=Reset bg=Reset mod=BOLD
(16,4) fg=Reset bg=Reset mod=BOLD
(17,4) fg=Reset bg=Reset mod=BOLD
(18,4) fg=Reset bg=Reset mod=BOLD
(19,4) fg=Reset bg=Reset mod=BOLD
(20,4) fg=Reset bg=Reset mod=BOLD
(21,4) fg=Reset bg=Reset mod=BOLD
(22,4) fg=Reset bg=Reset mod=BOLD
(23,4) fg=Reset bg=Reset mod=BOLD
(24,4) fg=Reset bg=Reset mod=BOLD
(25,4) fg=Reset bg=Reset mod=BOLD
(26,4) fg=Reset bg=Reset mod=BOLD
(27,4) fg=Reset bg=Reset mod=BOLD
(28,4) fg=Reset bg=Reset mod=BOLD
(29,4) fg=Reset bg=Reset mod=BOLD
(30,4) fg=Reset bg=Reset mod=BOLD
(31,4) fg=Reset bg=Reset mod=BOLD
(32,4) fg=Reset bg=Reset mod=BOLD
(33,4) fg=Reset bg=Reset mod=BOLD
(34,4) fg=Reset bg=Reset mod=BOLD
(35,4) fg=Reset bg=Reset mod=BOLD
(36,4) fg=Reset bg=Reset mod=BOLD
(37,4) fg=Reset bg=Reset mod=BOLD
(38,4) fg=Reset bg=Reset mod=BOLD
(39,4) fg=Reset bg=Reset mod=BOLD
(40,4) fg=Reset bg=Reset mod=BOLD
(41,4) fg=Reset bg=Reset mod=BOLD
(42,4) fg=Reset bg=Reset mod=BOLD
(43,4) fg=Reset bg=Reset mod=BOLD
(44,4) fg=Reset bg=Reset mod=BOLD
(45,4) fg=Reset bg=Reset mod=BOLD
(99,4) fg=Magenta bg=Reset mod=-
(0,5) fg=Magenta bg=Reset mod=-
(2,5) fg=Reset bg=Reset mod=DIM
(3,5) fg=Reset bg=Reset mod=DIM
(4,5) fg=Reset bg=Reset mod=DIM
(5,5) fg=Reset bg=Reset mod=DIM
(6,5) fg=Reset bg=Reset mod=DIM
(7,5) fg=Reset bg=Reset mod=DIM
(8,5) fg=Reset bg=Reset mod=DIM
(9,5) fg=Reset bg=Reset mod=DIM
(10,5) fg=Reset bg=Reset mod=DIM
(11,5) fg=Reset bg=Reset mod=DIM
(12,5) fg=Reset bg=Reset mod=DIM
(13,5) fg=Reset bg=Reset mod=DIM
(14,5) fg=Reset bg=Reset mod=DIM
(15,5) fg=Reset bg=Reset mod=DIM
(16,5) fg=Reset bg=Reset mod=DIM
(17,5) fg=Reset bg=Reset mod=DIM
(18,5) fg=Reset bg=Reset mod=DIM
(19,5) fg=Reset bg=Reset mod=DIM
(20,5) fg=Reset bg=Reset mod=DIM
(21,5) fg=Reset bg=Reset mod=DIM
(22,5) fg=Reset bg=Reset mod=DIM
(23,5) fg=Reset bg=Reset mod=DIM
(24,5) fg=Reset bg=Reset mod=DIM
(25,5) fg=Reset bg=Reset mod=DIM
(26,5) fg=Reset bg=Reset mod=DIM
(27,5) fg=Reset bg=Reset mod=DIM
(28,5) fg=Reset bg=Reset mod=DIM
(29,5) fg=Reset bg=Reset mod=DIM
(30,5) fg=Reset bg=Reset mod=DIM
(31,5) fg=Reset bg=Reset mod=DIM
(32,5) fg=Reset bg=Reset mod=DIM
(33,5) fg=Reset bg=Reset mod=DIM
(34,5) fg=Reset bg=Reset mod=DIM
(35,5) fg=Reset bg=Reset mod=DIM
(36,5) fg=Reset bg=Reset mod=DIM
(37,5) fg=Reset bg=Reset mod=DIM
(38,5) fg=Reset bg=Reset mod=DIM
(39,5) fg=Reset bg=Reset mod=DIM
(40,5) fg=Reset bg=Reset mod=DIM
(41,5) fg=Reset bg=Reset mod=DIM
(42,5) fg=Reset bg=Reset mod=DIM
(43,5) fg=Reset bg=Reset mod=DIM
(44,5) fg=Reset bg=Reset mod=DIM
(45,5) fg=Reset bg=Reset mod=DIM
(46,5) fg=Reset bg=Reset mod=DIM
(47,5) fg=Reset bg=Reset mod=DIM
(48,5) fg=Reset bg=Reset mod=DIM
(49,5) fg=Reset bg=Reset mod=DIM
(50,5) fg=Reset bg=Reset mod=DIM
(51,5) fg=Reset bg=Reset mod=DIM
(52,5) fg=Reset bg=Reset mod=DIM
(53,5) fg=Reset bg=Reset mod=DIM
(54,5) fg=Reset bg=Reset mod=DIM
(55,5) fg=Reset bg=Reset mod=DIM
(56,5) fg=Reset bg=Reset mod=DIM
(57,5) fg=Reset bg=Reset mod=DIM
(58,5) fg=Reset bg=Reset mod=DIM
(59,5) fg=Reset bg=Reset mod=DIM
(60,5) fg=Reset bg=Reset mod=DIM
(61,5) fg=Reset bg=Reset mod=DIM
(62,5) fg=Reset bg=Reset mod=DIM
(63,5) fg=Reset bg=Reset mod=DIM
(64,5) fg=Reset bg=Reset mod=DIM
(65,5) fg=Reset bg=Reset mod=DIM
(66,5) fg=Reset bg=Reset mod=DIM
(67,5) fg=Reset bg=Reset mod=DIM
(68,5) fg=Reset bg=Reset mod=DIM
(69,5) fg=Reset bg=Reset mod=DIM
(70,5) fg=Reset bg=Reset mod=DIM
(71,5) fg=Reset bg=Reset mod=DIM
(72,5) fg=Reset bg=Reset mod=DIM
(73,5) fg=Reset bg=Reset mod=DIM
(74,5) fg=Reset bg=Reset mod=DIM
(75,5) fg=Reset bg=Reset mod=DIM
(76,5) fg=Reset bg=Reset mod=DIM
(77,5) fg=Reset bg=Reset mod=DIM
(78,5) fg=Reset bg=Reset mod=DIM
(79,5) fg=Reset bg=Reset mod=DIM
(80,5) fg=Reset bg=Reset mod=DIM
(81,5) fg=Reset bg=Reset mod=DIM
(82,5) fg=Reset bg=Reset mod=DIM
(83,5) fg=Reset bg=Reset mod=DIM
(84,5) fg=Reset bg=Reset mod=DIM
(85,5) fg=Reset bg=Reset mod=DIM
(86,5) fg=Reset bg=Reset mod=DIM
(87,5) fg=Reset bg=Reset mod=DIM
(88,5) fg=Reset bg=Reset mod=DIM
(89,5) fg=Reset bg=Reset mod=DIM
(90,5) fg=Reset bg=Reset mod=DIM
(91,5) fg=Reset bg=Reset mod=DIM
(92,5) fg=Reset bg=Reset mod=DIM
(93,5) fg=Reset bg=Reset mod=DIM
(94,5) fg=Reset bg=Reset mod=DIM
(95,5) fg=Reset bg=Reset mod=DIM
(96,5) fg=Reset bg=Reset mod=DIM
(97,5) fg=Reset bg=Reset mod=DIM
(99,5) fg=Magenta bg=Reset mod=-
(0,6) fg=Magenta bg=Reset mod=-
(2,6) fg=White bg=Magenta mod=BOLD
(3,6) fg=White bg=Magenta mod=BOLD
(4,6) fg=White bg=Magenta mod=BOLD
(5,6) fg=White bg=Magenta mod=BOLD
(6,6) fg=White bg=Magenta mod=BOLD
(7,6) fg=White bg=Magenta mod=BOLD
(8,6) fg=White bg=Magenta mod=BOLD
(9,6) fg=White bg=Magenta mod=BOLD
(10,6) fg=White bg=Magenta mod=BOLD
(11,6) fg=White bg=Magenta mod=BOLD
(12,6) fg=White bg=Magenta mod=BOLD
(13,6) fg=White bg=Magenta mod=BOLD
(14,6) fg=White bg=Magenta mod=BOLD
(15,6) fg=White bg=Magenta mod=BOLD
(16,6) fg=White bg=Magenta mod=BOLD
(17,6) fg=White bg=Magenta mod=BOLD
(18,6) fg=White bg=Magenta mod=BOLD
(19,6) fg=White bg=Magenta mod=BOLD
(20,6) fg=White bg=Magenta mod=BOLD
(21,6) fg=White bg=Magenta mod=BOLD
(22,6) fg=White bg=Magenta mod=BOLD
(23,6) fg=White bg=Magenta mod=BOLD
(24,6) fg=White bg=Magenta mod=BOLD
(25,6) fg=White bg=Magenta mod=BOLD
(26,6) fg=White bg=Magenta mod=BOLD
(27,6) fg=White bg=Magenta mod=BOLD
(28,6) fg=White bg=Magenta mod=BOLD
(29,6) fg=White bg=Magenta mod=BOLD
(30,6) fg=White bg=Magenta mod=BOLD
(31,6) fg=White bg=Magenta mod=BOLD
(32,6) fg=White bg=Magenta mod=BOLD
(33,6) fg=White bg=Magenta mod=BOLD
(34,6) fg=White bg=Magenta mod=BOLD
(35,6) fg=White bg=Magenta mod=BOLD
(36,6) fg=White bg=Magenta mod=BOLD
(37,6) fg=White bg=Magenta mod=BOLD
(38,6) fg=White bg=Magenta mod=BOLD
(39,6) fg=White bg=Magenta mod=BOLD
(40,6) fg=White bg=Magenta mod=BOLD
(41,6) fg=White bg=Magenta mod=BOLD
(42,6) fg=White bg=Magenta mod=BOLD
(43,6) fg=White bg=Magenta mod=BOLD
(44,6) fg=White bg=Magenta mod=BOLD
(45,6) fg=White bg=Magenta mod=BOLD
(46,6) fg=White bg=Magenta mod=BOLD
(47,6) fg=White bg=Magenta mod=BOLD
(48,6) fg=White bg=Magenta mod=BOLD
(49,6) fg=White bg=Magenta mod=BOLD
(50,6) fg=White bg=Magenta mod=BOLD
(51,6) fg=White bg=Magenta mod=BOLD
(52,6) fg=White bg=Magenta mod=BOLD
(53,6) fg=White bg=Magenta mod=BOLD
(54,6) fg=White bg=Magenta mod=BOLD
(55,6) fg=White bg=Magenta mod=BOLD
(56,6) fg=White bg=Magenta mod=BOLD
(57,6) fg=White bg=Magenta mod=BOLD
(58,6) fg=White bg=Magenta mod=BOLD
(59,6) fg=White bg=Magenta mod=BOLD
(60,6) fg=White bg=Magenta mod=BOLD
(61,6) fg=White bg=Magenta mod=BOLD
(62,6) fg=White bg=Magenta mod=BOLD
(63,6) fg=White bg=Magenta mod=BOLD
(64,6) fg=White bg=Magenta mod=BOLD
(65,6) fg=White bg=Magenta mod=BOLD
(66,6) fg=White bg=Magenta mod=BOLD
(67,6) fg=White bg=Magenta mod=BOLD
(68,6) fg=White bg=Magenta mod=BOLD
(69,6) fg=White bg=Magenta mod=BOLD
(70,6) fg=White bg=Magenta mod=BOLD
(71,6) fg=White bg=Magenta mod=BOLD
(72,6) fg=White bg=Magenta mod=BOLD
(73,6) fg=White bg=Magenta mod=BOLD
(74,6) fg=White bg=Magenta mod=BOLD
(75,6) fg=White bg=Magenta mod=BOLD
(76,6) fg=White bg=Magenta mod=BOLD
(77,6) fg=White bg=Magenta mod=BOLD
(78,6) fg=White bg=Magenta mod=BOLD
(79,6) fg=White bg=Magenta mod=BOLD
(80,6) fg=White bg=Magenta mod=BOLD
(81,6) fg=White bg=Magenta mod=BOLD
(82,6) fg=White bg=Magenta mod=BOLD
(83,6) fg=White bg=Magenta mod=BOLD
(84,6) fg=White bg=Magenta mod=BOLD
(85,6) fg=White bg=Magenta mod=BOLD
(86,6) fg=White bg=Magenta mod=BOLD
(87,6) fg=White bg=Magenta mod=BOLD
(88,6) fg=White bg=Magenta mod=BOLD
(89,6) fg=White bg=Magenta mod=BOLD
(90,6) fg=White bg=Magenta mod=BOLD
(91,6) fg=White bg=Magenta mod=BOLD
(92,6) fg=White bg=Magenta mod=BOLD
(93,6) fg=White bg=Magenta mod=BOLD
(94,6) fg=White bg=Magenta mod=BOLD
(95,6) fg=White bg=Magenta mod=BOLD
(96,6) fg=White bg=Magenta mod=BOLD
(97,6) fg=White bg=Magenta mod=BOLD
(99,6) fg=Magenta bg=Reset mod=-
(0,7) fg=Magenta bg=Reset mod=-
(99,7) fg=Magenta bg=Reset mod=-
(0,8) fg=Magenta bg=Reset mod=-
(99,8) fg=Magenta bg=Reset mod=-
(0,9) fg=Magenta bg=Reset mod=-
(99,9) fg=Magenta bg=Reset mod=-
(0,10) fg=Magenta bg=Reset mod=-
(99,10) fg=Magenta bg=Reset mod=-
(0,11) fg=Magenta bg=Reset mod=-
(99,11) fg=Magenta bg=Reset mod=-
(0,12) fg=Magenta bg=Reset mod=-
(99,12) fg=Magenta bg=Reset mod=-
(0,13) fg=Magenta bg=Reset mod=-
(99,13) fg=Magenta bg=Reset mod=-
(0,14) fg=Magenta bg=Reset mod=-
(99,14) fg=Magenta bg=Reset mod=-
(0,15) fg=Magenta bg=Reset mod=-
(99,15) fg=Magenta bg=Reset mod=-
(0,16) fg=Magenta bg=Reset mod=-
(99,16) fg=Magenta bg=Reset mod=-
(0,17) fg=Magenta bg=Reset mod=-
(99,17) fg=Magenta bg=Reset mod=-
(0,18) fg=Magenta bg=Reset mod=-
(99,18) fg=Magenta bg=Reset mod=-
(0,19) fg=Magenta bg=Reset mod=-
(99,19) fg=Magenta bg=Reset mod=-
(0,20) fg=Magenta bg=Reset mod=-
(99,20) fg=Magenta bg=Reset mod=-
(0,21) fg=Magenta bg=Reset mod=-
(99,21) fg=Magenta bg=Reset mod=-
(0,22) fg=Magenta bg=Reset mod=-
(99,22) fg=Magenta bg=Reset mod=-
(0,23) fg=Magenta bg=Reset mod=-
(99,23) fg=Magenta bg=Reset mod=-
(0,24) fg=Magenta bg=Reset mod=-
(99,24) fg=Magenta bg=Reset mod=-
(0,25) fg=Magenta bg=Reset mod=-
(99,25) fg=Magenta bg=Reset mod=-
(0,26) fg=Magenta bg=Reset mod=-
(99,26) fg=Magenta bg=Reset mod=-
(0,27) fg=Magenta bg=Reset mod=-
(1,27) fg=Magenta bg=Reset mod=-
(2,27) fg=Magenta bg=Reset mod=-
(3,27) fg=Magenta bg=Reset mod=-
(4,27) fg=Magenta bg=Reset mod=-
(5,27) fg=Magenta bg=Reset mod=-
(6,27) fg=Magenta bg=Reset mod=-
(7,27) fg=Magenta bg=Reset mod=-
(8,27) fg=Magenta bg=Reset mod=-
(9,27) fg=Magenta bg=Reset mod=-
(10,27) fg=Magenta bg=Reset mod=-
(11,27) fg=Magenta bg=Reset mod=-
(12,27) fg=Magenta bg=Reset mod=-
(13,27) fg=Magenta bg=Reset mod=-
(14,27) fg=Magenta bg=Reset mod=-
(15,27) fg=Magenta bg=Reset mod=-
(16,27) fg=Magenta bg=Reset mod=-
(17,27) fg=Magenta bg=Reset mod=-
(18,27) fg=Magenta bg=Reset mod=-
(19,27) fg=Magenta bg=Reset mod=-
(20,27) fg=Magenta bg=Reset mod=-
(21,27) fg=Magenta bg=Reset mod=-
(22,27) fg=Magenta bg=Reset mod=-
(23,27) fg=Magenta bg=Reset mod=-
(24,27) fg=Magenta bg=Reset mod=-
(25,27) fg=Magenta bg=Reset mod=-
(26,27) fg=Magenta bg=Reset mod=-
(27,27) fg=Magenta bg=Reset mod=-
(28,27) fg=Magenta bg=Reset mod=-
(29,27) fg=Magenta bg=Reset mod=-
(30,27) fg=Magenta bg=Reset mod=-
(31,27) fg=Magenta bg=Reset mod=-
(32,27) fg=Magenta bg=Reset mod=-
(33,27) fg=Magenta bg=Reset mod=-
(34,27) fg=Magenta bg=Reset mod=-
(35,27) fg=Magenta bg=Reset mod=-
(36,27) fg=Magenta bg=Reset mod=-
(37,27) fg=Magenta bg=Reset mod=-
(38,27) fg=Magenta bg=Reset mod=-
(39,27) fg=Magenta bg=Reset mod=-
(40,27) fg=Magenta bg=Reset mod=-
(41,27) fg=Magenta bg=Reset mod=-
(42,27) fg=Magenta bg=Reset mod=-
(43,27) fg=Magenta bg=Reset mod=-
(44,27) fg=Magenta bg=Reset mod=-
(45,27) fg=Magenta bg=Reset mod=-
(46,27) fg=Magenta bg=Reset mod=-
(47,27) fg=Magenta bg=Reset mod=-
(48,27) fg=Magenta bg=Reset mod=-
(49,27) fg=Magenta bg=Reset mod=-
(50,27) fg=Magenta bg=Reset mod=-
(51,27) fg=Magenta bg=Reset mod=-
(52,27) fg=Magenta bg=Reset mod=-
(53,27) fg=Magenta bg=Reset mod=-
(54,27) fg=Magenta bg=Reset mod=-
(55,27) fg=Magenta bg=Reset mod=-
(56,27) fg=Magenta bg=Reset mod=-
(57,27) fg=Magenta bg=Reset mod=-
(58,27) fg=Magenta bg=Reset mod=-
(59,27) fg=Magenta bg=Reset mod=-
(60,27) fg=Magenta bg=Reset mod=-
(61,27) fg=Magenta bg=Reset mod=-
(62,27) fg=Magenta bg=Reset mod=-
(63,27) fg=Magenta bg=Reset mod=-
(64,27) fg=Magenta bg=Reset mod=-
(65,27) fg=Magenta bg=Reset mod=-
(66,27) fg=Magenta bg=Reset mod=-
(67,27) fg=Magenta bg=Reset mod=-
(68,27) fg=Magenta bg=Reset mod=-
(69,27) fg=Magenta bg=Reset mod=-
(70,27) fg=Magenta bg=Reset mod=-
(71,27) fg=Magenta bg=Reset mod=-
(72,27) fg=Magenta bg=Reset mod=-
(73,27) fg=Magenta bg=Reset mod=-
(74,27) fg=Magenta bg=Reset mod=-
(75,27) fg=Magenta bg=Reset mod=-
(76,27) fg=Magenta bg=Reset mod=-
(77,27) fg=Magenta bg=Reset mod=-
(78,27) fg=Magenta bg=Reset mod=-
(79,27) fg=Magenta bg=Reset mod=-
(80,27) fg=Magenta bg=Reset mod=-
(81,27) fg=Magenta bg=Reset mod=-
(82,27) fg=Magenta bg=Reset mod=-
(83,27) fg=Magenta bg=Reset mod=-
(84,27) fg=Magenta bg=Reset mod=-
(85,27) fg=Magenta bg=Reset mod=-
(86,27) fg=Magenta bg=Reset mod=-
(87,27) fg=Magenta bg=Reset mod=-
(88,27) fg=Magenta bg=Reset mod=-
(89,27) fg=Magenta bg=Reset mod=-
(90,27) fg=Magenta bg=Reset mod=-
(91,27) fg=Magenta bg=Reset mod=-
(92,27) fg=Magenta bg=Reset mod=-
(93,27) fg=Magenta bg=Reset mod=-
(94,27) fg=Magenta bg=Reset mod=-
(95,27) fg=Magenta bg=Reset mod=-
(96,27) fg=Magenta bg=Reset mod=-
(97,27) fg=Magenta bg=Reset mod=-
(98,27) fg=Magenta bg=Reset mod=-
(99,27) fg=Magenta bg=Reset mod=-
(0,28) fg=White bg=Magenta mod=BOLD
(1,28) fg=White bg=Magenta mod=BOLD
(2,28) fg=White bg=Magenta mod=BOLD
(10,28) fg=Magenta bg=Reset mod=-
(11,28) fg=Reset bg=Reset mod=DIM
(12,28) fg=Reset bg=Reset mod=DIM
(13,28) fg=Reset bg=Reset mod=DIM
(14,28) fg=Reset bg=Reset mod=DIM
(15,28) fg=Reset bg=Reset mod=DIM
(16,28) fg=Reset bg=Reset mod=DIM
(17,28) fg=Reset bg=Reset mod=DIM
(18,28) fg=Reset bg=Reset mod=DIM
(19,28) fg=Reset bg=Reset mod=DIM
(20,28) fg=Reset bg=Reset mod=DIM
(0,29) fg=White bg=DarkGray mod=-
(1,29) fg=White bg=DarkGray mod=-
(2,29) fg=White bg=DarkGray mod=-
(3,29) fg=White bg=DarkGray mod=-
(4,29) fg=White bg=DarkGray mod=-
(5,29) fg=White bg=DarkGray mod=-
(6,29) fg=White bg=DarkGray mod=-
(7,29) fg=Reset bg=Reset mod=DIM
(8,29) fg=Reset bg=Reset mod=DIM
(9,29) fg=Reset bg=Reset mod=DIM
(10,29) fg=Reset bg=Reset mod=DIM
(11,29) fg=Reset bg=Reset mod=DIM
(14,29) fg=White bg=DarkGray mod=-
(15,29) fg=White bg=DarkGray mod=-
(16,29) fg=White bg=DarkGray mod=-
(17,29) fg=Reset bg=Reset mod=DIM
(18,29) fg=Reset bg=Reset mod=DIM
(19,29) fg=Reset bg=Reset mod=DIM
(20,29) fg=Reset bg=Reset mod=DIM
(21,29) fg=Reset bg=Reset mod=DIM
(22,29) fg=Reset bg=Reset mod=DIM
(23,29) fg=Reset bg=Reset mod=DIM
(24,29) fg=Reset bg=Reset mod=DIM
(27,29) fg=White bg=DarkGray mod=-
(28,29) fg=White bg=DarkGray mod=-
(29,29) fg=White bg=DarkGray mod=-
(30,29) fg=Reset bg=Reset mod=DIM
(31,29) fg=Reset bg=Reset mod=DIM
(32,29) fg=Reset bg=Reset mod=DIM
(33,29) fg=Reset bg=Reset mod=DIM
(34,29) fg=Reset bg=Reset mod=DIM
(37,29) fg=White bg=DarkGray mod=-
(38,29) fg=White bg=DarkGray mod=-
(39,29) fg=White bg=DarkGray mod=-
(40,29) fg=Reset bg=Reset mod=DIM
(41,29) fg=Reset bg=Reset mod=DIM
(42,29) fg=Reset bg=Reset mod=DIM
(43,29) fg=Reset bg=Reset mod=DIM
(44,29) fg=Reset bg=Reset mod=DIM
(45,29) fg=Reset bg=Reset mod=DIM
(48,29) fg=White bg=DarkGray mod=-
(49,29) fg=White bg=DarkGray mod=-
(50,29) fg=White bg=DarkGray mod=-
(51,29) fg=Reset bg=Reset mod=DIM
(52,29) fg=Reset bg=Reset mod=DIM
(53,29) fg=Reset bg=Reset mod=DIM
(54,29) fg=Reset bg=Reset mod=DIM
(55,29) fg=Reset bg=Reset mod=DIM
(58,29) fg=White bg=DarkGray mod=-
(59,29) fg=White bg=DarkGray mod=-
(60,29) fg=White bg=DarkGray mod=-
(61,29) fg=Reset bg=Reset mod=DIM
(62,29) fg=Reset bg=Reset mod=DIM
(63,29) fg=Reset bg=Reset mod=DIM
(64,29) fg=Reset bg=Reset mod=DIM
(65,29) fg=Reset bg=Reset mod=DIM
(66,29) fg=Reset bg=Reset mod=DIM
(67,29) fg=Reset bg=Reset mod=DIM
(68,29) fg=Reset bg=Reset mod=DIM
(69,29) fg=Reset bg=Reset mod=DIM
(72,29) fg=White bg=DarkGray mod=-
(73,29) fg=White bg=DarkGray mod=-
(74,29) fg=White bg=DarkGray mod=-
(75,29) fg=Reset bg=Reset mod=DIM
(76,29) fg=Reset bg=Reset mod=DIM
(77,29) fg=Reset bg=Reset mod=DIM
(78,29) fg=Reset bg=Reset mod=DIM
(79,29) fg=Reset bg=Reset mod=DIM
(80,29) fg=Reset bg=Reset mod=DIM
(92,29) fg=White bg=DarkGray mod=-
(93,29) fg=White bg=DarkGray mod=-
(94,29) fg=White bg=DarkGray mod=-
(95,29) fg=Reset bg=Reset mod=DIM
(96,29) fg=Reset bg=Reset mod=DIM
(97,29) fg=Reset bg=Reset mod=DIM
(98,29) fg=Reset bg=Reset mod=DIM
(99,29) fg=Reset bg=Reset mod=DIM
