╭──────────────────────────────────────────────────────────────────────────────────────────────────╮
│  purple       hosts      tunnels      containers      snippets      keys                         │
╰──────────────────────────────────────────────────────────────────────────────────────────────────╯
╭ Snippets (0) ────────────────────────────────────────────────────────────────────────────────────╮
│                                                                                                  │
│                                                                                                  │
│                                                                                                  │
│                                                                                                  │
│                                                                                                  │
│                                                                                                  │
│                                                                                                  │
│         ╭─ Snippets ─────────────────────────────────────────────────────────────────╮           │
│         │                                                                            │           │
│         │   No snippets yet                                                          │           │
│         │                                                                            │           │
│         │   Snippets are reusable commands you can run across your hosts.            │           │
│         │                                                                            │           │
│         │   a  add a snippet                                                         │           │
│         │                                                                            │           │
│         ╰────────────────────────────────────────────────────────────────────────────╯           │
│                                                                                                  │
│                                                                                                  │
│                                                                                                  │
│                                                                                                  │
│                                                                                                  │
│                                                                                                  │
│                                                                                                  │
│                                                                                                  │
╰──────────────────────────────────────────────────────────────────────────────────────────────────╯
 Enter  run    /  search    a  add    e  edit    d  del    v  compact    :  jump             ?  more
---STYLES---
(0,0) fg=Reset bg=Reset mod=DIM
(1,0) fg=Reset bg=Reset mod=DIM
(2,0) fg=Reset bg=Reset mod=DIM
(3,0) fg=Reset bg=Reset mod=DIM
(4,0) fg=Reset bg=Reset mod=DIM
(5,0) fg=Reset bg=Reset mod=DIM
(6,0) fg=Reset bg=Reset mod=DIM
(7,0) fg=Reset bg=Reset mod=DIM
(8,0) fg=Reset bg=Reset mod=DIM
(9,0) fg=Reset bg=Reset mod=DIM
(10,0) fg=Reset bg=Reset mod=DIM
(11,0) fg=Reset bg=Reset mod=DIM
(12,0) fg=Reset bg=Reset mod=DIM
(13,0) fg=Reset bg=Reset mod=DIM
(14,0) fg=Reset bg=Reset mod=DIM
(15,0) fg=Reset bg=Reset mod=DIM
(16,0) fg=Reset bg=Reset mod=DIM
(17,0) fg=Reset bg=Reset mod=DIM
(18,0) fg=Reset bg=Reset mod=DIM
(19,0) fg=Reset bg=Reset mod=DIM
(20,0) fg=Reset bg=Reset mod=DIM
(21,0) fg=Reset bg=Reset mod=DIM
(22,0) fg=Reset bg=Reset mod=DIM
(23,0) fg=Reset bg=Reset mod=DIM
(24,0) fg=Reset bg=Reset mod=DIM
(25,0) fg=Reset bg=Reset mod=DIM
(26,0) fg=Reset bg=Reset mod=DIM
(27,0) fg=Reset bg=Reset mod=DIM
(28,0) fg=Reset bg=Reset mod=DIM
(29,0) fg=Reset bg=Reset mod=DIM
(30,0) fg=Reset bg=Reset mod=DIM
(31,0) fg=Reset bg=Reset mod=DIM
(32,0) fg=Reset bg=Reset mod=DIM
(33,0) fg=Reset bg=Reset mod=DIM
(34,0) fg=Reset bg=Reset mod=DIM
(35,0) fg=Reset bg=Reset mod=DIM
(36,0) fg=Reset bg=Reset mod=DIM
(37,0) fg=Reset bg=Reset mod=DIM
(38,0) fg=Reset bg=Reset mod=DIM
(39,0) fg=Reset bg=Reset mod=DIM
(40,0) fg=Reset bg=Reset mod=DIM
(41,0) fg=Reset bg=Reset mod=DIM
(42,0) fg=Reset bg=Reset mod=DIM
(43,0) fg=Reset bg=Reset mod=DIM
(44,0) fg=Reset bg=Reset mod=DIM
(45,0) fg=Reset bg=Reset mod=DIM
(46,0) fg=Reset bg=Reset mod=DIM
(47,0) fg=Reset bg=Reset mod=DIM
(48,0) fg=Reset bg=Reset mod=DIM
(49,0) fg=Reset bg=Reset mod=DIM
(50,0) fg=Reset bg=Reset mod=DIM
(51,0) fg=Reset bg=Reset mod=DIM
(52,0) fg=Reset bg=Reset mod=DIM
(53,0) fg=Reset bg=Reset mod=DIM
(54,0) fg=Reset bg=Reset mod=DIM
(55,0) fg=Reset bg=Reset mod=DIM
(56,0) fg=Reset bg=Reset mod=DIM
(57,0) fg=Reset bg=Reset mod=DIM
(58,0) fg=Reset bg=Reset mod=DIM
(59,0) fg=Reset bg=Reset mod=DIM
(60,0) fg=Reset bg=Reset mod=DIM
(61,0) fg=Reset bg=Reset mod=DIM
(62,0) fg=Reset bg=Reset mod=DIM
(63,0) fg=Reset bg=Reset mod=DIM
(64,0) fg=Reset bg=Reset mod=DIM
(65,0) fg=Reset bg=Reset mod=DIM
(66,0) fg=Reset bg=Reset mod=DIM
(67,0) fg=Reset bg=Reset mod=DIM
(68,0) fg=Reset bg=Reset mod=DIM
(69,0) fg=Reset bg=Reset mod=DIM
(70,0) fg=Reset bg=Reset mod=DIM
(71,0) fg=Reset bg=Reset mod=DIM
(72,0) fg=Reset bg=Reset mod=DIM
(73,0) fg=Reset bg=Reset mod=DIM
(74,0) fg=Reset bg=Reset mod=DIM
(75,0) fg=Reset bg=Reset mod=DIM
(76,0) fg=Reset bg=Reset mod=DIM
(77,0) fg=Reset bg=Reset mod=DIM
(78,0) fg=Reset bg=Reset mod=DIM
(79,0) fg=Reset bg=Reset mod=DIM
(80,0) fg=Reset bg=Reset mod=DIM
(81,0) fg=Reset bg=Reset mod=DIM
(82,0) fg=Reset bg=Reset mod=DIM
(83,0) fg=Reset bg=Reset mod=DIM
(84,0) fg=Reset bg=Reset mod=DIM
(85,0) fg=Reset bg=Reset mod=DIM
(86,0) fg=Reset bg=Reset mod=DIM
(87,0) fg=Reset bg=Reset mod=DIM
(88,0) fg=Reset bg=Reset mod=DIM
(89,0) fg=Reset bg=Reset mod=DIM
(90,0) fg=Reset bg=Reset mod=DIM
(91,0) fg=Reset bg=Reset mod=DIM
(92,0) fg=Reset bg=Reset mod=DIM
(93,0) fg=Reset bg=Reset mod=DIM
(94,0) fg=Reset bg=Reset mod=DIM
(95,0) fg=Reset bg=Reset mod=DIM
(96,0) fg=Reset bg=Reset mod=DIM
(97,0) fg=Reset bg=Reset mod=DIM
(98,0) fg=Reset bg=Reset mod=DIM
(99,0) fg=Reset bg=Reset mod=DIM
(0,1) fg=Reset bg=Reset mod=DIM
(2,1) fg=White bg=Magenta mod=BOLD
(3,1) fg=White bg=Magenta mod=BOLD
(4,1) fg=White bg=Magenta mod=BOLD
(5,1) fg=White bg=Magenta mod=BOLD
(6,1) fg=White bg=Magenta mod=BOLD
(7,1) fg=White bg=Magenta mod=BOLD
(8,1) fg=White bg=Magenta mod=BOLD
(9,1) fg=White bg=Magenta mod=BOLD
(16,1) fg=Reset bg=Reset mod=DIM
(17,1) fg=Reset bg=Reset mod=DIM
(18,1) fg=Reset bg=Reset mod=DIM
(19,1) fg=Reset bg=Reset mod=DIM
(20,1) fg=Reset bg=Reset mod=DIM
(27,1) fg=Reset bg=Reset mod=DIM
(28,1) fg=Reset bg=Reset mod=DIM
(29,1) fg=Reset bg=Reset mod=DIM
(30,1) fg=Reset bg=Reset mod=DIM
(31,1) fg=Reset bg=Reset mod=DIM
(32,1) fg=Reset bg=Reset mod=DIM
(33,1) fg=Reset bg=Reset mod=DIM
(40,1) fg=Reset bg=Reset mod=DIM
(41,1) fg=Reset bg=Reset mod=DIM
(42,1) fg=Reset bg=Reset mod=DIM
(43,1) fg=Reset bg=Reset mod=DIM
(44,1) fg=Reset bg=Reset mod=DIM
(45,1) fg=Reset bg=Reset mod=DIM
(46,1) fg=Reset bg=Reset mod=DIM
(47,1) fg=Reset bg=Reset mod=DIM
(48,1) fg=Reset bg=Reset mod=DIM
(49,1) fg=Reset bg=Reset mod=DIM
(56,1) fg=Reset bg=Reset mod=BOLD|UNDERLINED
(57,1) fg=Reset bg=Reset mod=BOLD|UNDERLINED
(58,1) fg=Reset bg=Reset mod=BOLD|UNDERLINED
(59,1) fg=Reset bg=Reset mod=BOLD|UNDERLINED
(60,1) fg=Reset bg=Reset mod=BOLD|UNDERLINED
(61,1) fg=Reset bg=Reset mod=BOLD|UNDERLINED
(62,1) fg=Reset bg=Reset mod=BOLD|UNDERLINED
(63,1) fg=Reset bg=Reset mod=BOLD|UNDERLINED
(70,1) fg=Reset bg=Reset mod=DIM
(71,1) fg=Reset bg=Reset mod=DIM
(72,1) fg=Reset bg=Reset mod=DIM
(73,1) fg=Reset bg=Reset mod=DIM
(99,1) fg=Reset bg=Reset mod=DIM
(0,2) fg=Reset bg=Reset mod=DIM
(1,2) fg=Reset bg=Reset mod=DIM
(2,2) fg=Reset bg=Reset mod=DIM
(3,2) fg=Reset bg=Reset mod=DIM
(4,2) fg=Reset bg=Reset mod=DIM
(5,2) fg=Reset bg=Reset mod=DIM
(6,2) fg=Reset bg=Reset mod=DIM
(7,2) fg=Reset bg=Reset mod=DIM
(8,2) fg=Reset bg=Reset mod=DIM
(9,2) fg=Reset bg=Reset mod=DIM
(10,2) fg=Reset bg=Reset mod=DIM
(11,2) fg=Reset bg=Reset mod=DIM
(12,2) fg=Reset bg=Reset mod=DIM
(13,2) fg=Reset bg=Reset mod=DIM
(14,2) fg=Reset bg=Reset mod=DIM
(15,2) fg=Reset bg=Reset mod=DIM
(16,2) fg=Reset bg=Reset mod=DIM
(17,2) fg=Reset bg=Reset mod=DIM
(18,2) fg=Reset bg=Reset mod=DIM
(19,2) fg=Reset bg=Reset mod=DIM
(20,2) fg=Reset bg=Reset mod=DIM
(21,2) fg=Reset bg=Reset mod=DIM
(22,2) fg=Reset bg=Reset mod=DIM
(23,2) fg=Reset bg=Reset mod=DIM
(24,2) fg=Reset bg=Reset mod=DIM
(25,2) fg=Reset bg=Reset mod=DIM
(26,2) fg=Reset bg=Reset mod=DIM
(27,2) fg=Reset bg=Reset mod=DIM
(28,2) fg=Reset bg=Reset mod=DIM
(29,2) fg=Reset bg=Reset mod=DIM
(30,2) fg=Reset bg=Reset mod=DIM
(31,2) fg=Reset bg=Reset mod=DIM
(32,2) fg=Reset bg=Reset mod=DIM
(33,2) fg=Reset bg=Reset mod=DIM
(34,2) fg=Reset bg=Reset mod=DIM
(35,2) fg=Reset bg=Reset mod=DIM
(36,2) fg=Reset bg=Reset mod=DIM
(37,2) fg=Reset bg=Reset mod=DIM
(38,2) fg=Reset bg=Reset mod=DIM
(39,2) fg=Reset bg=Reset mod=DIM
(40,2) fg=Reset bg=Reset mod=DIM
(41,2) fg=Reset bg=Reset mod=DIM
(42,2) fg=Reset bg=Reset mod=DIM
(43,2) fg=Reset bg=Reset mod=DIM
(44,2) fg=Reset bg=Reset mod=DIM
(45,2) fg=Reset bg=Reset mod=DIM
(46,2) fg=Reset bg=Reset mod=DIM
(47,2) fg=Reset bg=Reset mod=DIM
(48,2) fg=Reset bg=Reset mod=DIM
(49,2) fg=Reset bg=Reset mod=DIM
(50,2) fg=Reset bg=Reset mod=DIM
(51,2) fg=Reset bg=Reset mod=DIM
(52,2) fg=Reset bg=Reset mod=DIM
(53,2) fg=Reset bg=Reset mod=DIM
(54,2) fg=Reset bg=Reset mod=DIM
(55,2) fg=Reset bg=Reset mod=DIM
(56,2) fg=Reset bg=Reset mod=DIM
(57,2) fg=Reset bg=Reset mod=DIM
(58,2) fg=Reset bg=Reset mod=DIM
(59,2) fg=Reset bg=Reset mod=DIM
(60,2) fg=Reset bg=Reset mod=DIM
(61,2) fg=Reset bg=Reset mod=DIM
(62,2) fg=Reset bg=Reset mod=DIM
(63,2) fg=Reset bg=Reset mod=DIM
(64,2) fg=Reset bg=Reset mod=DIM
(65,2) fg=Reset bg=Reset mod=DIM
(66,2) fg=Reset bg=Reset mod=DIM
(67,2) fg=Reset bg=Reset mod=DIM
(68,2) fg=Reset bg=Reset mod=DIM
(69,2) fg=Reset bg=Reset mod=DIM
(70,2) fg=Reset bg=Reset mod=DIM
(71,2) fg=Reset bg=Reset mod=DIM
(72,2) fg=Reset bg=Reset mod=DIM
(73,2) fg=Reset bg=Reset mod=DIM
(74,2) fg=Reset bg=Reset mod=DIM
(75,2) fg=Reset bg=Reset mod=DIM
(76,2) fg=Reset bg=Reset mod=DIM
(77,2) fg=Reset bg=Reset mod=DIM
(78,2) fg=Reset bg=Reset mod=DIM
(79,2) fg=Reset bg=Reset mod=DIM
(80,2) fg=Reset bg=Reset mod=DIM
(81,2) fg=Reset bg=Reset mod=DIM
(82,2) fg=Reset bg=Reset mod=DIM
(83,2) fg=Reset bg=Reset mod=DIM
(84,2) fg=Reset bg=Reset mod=DIM
(85,2) fg=Reset bg=Reset mod=DIM
(86,2) fg=Reset bg=Reset mod=DIM
(87,2) fg=Reset bg=Reset mod=DIM
(88,2) fg=Reset bg=Reset mod=DIM
(89,2) fg=Reset bg=Reset mod=DIM
(90,2) fg=Reset bg=Reset mod=DIM
(91,2) fg=Reset bg=Reset mod=DIM
(92,2) fg=Reset bg=Reset mod=DIM
(93,2) fg=Reset bg=Reset mod=DIM
(94,2) fg=Reset bg=Reset mod=DIM
(95,2) fg=Reset bg=Reset mod=DIM
(96,2) fg=Reset bg=Reset mod=DIM
(97,2) fg=Reset bg=Reset mod=DIM
(98,2) fg=Reset bg=Reset mod=DIM
(99,2) fg=Reset bg=Reset mod=DIM
(0,3) fg=Reset bg=Reset mod=DIM
(1,3) fg=Reset bg=Reset mod=BOLD|DIM
(2,3) fg=Reset bg=Reset mod=BOLD|DIM
(3,3) fg=Reset bg=Reset mod=BOLD|DIM
(4,3) fg=Reset bg=Reset mod=BOLD|DIM
(5,3) fg=Reset bg=Reset mod=BOLD|DIM
(6,3) fg=Reset bg=Reset mod=BOLD|DIM
(7,3) fg=Reset bg=Reset mod=BOLD|DIM
(8,3) fg=Reset bg=Reset mod=BOLD|DIM
(9,3) fg=Reset bg=Reset mod=BOLD|DIM
(10,3) fg=Reset bg=Reset mod=BOLD|DIM
(11,3) fg=Reset bg=Reset mod=BOLD|DIM
(12,3) fg=Reset bg=Reset mod=BOLD|DIM
(13,3) fg=Reset bg=Reset mod=BOLD|DIM
(14,3) fg=Reset bg=Reset mod=BOLD|DIM
(15,3) fg=Reset bg=Reset mod=DIM
(16,3) fg=Reset bg=Reset mod=DIM
(17,3) fg=Reset bg=Reset mod=DIM
(18,3) fg=Reset bg=Reset mod=DIM
(19,3) fg=Reset bg=Reset mod=DIM
(20,3) fg=Reset bg=Reset mod=DIM
(21,3) fg=Reset bg=Reset mod=DIM
(22,3) fg=Reset bg=Reset mod=DIM
(23,3) fg=Reset bg=Reset mod=DIM
(24,3) fg=Reset bg=Reset mod=DIM
(25,3) fg=Reset bg=Reset mod=DIM
(26,3) fg=Reset bg=Reset mod=DIM
(27,3) fg=Reset bg=Reset mod=DIM
(28,3) fg=Reset bg=Reset mod=DIM
(29,3) fg=Reset bg=Reset mod=DIM
(30,3) fg=Reset bg=Reset mod=DIM
(31,3) fg=Reset bg=Reset mod=DIM
(32,3) fg=Reset bg=Reset mod=DIM
(33,3) fg=Reset bg=Reset mod=DIM
(34,3) fg=Reset bg=Reset mod=DIM
(35,3) fg=Reset bg=Reset mod=DIM
(36,3) fg=Reset bg=Reset mod=DIM
(37,3) fg=Reset bg=Reset mod=DIM
(38,3) fg=Reset bg=Reset mod=DIM
(39,3) fg=Reset bg=Reset mod=DIM
(40,3) fg=Reset bg=Reset mod=DIM
(41,3) fg=Reset bg=Reset mod=DIM
(42,3) fg=Reset bg=Reset mod=DIM
(43,3) fg=Reset bg=Reset mod=DIM
(44,3) fg=Reset bg=Reset mod=DIM
(45,3) fg=Reset bg=Reset mod=DIM
(46,3) fg=Reset bg=Reset mod=DIM
(47,3) fg=Reset bg=Reset mod=DIM
(48,3) fg=Reset bg=Reset mod=DIM
(49,3) fg=Reset bg=Reset mod=DIM
(50,3) fg=Reset bg=Reset mod=DIM
(51,3) fg=Reset bg=Reset mod=DIM
(52,3) fg=Reset bg=Reset mod=DIM
(53,3) fg=Reset bg=Reset mod=DIM
(54,3) fg=Reset bg=Reset mod=DIM
(55,3) fg=Reset bg=Reset mod=DIM
(56,3) fg=Reset bg=Reset mod=DIM
(57,3) fg=Reset bg=Reset mod=DIM
(58,3) fg=Reset bg=Reset mod=DIM
(59,3) fg=Reset bg=Reset mod=DIM
(60,3) fg=Reset bg=Reset mod=DIM
(61,3) fg=Reset bg=Reset mod=DIM
(62,3) fg=Reset bg=Reset mod=DIM
(63,3) fg=Reset bg=Reset mod=DIM
(64,3) fg=Reset bg=Reset mod=DIM
(65,3) fg=Reset bg=Reset mod=DIM
(66,3) fg=Reset bg=Reset mod=DIM
(67,3) fg=Reset bg=Reset mod=DIM
(68,3) fg=Reset bg=Reset mod=DIM
(69,3) fg=Reset bg=Reset mod=DIM
(70,3) fg=Reset bg=Reset mod=DIM
(71,3) fg=Reset bg=Reset mod=DIM
(72,3) fg=Reset bg=Reset mod=DIM
(73,3) fg=Reset bg=Reset mod=DIM
(74,3) fg=Reset bg=Reset mod=DIM
(75,3) fg=Reset bg=Reset mod=DIM
(76,3) fg=Reset bg=Reset mod=DIM
(77,3) fg=Reset bg=Reset mod=DIM
(78,3) fg=Reset bg=Reset mod=DIM
(79,3) fg=Reset bg=Reset mod=DIM
(80,3) fg=Reset bg=Reset mod=DIM
(81,3) fg=Reset bg=Reset mod=DIM
(82,3) fg=Reset bg=Reset mod=DIM
(83,3) fg=Reset bg=Reset mod=DIM
(84,3) fg=Reset bg=Reset mod=DIM
(85,3) fg=Reset bg=Reset mod=DIM
(86,3) fg=Reset bg=Reset mod=DIM
(87,3) fg=Reset bg=Reset mod=DIM
(88,3) fg=Reset bg=Reset mod=DIM
(89,3) fg=Reset bg=Reset mod=DIM
(90,3) fg=Reset bg=Reset mod=DIM
(91,3) fg=Reset bg=Reset mod=DIM
(92,3) fg=Reset bg=Reset mod=DIM
(93,3) fg=Reset bg=Reset mod=DIM
(94,3) fg=Reset bg=Reset mod=DIM
(95,3) fg=Reset bg=Reset mod=DIM
(96,3) fg=Reset bg=Reset mod=DIM
(97,3) fg=Reset bg=Reset mod=DIM
(98,3) fg=Reset bg=Reset mod=DIM
(99,3) fg=Reset bg=Reset mod=DIM
(0,4) fg=Reset bg=Reset mod=DIM
(99,4) fg=Reset bg=Reset mod=DIM
(0,5) fg=Reset bg=Reset mod=DIM
(99,5) fg=Reset bg=Reset mod=DIM
(0,6) fg=Reset bg=Reset mod=DIM
(99,6) fg=Reset bg=Reset mod=DIM
(0,7) fg=Reset bg=Reset mod=DIM
(99,7) fg=Reset bg=Reset mod=DIM
(0,8) fg=Reset bg=Reset mod=DIM
(99,8) fg=Reset bg=Reset mod=DIM
(0,9) fg=Reset bg=Reset mod=DIM
(99,9) fg=Reset bg=Reset mod=DIM
(0,10) fg=Reset bg=Reset mod=DIM
(99,10) fg=Reset bg=Reset mod=DIM
(0,11) fg=Reset bg=Reset mod=DIM
(10,11) fg=Reset bg=Reset mod=DIM
(11,11) fg=Reset bg=Reset mod=DIM
(12,11) fg=Reset bg=Reset mod=DIM
(13,11) fg=Reset bg=Reset mod=BOLD|DIM
(14,11) fg=Reset bg=Reset mod=BOLD|DIM
(15,11) fg=Reset bg=Reset mod=BOLD|DIM
(16,11) fg=Reset bg=Reset mod=BOLD|DIM
(17,11) fg=Reset bg=Reset mod=BOLD|DIM
(18,11) fg=Reset bg=Reset mod=BOLD|DIM
(19,11) fg=Reset bg=Reset mod=BOLD|DIM
(20,11) fg=Reset bg=Reset mod=BOLD|DIM
(21,11) fg=Reset bg=Reset mod=DIM
(22,11) fg=Reset bg=Reset mod=DIM
(23,11) fg=Reset bg=Reset mod=DIM
(24,11) fg=Reset bg=Reset mod=DIM
(25,11) fg=Reset bg=Reset mod=DIM
(26,11) fg=Reset bg=Reset mod=DIM
(27,11) fg=Reset bg=Reset mod=DIM
(28,11) fg=Reset bg=Reset mod=DIM
(29,11) fg=Reset bg=Reset mod=DIM
(30,11) fg=Reset bg=Reset mod=DIM
(31,11) fg=Reset bg=Reset mod=DIM
(32,11) fg=Reset bg=Reset mod=DIM
(33,11) fg=Reset bg=Reset mod=DIM
(34,11) fg=Reset bg=Reset mod=DIM
(35,11) fg=Reset bg=Reset mod=DIM
(36,11) fg=Reset bg=Reset mod=DIM
(37,11) fg=Reset bg=Reset mod=DIM
(38,11) fg=Reset bg=Reset mod=DIM
(39,11) fg=Reset bg=Reset mod=DIM
(40,11) fg=Reset bg=Reset mod=DIM
(41,11) fg=Reset bg=Reset mod=DIM
(42,11) fg=Reset bg=Reset mod=DIM
(43,11) fg=Reset bg=Reset mod=DIM
(44,11) fg=Reset bg=Reset mod=DIM
(45,11) fg=Reset bg=Reset mod=DIM
(46,11) fg=Reset bg=Reset mod=DIM
(47,11) fg=Reset bg=Reset mod=DIM
(48,11) fg=Reset bg=Reset mod=DIM
(49,11) fg=Reset bg=Reset mod=DIM
(50,11) fg=Reset bg=Reset mod=DIM
(51,11) fg=Reset bg=Reset mod=DIM
(52,11) fg=Reset bg=Reset mod=DIM
(53,11) fg=Reset bg=Reset mod=DIM
(54,11) fg=Reset bg=Reset mod=DIM
(55,11) fg=Reset bg=Reset mod=DIM
(56,11) fg=Reset bg=Reset mod=DIM
(57,11) fg=Reset bg=Reset mod=DIM
(58,11) fg=Reset bg=Reset mod=DIM
(59,11) fg=Reset bg=Reset mod=DIM
(60,11) fg=Reset bg=Reset mod=DIM
(61,11) fg=Reset bg=Reset mod=DIM
(62,11) fg=Reset bg=Reset mod=DIM
(63,11) fg=Reset bg=Reset mod=DIM
(64,11) fg=Reset bg=Reset mod=DIM
(65,11) fg=Reset bg=Reset mod=DIM
(66,11) fg=Reset bg=Reset mod=DIM
(67,11) fg=Reset bg=Reset mod=DIM
(68,11) fg=Reset bg=Reset mod=DIM
(69,11) fg=Reset bg=Reset mod=DIM
(70,11) fg=Reset bg=Reset mod=DIM
(71,11) fg=Reset bg=Reset mod=DIM
(72,11) fg=Reset bg=Reset mod=DIM
(73,11) fg=Reset bg=Reset mod=DIM
(74,11) fg=Reset bg=Reset mod=DIM
(75,11) fg=Reset bg=Reset mod=DIM
(76,11) fg=Reset bg=Reset mod=DIM
(77,11) fg=Reset bg=Reset mod=DIM
(78,11) fg=Reset bg=Reset mod=DIM
(79,11) fg=Reset bg=Reset mod=DIM
(80,11) fg=Reset bg=Reset mod=DIM
(81,11) fg=Reset bg=Reset mod=DIM
(82,11) fg=Reset bg=Reset mod=DIM
(83,11) fg=Reset bg=Reset mod=DIM
(84,11) fg=Reset bg=Reset mod=DIM
(85,11) fg=Reset bg=Reset mod=DIM
(86,11) fg=Reset bg=Reset mod=DIM
(87,11) fg=Reset bg=Reset mod=DIM
(99,11) fg=Reset bg=Reset mod=DIM
(0,12) fg=Reset bg=Reset mod=DIM
(10,12) fg=Reset bg=Reset mod=DIM
(11,12) fg=Reset bg=Reset mod=DIM
(87,12) fg=Reset bg=Reset mod=DIM
(99,12) fg=Reset bg=Reset mod=DIM
(0,13) fg=Reset bg=Reset mod=DIM
(10,13) fg=Reset bg=Reset mod=DIM
(11,13) fg=Reset bg=Reset mod=DIM
(14,13) fg=Reset bg=Reset mod=BOLD
(15,13) fg=Reset bg=Reset mod=BOLD
(16,13) fg=Reset bg=Reset mod=BOLD
(17,13) fg=Reset bg=Reset mod=BOLD
(18,13) fg=Reset bg=Reset mod=BOLD
(19,13) fg=Reset bg=Reset mod=BOLD
(20,13) fg=Reset bg=Reset mod=BOLD
(21,13) fg=Reset bg=Reset mod=BOLD
(22,13) fg=Reset bg=Reset mod=BOLD
(23,13) fg=Reset bg=Reset mod=BOLD
(24,13) fg=Reset bg=Reset mod=BOLD
(25,13) fg=Reset bg=Reset mod=BOLD
(26,13) fg=Reset bg=Reset mod=BOLD
(27,13) fg=Reset bg=Reset mod=BOLD
(28,13) fg=Reset bg=Reset mod=BOLD
(87,13) fg=Reset bg=Reset mod=DIM
(99,13) fg=Reset bg=Reset mod=DIM
(0,14) fg=Reset bg=Reset mod=DIM
(10,14) fg=Reset bg=Reset mod=DIM
(11,14) fg=Reset bg=Reset mod=DIM
(87,14) fg=Reset bg=Reset mod=DIM
(99,14) fg=Reset bg=Reset mod=DIM
(0,15) fg=Reset bg=Reset mod=DIM
(10,15) fg=Reset bg=Reset mod=DIM
(11,15) fg=Reset bg=Reset mod=DIM
(12,15) fg=Reset bg=Reset mod=DIM
(13,15) fg=Reset bg=Reset mod=DIM
(14,15) fg=Reset bg=Reset mod=DIM
(15,15) fg=Reset bg=Reset mod=DIM
(16,15) fg=Reset bg=Reset mod=DIM
(17,15) fg=Reset bg=Reset mod=DIM
(18,15) fg=Reset bg=Reset mod=DIM
(19,15) fg=Reset bg=Reset mod=DIM
(20,15) fg=Reset bg=Reset mod=DIM
(21,15) fg=Reset bg=Reset mod=DIM
(22,15) fg=Reset bg=Reset mod=DIM
(23,15) fg=Reset bg=Reset mod=DIM
(24,15) fg=Reset bg=Reset mod=DIM
(25,15) fg=Reset bg=Reset mod=DIM
(26,15) fg=Reset bg=Reset mod=DIM
(27,15) fg=Reset bg=Reset mod=DIM
(28,15) fg=Reset bg=Reset mod=DIM
(29,15) fg=Reset bg=Reset mod=DIM
(30,15) fg=Reset bg=Reset mod=DIM
(31,15) fg=Reset bg=Reset mod=DIM
(32,15) fg=Reset bg=Reset mod=DIM
(33,15) fg=Reset bg=Reset mod=DIM
(34,15) fg=Reset bg=Reset mod=DIM
(35,15) fg=Reset bg=Reset mod=DIM
(36,15) fg=Reset bg=Reset mod=DIM
(37,15) fg=Reset bg=Reset mod=DIM
(38,15) fg=Reset bg=Reset mod=DIM
(39,15) fg=Reset bg=Reset mod=DIM
(40,15) fg=Reset bg=Reset mod=DIM
(41,15) fg=Reset bg=Reset mod=DIM
(42,15) fg=Reset bg=Reset mod=DIM
(43,15) fg=Reset bg=Reset mod=DIM
(44,15) fg=Reset bg=Reset mod=DIM
(45,15) fg=Reset bg=Reset mod=DIM
(46,15) fg=Reset bg=Reset mod=DIM
(47,15) fg=Reset bg=Reset mod=DIM
(48,15) fg=Reset bg=Reset mod=DIM
(49,15) fg=Reset bg=Reset mod=DIM
(50,15) fg=Reset bg=Reset mod=DIM
(51,15) fg=Reset bg=Reset mod=DIM
(52,15) fg=Reset bg=Reset mod=DIM
(53,15) fg=Reset bg=Reset mod=DIM
(54,15) fg=Reset bg=Reset mod=DIM
(55,15) fg=Reset bg=Reset mod=DIM
(56,15) fg=Reset bg=Reset mod=DIM
(57,15) fg=Reset bg=Reset mod=DIM
(58,15) fg=Reset bg=Reset mod=DIM
(59,15) fg=Reset bg=Reset mod=DIM
(60,15) fg=Reset bg=Reset mod=DIM
(61,15) fg=Reset bg=Reset mod=DIM
(62,15) fg=Reset bg=Reset mod=DIM
(63,15) fg=Reset bg=Reset mod=DIM
(64,15) fg=Reset bg=Reset mod=DIM
(65,15) fg=Reset bg=Reset mod=DIM
(66,15) fg=Reset bg=Reset mod=DIM
(67,15) fg=Reset bg=Reset mod=DIM
(68,15) fg=Reset bg=Reset mod=DIM
(69,15) fg=Reset bg=Reset mod=DIM
(70,15) fg=Reset bg=Reset mod=DIM
(71,15) fg=Reset bg=Reset mod=DIM
(72,15) fg=Reset bg=Reset mod=DIM
(73,15) fg=Reset bg=Reset mod=DIM
(74,15) fg=Reset bg=Reset mod=DIM
(87,15) fg=Reset bg=Reset mod=DIM
(99,15) fg=Reset bg=Reset mod=DIM
(0,16) fg=Reset bg=Reset mod=DIM
(10,16) fg=Reset bg=Reset mod=DIM
(11,16) fg=Reset bg=Reset mod=DIM
(87,16) fg=Reset bg=Reset mod=DIM
(99,16) fg=Reset bg=Reset mod=DIM
(0,17) fg=Reset bg=Reset mod=DIM
(10,17) fg=Reset bg=Reset mod=DIM
(11,17) fg=Reset bg=Reset mod=DIM
(12,17) fg=Magenta bg=Reset mod=BOLD
(13,17) fg=Magenta bg=Reset mod=BOLD
(14,17) fg=Magenta bg=Reset mod=BOLD
(15,17) fg=Magenta bg=Reset mod=BOLD
(16,17) fg=Magenta bg=Reset mod=BOLD
(17,17) fg=Reset bg=Reset mod=DIM
(18,17) fg=Reset bg=Reset mod=DIM
(19,17) fg=Reset bg=Reset mod=DIM
(20,17) fg=Reset bg=Reset mod=DIM
(21,17) fg=Reset bg=Reset mod=DIM
(22,17) fg=Reset bg=Reset mod=DIM
(23,17) fg=Reset bg=Reset mod=DIM
(24,17) fg=Reset bg=Reset mod=DIM
(25,17) fg=Reset bg=Reset mod=DIM
(26,17) fg=Reset bg=Reset mod=DIM
(27,17) fg=Reset bg=Reset mod=DIM
(28,17) fg=Reset bg=Reset mod=DIM
(29,17) fg=Reset bg=Reset mod=DIM
(87,17) fg=Reset bg=Reset mod=DIM
(99,17) fg=Reset bg=Reset mod=DIM
(0,18) fg=Reset bg=Reset mod=DIM
(10,18) fg=Reset bg=Reset mod=DIM
(11,18) fg=Reset bg=Reset mod=DIM
(87,18) fg=Reset bg=Reset mod=DIM
(99,18) fg=Reset bg=Reset mod=DIM
(0,19) fg=Reset bg=Reset mod=DIM
(10,19) fg=Reset bg=Reset mod=DIM
(11,19) fg=Reset bg=Reset mod=DIM
(12,19) fg=Reset bg=Reset mod=DIM
(13,19) fg=Reset bg=Reset mod=DIM
(14,19) fg=Reset bg=Reset mod=DIM
(15,19) fg=Reset bg=Reset mod=DIM
(16,19) fg=Reset bg=Reset mod=DIM
(17,19) fg=Reset bg=Reset mod=DIM
(18,19) fg=Reset bg=Reset mod=DIM
(19,19) fg=Reset bg=Reset mod=DIM
(20,19) fg=Reset bg=Reset mod=DIM
(21,19) fg=Reset bg=Reset mod=DIM
(22,19) fg=Reset bg=Reset mod=DIM
(23,19) fg=Reset bg=Reset mod=DIM
(24,19) fg=Reset bg=Reset mod=DIM
(25,19) fg=Reset bg=Reset mod=DIM
(26,19) fg=Reset bg=Reset mod=DIM
(27,19) fg=Reset bg=Reset mod=DIM
(28,19) fg=Reset bg=Reset mod=DIM
(29,19) fg=Reset bg=Reset mod=DIM
(30,19) fg=Reset bg=Reset mod=DIM
(31,19) fg=Reset bg=Reset mod=DIM
(32,19) fg=Reset bg=Reset mod=DIM
(33,19) fg=Reset bg=Reset mod=DIM
(34,19) fg=Reset bg=Reset mod=DIM
(35,19) fg=Reset bg=Reset mod=DIM
(36,19) fg=Reset bg=Reset mod=DIM
(37,19) fg=Reset bg=Reset mod=DIM
(38,19) fg=Reset bg=Reset mod=DIM
(39,19) fg=Reset bg=Reset mod=DIM
(40,19) fg=Reset bg=Reset mod=DIM
(41,19) fg=Reset bg=Reset mod=DIM
(42,19) fg=Reset bg=Reset mod=DIM
(43,19) fg=Reset bg=Reset mod=DIM
(44,19) fg=Reset bg=Reset mod=DIM
(45,19) fg=Reset bg=Reset mod=DIM
(46,19) fg=Reset bg=Reset mod=DIM
(47,19) fg=Reset bg=Reset mod=DIM
(48,19) fg=Reset bg=Reset mod=DIM
(49,19) fg=Reset bg=Reset mod=DIM
(50,19) fg=Reset bg=Reset mod=DIM
(51,19) fg=Reset bg=Reset mod=DIM
(52,19) fg=Reset bg=Reset mod=DIM
(53,19) fg=Reset bg=Reset mod=DIM
(54,19) fg=Reset bg=Reset mod=DIM
(55,19) fg=Reset bg=Reset mod=DIM
(56,19) fg=Reset bg=Reset mod=DIM
(57,19) fg=Reset bg=Reset mod=DIM
(58,19) fg=Reset bg=Reset mod=DIM
(59,19) fg=Reset bg=Reset mod=DIM
(60,19) fg=Reset bg=Reset mod=DIM
(61,19) fg=Reset bg=Reset mod=DIM
(62,19) fg=Reset bg=Reset mod=DIM
(63,19) fg=Reset bg=Reset mod=DIM
(64,19) fg=Reset bg=Reset mod=DIM
(65,19) fg=Reset bg=Reset mod=DIM
(66,19) fg=Reset bg=Reset mod=DIM
(67,19) fg=Reset bg=Reset mod=DIM
(68,19) fg=Reset bg=Reset mod=DIM
(69,19) fg=Reset bg=Reset mod=DIM
(70,19) fg=Reset bg=Reset mod=DIM
(71,19) fg=Reset bg=Reset mod=DIM
(72,19) fg=Reset bg=Reset mod=DIM
(73,19) fg=Reset bg=Reset mod=DIM
(74,19) fg=Reset bg=Reset mod=DIM
(75,19) fg=Reset bg=Reset mod=DIM
(76,19) fg=Reset bg=Reset mod=DIM
(77,19) fg=Reset bg=Reset mod=DIM
(78,19) fg=Reset bg=Reset mod=DIM
(79,19) fg=Reset bg=Reset mod=DIM
(80,19) fg=Reset bg=Reset mod=DIM
(81,19) fg=Reset bg=Reset mod=DIM
(82,19) fg=Reset bg=Reset mod=DIM
(83,19) fg=Reset bg=Reset mod=DIM
(84,19) fg=Reset bg=Reset mod=DIM
(85,19) fg=Reset bg=Reset mod=DIM
(86,19) fg=Reset bg=Reset mod=DIM
(87,19) fg=Reset bg=Reset mod=DIM
(99,19) fg=Reset bg=Reset mod=DIM
(0,20) fg=Reset bg=Reset mod=DIM
(99,20) fg=Reset bg=Reset mod=DIM
(0,21) fg=Reset bg=Reset mod=DIM
(99,21) fg=Reset bg=Reset mod=DIM
(0,22) fg=Reset bg=Reset mod=DIM
(99,22) fg=Reset bg=Reset mod=DIM
(0,23) fg=Reset bg=Reset mod=DIM
(99,23) fg=Reset bg=Reset mod=DIM
(0,24) fg=Reset bg=Reset mod=DIM
(99,24) fg=Reset bg=Reset mod=DIM
(0,25) fg=Reset bg=Reset mod=DIM
(99,25) fg=Reset bg=Reset mod=DIM
(0,26) fg=Reset bg=Reset mod=DIM
(99,26) fg=Reset bg=Reset mod=DIM
(0,27) fg=Reset bg=Reset mod=DIM
(99,27) fg=Reset bg=Reset mod=DIM
(0,28) fg=Reset bg=Reset mod=DIM
(1,28) fg=Reset bg=Reset mod=DIM
(2,28) fg=Reset bg=Reset mod=DIM
(3,28) fg=Reset bg=Reset mod=DIM
(4,28) fg=Reset bg=Reset mod=DIM
(5,28) fg=Reset bg=Reset mod=DIM
(6,28) fg=Reset bg=Reset mod=DIM
(7,28) fg=Reset bg=Reset mod=DIM
(8,28) fg=Reset bg=Reset mod=DIM
(9,28) fg=Reset bg=Reset mod=DIM
(10,28) fg=Reset bg=Reset mod=DIM
(11,28) fg=Reset bg=Reset mod=DIM
(12,28) fg=Reset bg=Reset mod=DIM
(13,28) fg=Reset bg=Reset mod=DIM
(14,28) fg=Reset bg=Reset mod=DIM
(15,28) fg=Reset bg=Reset mod=DIM
(16,28) fg=Reset bg=Reset mod=DIM
(17,28) fg=Reset bg=Reset mod=DIM
(18,28) fg=Reset bg=Reset mod=DIM
(19,28) fg=Reset bg=Reset mod=DIM
(20,28) fg=Reset bg=Reset mod=DIM
(21,28) fg=Reset bg=Reset mod=DIM
(22,28) fg=Reset bg=Reset mod=DIM
(23,28) fg=Reset bg=Reset mod=DIM
(24,28) fg=Reset bg=Reset mod=DIM
(25,28) fg=Reset bg=Reset mod=DIM
(26,28) fg=Reset bg=Reset mod=DIM
(27,28) fg=Reset bg=Reset mod=DIM
(28,28) fg=Reset bg=Reset mod=DIM
(29,28) fg=Reset bg=Reset mod=DIM
(30,28) fg=Reset bg=Reset mod=DIM
(31,28) fg=Reset bg=Reset mod=DIM
(32,28) fg=Reset bg=Reset mod=DIM
(33,28) fg=Reset bg=Reset mod=DIM
(34,28) fg=Reset bg=Reset mod=DIM
(35,28) fg=Reset bg=Reset mod=DIM
(36,28) fg=Reset bg=Reset mod=DIM
(37,28) fg=Reset bg=Reset mod=DIM
(38,28) fg=Reset bg=Reset mod=DIM
(39,28) fg=Reset bg=Reset mod=DIM
(40,28) fg=Reset bg=Reset mod=DIM
(41,28) fg=Reset bg=Reset mod=DIM
(42,28) fg=Reset bg=Reset mod=DIM
(43,28) fg=Reset bg=Reset mod=DIM
(44,28) fg=Reset bg=Reset mod=DIM
(45,28) fg=Reset bg=Reset mod=DIM
(46,28) fg=Reset bg=Reset mod=DIM
(47,28) fg=Reset bg=Reset mod=DIM
(48,28) fg=Reset bg=Reset mod=DIM
(49,28) fg=Reset bg=Reset mod=DIM
(50,28) fg=Reset bg=Reset mod=DIM
(51,28) fg=Reset bg=Reset mod=DIM
(52,28) fg=Reset bg=Reset mod=DIM
(53,28) fg=Reset bg=Reset mod=DIM
(54,28) fg=Reset bg=Reset mod=DIM
(55,28) fg=Reset bg=Reset mod=DIM
(56,28) fg=Reset bg=Reset mod=DIM
(57,28) fg=Reset bg=Reset mod=DIM
(58,28) fg=Reset bg=Reset mod=DIM
(59,28) fg=Reset bg=Reset mod=DIM
(60,28) fg=Reset bg=Reset mod=DIM
(61,28) fg=Reset bg=Reset mod=DIM
(62,28) fg=Reset bg=Reset mod=DIM
(63,28) fg=Reset bg=Reset mod=DIM
(64,28) fg=Reset bg=Reset mod=DIM
(65,28) fg=Reset bg=Reset mod=DIM
(66,28) fg=Reset bg=Reset mod=DIM
(67,28) fg=Reset bg=Reset mod=DIM
(68,28) fg=Reset bg=Reset mod=DIM
(69,28) fg=Reset bg=Reset mod=DIM
(70,28) fg=Reset bg=Reset mod=DIM
(71,28) fg=Reset bg=Reset mod=DIM
(72,28) fg=Reset bg=Reset mod=DIM
(73,28) fg=Reset bg=Reset mod=DIM
(74,28) fg=Reset bg=Reset mod=DIM
(75,28) fg=Reset bg=Reset mod=DIM
(76,28) fg=Reset bg=Reset mod=DIM
(77,28) fg=Reset bg=Reset mod=DIM
(78,28) fg=Reset bg=Reset mod=DIM
(79,28) fg=Reset bg=Reset mod=DIM
(80,28) fg=Reset bg=Reset mod=DIM
(81,28) fg=Reset bg=Reset mod=DIM
(82,28) fg=Reset bg=Reset mod=DIM
(83,28) fg=Reset bg=Reset mod=DIM
(84,28) fg=Reset bg=Reset mod=DIM
(85,28) fg=Reset bg=Reset mod=DIM
(86,28) fg=Reset bg=Reset mod=DIM
(87,28) fg=Reset bg=Reset mod=DIM
(88,28) fg=Reset bg=Reset mod=DIM
(89,28) fg=Reset bg=Reset mod=DIM
(90,28) fg=Reset bg=Reset mod=DIM
(91,28) fg=Reset bg=Reset mod=DIM
(92,28) fg=Reset bg=Reset mod=DIM
(93,28) fg=Reset bg=Reset mod=DIM
(94,28) fg=Reset bg=Reset mod=DIM
(95,28) fg=Reset bg=Reset mod=DIM
(96,28) fg=Reset bg=Reset mod=DIM
(97,28) fg=Reset bg=Reset mod=DIM
(98,28) fg=Reset bg=Reset mod=DIM
(99,28) fg=Reset bg=Reset mod=DIM
(0,29) fg=White bg=DarkGray mod=-
(1,29) fg=White bg=DarkGray mod=-
(2,29) fg=White bg=DarkGray mod=-
(3,29) fg=White bg=DarkGray mod=-
(4,29) fg=White bg=DarkGray mod=-
(5,29) fg=White bg=DarkGray mod=-
(6,29) fg=White bg=DarkGray mod=-
(7,29) fg=Reset bg=Reset mod=DIM
(8,29) fg=Reset bg=Reset mod=DIM
(9,29) fg=Reset bg=Reset mod=DIM
(10,29) fg=Reset bg=Reset mod=DIM
(11,29) fg=Reset bg=Reset mod=DIM
(14,29) fg=White bg=DarkGray mod=-
(15,29) fg=White bg=DarkGray mod=-
(16,29) fg=White bg=DarkGray mod=-
(17,29) fg=Reset bg=Reset mod=DIM
(18,29) fg=Reset bg=Reset mod=DIM
(19,29) fg=Reset bg=Reset mod=DIM
(20,29) fg=Reset bg=Reset mod=DIM
(21,29) fg=Reset bg=Reset mod=DIM
(22,29) fg=Reset bg=Reset mod=DIM
(23,29) fg=Reset bg=Reset mod=DIM
(24,29) fg=Reset bg=Reset mod=DIM
(27,29) fg=White bg=DarkGray mod=-
(28,29) fg=White bg=DarkGray mod=-
(29,29) fg=White bg=DarkGray mod=-
(30,29) fg=Reset bg=Reset mod=DIM
(31,29) fg=Reset bg=Reset mod=DIM
(32,29) fg=Reset bg=Reset mod=DIM
(33,29) fg=Reset bg=Reset mod=DIM
(34,29) fg=Reset bg=Reset mod=DIM
(37,29) fg=White bg=DarkGray mod=-
(38,29) fg=White bg=DarkGray mod=-
(39,29) fg=White bg=DarkGray mod=-
(40,29) fg=Reset bg=Reset mod=DIM
(41,29) fg=Reset bg=Reset mod=DIM
(42,29) fg=Reset bg=Reset mod=DIM
(43,29) fg=Reset bg=Reset mod=DIM
(44,29) fg=Reset bg=Reset mod=DIM
(45,29) fg=Reset bg=Reset mod=DIM
(48,29) fg=White bg=DarkGray mod=-
(49,29) fg=White bg=DarkGray mod=-
(50,29) fg=White bg=DarkGray mod=-
(51,29) fg=Reset bg=Reset mod=DIM
(52,29) fg=Reset bg=Reset mod=DIM
(53,29) fg=Reset bg=Reset mod=DIM
(54,29) fg=Reset bg=Reset mod=DIM
(55,29) fg=Reset bg=Reset mod=DIM
(58,29) fg=White bg=DarkGray mod=-
(59,29) fg=White bg=DarkGray mod=-
(60,29) fg=White bg=DarkGray mod=-
(61,29) fg=Reset bg=Reset mod=DIM
(62,29) fg=Reset bg=Reset mod=DIM
(63,29) fg=Reset bg=Reset mod=DIM
(64,29) fg=Reset bg=Reset mod=DIM
(65,29) fg=Reset bg=Reset mod=DIM
(66,29) fg=Reset bg=Reset mod=DIM
(67,29) fg=Reset bg=Reset mod=DIM
(68,29) fg=Reset bg=Reset mod=DIM
(69,29) fg=Reset bg=Reset mod=DIM
(72,29) fg=White bg=DarkGray mod=-
(73,29) fg=White bg=DarkGray mod=-
(74,29) fg=White bg=DarkGray mod=-
(75,29) fg=Reset bg=Reset mod=DIM
(76,29) fg=Reset bg=Reset mod=DIM
(77,29) fg=Reset bg=Reset mod=DIM
(78,29) fg=Reset bg=Reset mod=DIM
(79,29) fg=Reset bg=Reset mod=DIM
(80,29) fg=Reset bg=Reset mod=DIM
(92,29) fg=White bg=DarkGray mod=-
(93,29) fg=White bg=DarkGray mod=-
(94,29) fg=White bg=DarkGray mod=-
(95,29) fg=Reset bg=Reset mod=DIM
(96,29) fg=Reset bg=Reset mod=DIM
(97,29) fg=Reset bg=Reset mod=DIM
(98,29) fg=Reset bg=Reset mod=DIM
(99,29) fg=Reset bg=Reset mod=DIM
