╭──────────────────────────────────────────────────────────────────────────────────────────────────────────────────────────────────────────────────────────────╮
│  purple       hosts      tunnels      containers      snippets      keys                                                                                     │
╰──────────────────────────────────────────────────────────────────────────────────────────────────────────────────────────────────────────────────────────────╯
╭ Snippets (10) ───────────────────────────────────────────────────────────────────────╮╭─ OVERVIEW ───────────────────────────────────────────────────────────╮
│  NAME                    PARAMS  DESCRIPTION                                         ││ Pull and roll a service                                              │
│ ──────────────────────────────────────────────────────────────────────────────────── ││                                                                      │
│  uptime                  ·       Server uptime and load                              ││ Parameters    2                                                      │
│  disk-usage              ·       Root disk usage                                     ││ Default hosts prod-eu1, prod-eu2, aws-api-prod                       │
│  docker-ps               ·       Running containers                                  │╰──────────────────────────────────────────────────────────────────────╯
│  tail-logs               ·       Last 50 syslog lines                                │╭─ TRACK RECORD ────────────────────────────────────── ✓ 97% reliable ─╮
│  restart-nginx           ·       Restart nginx service                               ││                                                                      │
│ ▌deploy                  2       Pull and roll a service                             ││  100│⠉⠉⠉⠉⠉⠉⠉⠉⠉⠉⠉⠉⠉⠉⠉⠉⠉⠉⠉⠑⠒⠒⠢⠤⠤⢄⣀⣀⠤⠤⠤⠒⠒⠒⠉⠉⠉⠉⠉⠉⠉⠉⠉⠉⠉⠉⠉⠉⠉⠉⠉⠉⠉⠉⠉⠉⠉⠉⠉⠉⠉⠉  │
│  backup-db               1       Snapshot a Postgres database                        ││     │                                                                │
│  log-rotate              ·       Force a log rotation                                ││  0  │                                                                │
│  container-prune         ·       Show disk usage then purge unused image…            ││ last ✓ 2h ago · 28 of 29 host runs ok · 1 partial                    │
│  certbot-renew           ·       Renew Let's Encrypt certificates and re…            │╰──────────────────────────────────────────────────────────────────────╯
│                                                                                      │╭─ COMMAND ────────────────────────────────────────────────────────────╮
│                                                                                      ││ cd /opt/{{app}} && git pull && docker compose pull && docker compose │
│                                                                                      ││ up -d --no-deps {{service:web}}                                      │
│                                                                                      │╰──────────────────────────────────────────────────────────────────────╯
│                                                                                      │╭─ PARAMETERS ─────────────────────────────────────────────────────────╮
│                                                                                      ││ app           required                                               │
│                                                                                      ││ service       = web                                                  │
│                                                                                      │╰──────────────────────────────────────────────────────────────────────╯
│                                                                                      │╭─ IMPACT ─────────────────────────────── · writes state on each host ─╮
│                                                                                      ││ · docker compose up: changes running state                           │
│                                                                                      ││ · runs on every host you select                                      │
│                                                                                      ││                                                                      │
│                                                                                      ││                                                                      │
│                                                                                      ││                                                                      │
│                                                                                      ││                                                                      │
│                                                                                      ││                                                                      │
│                                                                                      ││                                                                      │
│                                                                                      ││                                                                      │
│                                                                                      ││                                                                      │
│                                                                                      ││                                                                      │
│                                                                                      ││                                                                      │
│                                                                                      ││                                                                      │
╰──────────────────────────────────────────────────────────────────────────────────────╯╰──────────────────────────────────────────────────────────────────────╯
 Enter  run    /  search    a  add    e  edit    d  del    v  compact    :  jump                                                                         ?  more
---STYLES---
(0,0) fg=Reset bg=Reset mod=DIM
(1,0) fg=Reset bg=Reset mod=DIM
(2,0) fg=Reset bg=Reset mod=DIM
(3,0) fg=Reset bg=Reset mod=DIM
(4,0) fg=Reset bg=Reset mod=DIM
(5,0) fg=Reset bg=Reset mod=DIM
(6,0) fg=Reset bg=Reset mod=DIM
(7,0) fg=Reset bg=Reset mod=DIM
(8,0) fg=Reset bg=Reset mod=DIM
(9,0) fg=Reset bg=Reset mod=DIM
(10,0) fg=Reset bg=Reset mod=DIM
(11,0) fg=Reset bg=Reset mod=DIM
(12,0) fg=Reset bg=Reset mod=DIM
(13,0) fg=Reset bg=Reset mod=DIM
(14,0) fg=Reset bg=Reset mod=DIM
(15,0) fg=Reset bg=Reset mod=DIM
(16,0) fg=Reset bg=Reset mod=DIM
(17,0) fg=Reset bg=Reset mod=DIM
(18,0) fg=Reset bg=Reset mod=DIM
(19,0) fg=Reset bg=Reset mod=DIM
(20,0) fg=Reset bg=Reset mod=DIM
(21,0) fg=Reset bg=Reset mod=DIM
(22,0) fg=Reset bg=Reset mod=DIM
(23,0) fg=Reset bg=Reset mod=DIM
(24,0) fg=Reset bg=Reset mod=DIM
(25,0) fg=Reset bg=Reset mod=DIM
(26,0) fg=Reset bg=Reset mod=DIM
(27,0) fg=Reset bg=Reset mod=DIM
(28,0) fg=Reset bg=Reset mod=DIM
(29,0) fg=Reset bg=Reset mod=DIM
(30,0) fg=Reset bg=Reset mod=DIM
(31,0) fg=Reset bg=Reset mod=DIM
(32,0) fg=Reset bg=Reset mod=DIM
(33,0) fg=Reset bg=Reset mod=DIM
(34,0) fg=Reset bg=Reset mod=DIM
(35,0) fg=Reset bg=Reset mod=DIM
(36,0) fg=Reset bg=Reset mod=DIM
(37,0) fg=Reset bg=Reset mod=DIM
(38,0) fg=Reset bg=Reset mod=DIM
(39,0) fg=Reset bg=Reset mod=DIM
(40,0) fg=Reset bg=Reset mod=DIM
(41,0) fg=Reset bg=Reset mod=DIM
(42,0) fg=Reset bg=Reset mod=DIM
(43,0) fg=Reset bg=Reset mod=DIM
(44,0) fg=Reset bg=Reset mod=DIM
(45,0) fg=Reset bg=Reset mod=DIM
(46,0) fg=Reset bg=Reset mod=DIM
(47,0) fg=Reset bg=Reset mod=DIM
(48,0) fg=Reset bg=Reset mod=DIM
(49,0) fg=Reset bg=Reset mod=DIM
(50,0) fg=Reset bg=Reset mod=DIM
(51,0) fg=Reset bg=Reset mod=DIM
(52,0) fg=Reset bg=Reset mod=DIM
(53,0) fg=Reset bg=Reset mod=DIM
(54,0) fg=Reset bg=Reset mod=DIM
(55,0) fg=Reset bg=Reset mod=DIM
(56,0) fg=Reset bg=Reset mod=DIM
(57,0) fg=Reset bg=Reset mod=DIM
(58,0) fg=Reset bg=Reset mod=DIM
(59,0) fg=Reset bg=Reset mod=DIM
(60,0) fg=Reset bg=Reset mod=DIM
(61,0) fg=Reset bg=Reset mod=DIM
(62,0) fg=Reset bg=Reset mod=DIM
(63,0) fg=Reset bg=Reset mod=DIM
(64,0) fg=Reset bg=Reset mod=DIM
(65,0) fg=Reset bg=Reset mod=DIM
(66,0) fg=Reset bg=Reset mod=DIM
(67,0) fg=Reset bg=Reset mod=DIM
(68,0) fg=Reset bg=Reset mod=DIM
(69,0) fg=Reset bg=Reset mod=DIM
(70,0) fg=Reset bg=Reset mod=DIM
(71,0) fg=Reset bg=Reset mod=DIM
(72,0) fg=Reset bg=Reset mod=DIM
(73,0) fg=Reset bg=Reset mod=DIM
(74,0) fg=Reset bg=Reset mod=DIM
(75,0) fg=Reset bg=Reset mod=DIM
(76,0) fg=Reset bg=Reset mod=DIM
(77,0) fg=Reset bg=Reset mod=DIM
(78,0) fg=Reset bg=Reset mod=DIM
(79,0) fg=Reset bg=Reset mod=DIM
(80,0) fg=Reset bg=Reset mod=DIM
(81,0) fg=Reset bg=Reset mod=DIM
(82,0) fg=Reset bg=Reset mod=DIM
(83,0) fg=Reset bg=Reset mod=DIM
(84,0) fg=Reset bg=Reset mod=DIM
(85,0) fg=Reset bg=Reset mod=DIM
(86,0) fg=Reset bg=Reset mod=DIM
(87,0) fg=Reset bg=Reset mod=DIM
(88,0) fg=Reset bg=Reset mod=DIM
(89,0) fg=Reset bg=Reset mod=DIM
(90,0) fg=Reset bg=Reset mod=DIM
(91,0) fg=Reset bg=Reset mod=DIM
(92,0) fg=Reset bg=Reset mod=DIM
(93,0) fg=Reset bg=Reset mod=DIM
(94,0) fg=Reset bg=Reset mod=DIM
(95,0) fg=Reset bg=Reset mod=DIM
(96,0) fg=Reset bg=Reset mod=DIM
(97,0) fg=Reset bg=Reset mod=DIM
(98,0) fg=Reset bg=Reset mod=DIM
(99,0) fg=Reset bg=Reset mod=DIM
(100,0) fg=Reset bg=Reset mod=DIM
(101,0) fg=Reset bg=Reset mod=DIM
(102,0) fg=Reset bg=Reset mod=DIM
(103,0) fg=Reset bg=Reset mod=DIM
(104,0) fg=Reset bg=Reset mod=DIM
(105,0) fg=Reset bg=Reset mod=DIM
(106,0) fg=Reset bg=Reset mod=DIM
(107,0) fg=Reset bg=Reset mod=DIM
(108,0) fg=Reset bg=Reset mod=DIM
(109,0) fg=Reset bg=Reset mod=DIM
(110,0) fg=Reset bg=Reset mod=DIM
(111,0) fg=Reset bg=Reset mod=DIM
(112,0) fg=Reset bg=Reset mod=DIM
(113,0) fg=Reset bg=Reset mod=DIM
(114,0) fg=Reset bg=Reset mod=DIM
(115,0) fg=Reset bg=Reset mod=DIM
(116,0) fg=Reset bg=Reset mod=DIM
(117,0) fg=Reset bg=Reset mod=DIM
(118,0) fg=Reset bg=Reset mod=DIM
(119,0) fg=Reset bg=Reset mod=DIM
(120,0) fg=Reset bg=Reset mod=DIM
(121,0) fg=Reset bg=Reset mod=DIM
(122,0) fg=Reset bg=Reset mod=DIM
(123,0) fg=Reset bg=Reset mod=DIM
(124,0) fg=Reset bg=Reset mod=DIM
(125,0) fg=Reset bg=Reset mod=DIM
(126,0) fg=Reset bg=Reset mod=DIM
(127,0) fg=Reset bg=Reset mod=DIM
(128,0) fg=Reset bg=Reset mod=DIM
(129,0) fg=Reset bg=Reset mod=DIM
(130,0) fg=Reset bg=Reset mod=DIM
(131,0) fg=Reset bg=Reset mod=DIM
(132,0) fg=Reset bg=Reset mod=DIM
(133,0) fg=Reset bg=Reset mod=DIM
(134,0) fg=Reset bg=Reset mod=DIM
(135,0) fg=Reset bg=Reset mod=DIM
(136,0) fg=Reset bg=Reset mod=DIM
(137,0) fg=Reset bg=Reset mod=DIM
(138,0) fg=Reset bg=Reset mod=DIM
(139,0) fg=Reset bg=Reset mod=DIM
(140,0) fg=Reset bg=Reset mod=DIM
(141,0) fg=Reset bg=Reset mod=DIM
(142,0) fg=Reset bg=Reset mod=DIM
(143,0) fg=Reset bg=Reset mod=DIM
(144,0) fg=Reset bg=Reset mod=DIM
(145,0) fg=Reset bg=Reset mod=DIM
(146,0) fg=Reset bg=Reset mod=DIM
(147,0) fg=Reset bg=Reset mod=DIM
(148,0) fg=Reset bg=Reset mod=DIM
(149,0) fg=Reset bg=Reset mod=DIM
(150,0) fg=Reset bg=Reset mod=DIM
(151,0) fg=Reset bg=Reset mod=DIM
(152,0) fg=Reset bg=Reset mod=DIM
(153,0) fg=Reset bg=Reset mod=DIM
(154,0) fg=Reset bg=Reset mod=DIM
(155,0) fg=Reset bg=Reset mod=DIM
(156,0) fg=Reset bg=Reset mod=DIM
(157,0) fg=Reset bg=Reset mod=DIM
(158,0) fg=Reset bg=Reset mod=DIM
(159,0) fg=Reset bg=Reset mod=DIM
(0,1) fg=Reset bg=Reset mod=DIM
(2,1) fg=White bg=Magenta mod=BOLD
(3,1) fg=White bg=Magenta mod=BOLD
(4,1) fg=White bg=Magenta mod=BOLD
(5,1) fg=White bg=Magenta mod=BOLD
(6,1) fg=White bg=Magenta mod=BOLD
(7,1) fg=White bg=Magenta mod=BOLD
(8,1) fg=White bg=Magenta mod=BOLD
(9,1) fg=White bg=Magenta mod=BOLD
(16,1) fg=Reset bg=Reset mod=DIM
(17,1) fg=Reset bg=Reset mod=DIM
(18,1) fg=Reset bg=Reset mod=DIM
(19,1) fg=Reset bg=Reset mod=DIM
(20,1) fg=Reset bg=Reset mod=DIM
(27,1) fg=Reset bg=Reset mod=DIM
(28,1) fg=Reset bg=Reset mod=DIM
(29,1) fg=Reset bg=Reset mod=DIM
(30,1) fg=Reset bg=Reset mod=DIM
(31,1) fg=Reset bg=Reset mod=DIM
(32,1) fg=Reset bg=Reset mod=DIM
(33,1) fg=Reset bg=Reset mod=DIM
(40,1) fg=Reset bg=Reset mod=DIM
(41,1) fg=Reset bg=Reset mod=DIM
(42,1) fg=Reset bg=Reset mod=DIM
(43,1) fg=Reset bg=Reset mod=DIM
(44,1) fg=Reset bg=Reset mod=DIM
(45,1) fg=Reset bg=Reset mod=DIM
(46,1) fg=Reset bg=Reset mod=DIM
(47,1) fg=Reset bg=Reset mod=DIM
(48,1) fg=Reset bg=Reset mod=DIM
(49,1) fg=Reset bg=Reset mod=DIM
(56,1) fg=Reset bg=Reset mod=BOLD|UNDERLINED
(57,1) fg=Reset bg=Reset mod=BOLD|UNDERLINED
(58,1) fg=Reset bg=Reset mod=BOLD|UNDERLINED
(59,1) fg=Reset bg=Reset mod=BOLD|UNDERLINED
(60,1) fg=Reset bg=Reset mod=BOLD|UNDERLINED
(61,1) fg=Reset bg=Reset mod=BOLD|UNDERLINED
(62,1) fg=Reset bg=Reset mod=BOLD|UNDERLINED
(63,1) fg=Reset bg=Reset mod=BOLD|UNDERLINED
(70,1) fg=Reset bg=Reset mod=DIM
(71,1) fg=Reset bg=Reset mod=DIM
(72,1) fg=Reset bg=Reset mod=DIM
(73,1) fg=Reset bg=Reset mod=DIM
(159,1) fg=Reset bg=Reset mod=DIM
(0,2) fg=Reset bg=Reset mod=DIM
(1,2) fg=Reset bg=Reset mod=DIM
(2,2) fg=Reset bg=Reset mod=DIM
(3,2) fg=Reset bg=Reset mod=DIM
(4,2) fg=Reset bg=Reset mod=DIM
(5,2) fg=Reset bg=Reset mod=DIM
(6,2) fg=Reset bg=Reset mod=DIM
(7,2) fg=Reset bg=Reset mod=DIM
(8,2) fg=Reset bg=Reset mod=DIM
(9,2) fg=Reset bg=Reset mod=DIM
(10,2) fg=Reset bg=Reset mod=DIM
(11,2) fg=Reset bg=Reset mod=DIM
(12,2) fg=Reset bg=Reset mod=DIM
(13,2) fg=Reset bg=Reset mod=DIM
(14,2) fg=Reset bg=Reset mod=DIM
(15,2) fg=Reset bg=Reset mod=DIM
(16,2) fg=Reset bg=Reset mod=DIM
(17,2) fg=Reset bg=Reset mod=DIM
(18,2) fg=Reset bg=Reset mod=DIM
(19,2) fg=Reset bg=Reset mod=DIM
(20,2) fg=Reset bg=Reset mod=DIM
(21,2) fg=Reset bg=Reset mod=DIM
(22,2) fg=Reset bg=Reset mod=DIM
(23,2) fg=Reset bg=Reset mod=DIM
(24,2) fg=Reset bg=Reset mod=DIM
(25,2) fg=Reset bg=Reset mod=DIM
(26,2) fg=Reset bg=Reset mod=DIM
(27,2) fg=Reset bg=Reset mod=DIM
(28,2) fg=Reset bg=Reset mod=DIM
(29,2) fg=Reset bg=Reset mod=DIM
(30,2) fg=Reset bg=Reset mod=DIM
(31,2) fg=Reset bg=Reset mod=DIM
(32,2) fg=Reset bg=Reset mod=DIM
(33,2) fg=Reset bg=Reset mod=DIM
(34,2) fg=Reset bg=Reset mod=DIM
(35,2) fg=Reset bg=Reset mod=DIM
(36,2) fg=Reset bg=Reset mod=DIM
(37,2) fg=Reset bg=Reset mod=DIM
(38,2) fg=Reset bg=Reset mod=DIM
(39,2) fg=Reset bg=Reset mod=DIM
(40,2) fg=Reset bg=Reset mod=DIM
(41,2) fg=Reset bg=Reset mod=DIM
(42,2) fg=Reset bg=Reset mod=DIM
(43,2) fg=Reset bg=Reset mod=DIM
(44,2) fg=Reset bg=Reset mod=DIM
(45,2) fg=Reset bg=Reset mod=DIM
(46,2) fg=Reset bg=Reset mod=DIM
(47,2) fg=Reset bg=Reset mod=DIM
(48,2) fg=Reset bg=Reset mod=DIM
(49,2) fg=Reset bg=Reset mod=DIM
(50,2) fg=Reset bg=Reset mod=DIM
(51,2) fg=Reset bg=Reset mod=DIM
(52,2) fg=Reset bg=Reset mod=DIM
(53,2) fg=Reset bg=Reset mod=DIM
(54,2) fg=Reset bg=Reset mod=DIM
(55,2) fg=Reset bg=Reset mod=DIM
(56,2) fg=Reset bg=Reset mod=DIM
(57,2) fg=Reset bg=Reset mod=DIM
(58,2) fg=Reset bg=Reset mod=DIM
(59,2) fg=Reset bg=Reset mod=DIM
(60,2) fg=Reset bg=Reset mod=DIM
(61,2) fg=Reset bg=Reset mod=DIM
(62,2) fg=Reset bg=Reset mod=DIM
(63,2) fg=Reset bg=Reset mod=DIM
(64,2) fg=Reset bg=Reset mod=DIM
(65,2) fg=Reset bg=Reset mod=DIM
(66,2) fg=Reset bg=Reset mod=DIM
(67,2) fg=Reset bg=Reset mod=DIM
(68,2) fg=Reset bg=Reset mod=DIM
(69,2) fg=Reset bg=Reset mod=DIM
(70,2) fg=Reset bg=Reset mod=DIM
(71,2) fg=Reset bg=Reset mod=DIM
(72,2) fg=Reset bg=Reset mod=DIM
(73,2) fg=Reset bg=Reset mod=DIM
(74,2) fg=Reset bg=Reset mod=DIM
(75,2) fg=Reset bg=Reset mod=DIM
(76,2) fg=Reset bg=Reset mod=DIM
(77,2) fg=Reset bg=Reset mod=DIM
(78,2) fg=Reset bg=Reset mod=DIM
(79,2) fg=Reset bg=Reset mod=DIM
(80,2) fg=Reset bg=Reset mod=DIM
(81,2) fg=Reset bg=Reset mod=DIM
(82,2) fg=Reset bg=Reset mod=DIM
(83,2) fg=Reset bg=Reset mod=DIM
(84,2) fg=Reset bg=Reset mod=DIM
(85,2) fg=Reset bg=Reset mod=DIM
(86,2) fg=Reset bg=Reset mod=DIM
(87,2) fg=Reset bg=Reset mod=DIM
(88,2) fg=Reset bg=Reset mod=DIM
(89,2) fg=Reset bg=Reset mod=DIM
(90,2) fg=Reset bg=Reset mod=DIM
(91,2) fg=Reset bg=Reset mod=DIM
(92,2) fg=Reset bg=Reset mod=DIM
(93,2) fg=Reset bg=Reset mod=DIM
(94,2) fg=Reset bg=Reset mod=DIM
(95,2) fg=Reset bg=Reset mod=DIM
(96,2) fg=Reset bg=Reset mod=DIM
(97,2) fg=Reset bg=Reset mod=DIM
(98,2) fg=Reset bg=Reset mod=DIM
(99,2) fg=Reset bg=Reset mod=DIM
(100,2) fg=Reset bg=Reset mod=DIM
(101,2) fg=Reset bg=Reset mod=DIM
(102,2) fg=Reset bg=Reset mod=DIM
(103,2) fg=Reset bg=Reset mod=DIM
(104,2) fg=Reset bg=Reset mod=DIM
(105,2) fg=Reset bg=Reset mod=DIM
(106,2) fg=Reset bg=Reset mod=DIM
(107,2) fg=Reset bg=Reset mod=DIM
(108,2) fg=Reset bg=Reset mod=DIM
(109,2) fg=Reset bg=Reset mod=DIM
(110,2) fg=Reset bg=Reset mod=DIM
(111,2) fg=Reset bg=Reset mod=DIM
(112,2) fg=Reset bg=Reset mod=DIM
(113,2) fg=Reset bg=Reset mod=DIM
(114,2) fg=Reset bg=Reset mod=DIM
(115,2) fg=Reset bg=Reset mod=DIM
(116,2) fg=Reset bg=Reset mod=DIM
(117,2) fg=Reset bg=Reset mod=DIM
(118,2) fg=Reset bg=Reset mod=DIM
(119,2) fg=Reset bg=Reset mod=DIM
(120,2) fg=Reset bg=Reset mod=DIM
(121,2) fg=Reset bg=Reset mod=DIM
(122,2) fg=Reset bg=Reset mod=DIM
(123,2) fg=Reset bg=Reset mod=DIM
(124,2) fg=Reset bg=Reset mod=DIM
(125,2) fg=Reset bg=Reset mod=DIM
(126,2) fg=Reset bg=Reset mod=DIM
(127,2) fg=Reset bg=Reset mod=DIM
(128,2) fg=Reset bg=Reset mod=DIM
(129,2) fg=Reset bg=Reset mod=DIM
(130,2) fg=Reset bg=Reset mod=DIM
(131,2) fg=Reset bg=Reset mod=DIM
(132,2) fg=Reset bg=Reset mod=DIM
(133,2) fg=Reset bg=Reset mod=DIM
(134,2) fg=Reset bg=Reset mod=DIM
(135,2) fg=Reset bg=Reset mod=DIM
(136,2) fg=Reset bg=Reset mod=DIM
(137,2) fg=Reset bg=Reset mod=DIM
(138,2) fg=Reset bg=Reset mod=DIM
(139,2) fg=Reset bg=Reset mod=DIM
(140,2) fg=Reset bg=Reset mod=DIM
(141,2) fg=Reset bg=Reset mod=DIM
(142,2) fg=Reset bg=Reset mod=DIM
(143,2) fg=Reset bg=Reset mod=DIM
(144,2) fg=Reset bg=Reset mod=DIM
(145,2) fg=Reset bg=Reset mod=DIM
(146,2) fg=Reset bg=Reset mod=DIM
(147,2) fg=Reset bg=Reset mod=DIM
(148,2) fg=Reset bg=Reset mod=DIM
(149,2) fg=Reset bg=Reset mod=DIM
(150,2) fg=Reset bg=Reset mod=DIM
(151,2) fg=Reset bg=Reset mod=DIM
(152,2) fg=Reset bg=Reset mod=DIM
(153,2) fg=Reset bg=Reset mod=DIM
(154,2) fg=Reset bg=Reset mod=DIM
(155,2) fg=Reset bg=Reset mod=DIM
(156,2) fg=Reset bg=Reset mod=DIM
(157,2) fg=Reset bg=Reset mod=DIM
(158,2) fg=Reset bg=Reset mod=DIM
(159,2) fg=Reset bg=Reset mod=DIM
(0,3) fg=Reset bg=Reset mod=DIM
(1,3) fg=Reset bg=Reset mod=BOLD|DIM
(2,3) fg=Reset bg=Reset mod=BOLD|DIM
(3,3) fg=Reset bg=Reset mod=BOLD|DIM
(4,3) fg=Reset bg=Reset mod=BOLD|DIM
(5,3) fg=Reset bg=Reset mod=BOLD|DIM
(6,3) fg=Reset bg=Reset mod=BOLD|DIM
(7,3) fg=Reset bg=Reset mod=BOLD|DIM
(8,3) fg=Reset bg=Reset mod=BOLD|DIM
(9,3) fg=Reset bg=Reset mod=BOLD|DIM
(10,3) fg=Reset bg=Reset mod=BOLD|DIM
(11,3) fg=Reset bg=Reset mod=BOLD|DIM
(12,3) fg=Reset bg=Reset mod=BOLD|DIM
(13,3) fg=Reset bg=Reset mod=BOLD|DIM
(14,3) fg=Reset bg=Reset mod=BOLD|DIM
(15,3) fg=Reset bg=Reset mod=BOLD|DIM
(16,3) fg=Reset bg=Reset mod=DIM
(17,3) fg=Reset bg=Reset mod=DIM
(18,3) fg=Reset bg=Reset mod=DIM
(19,3) fg=Reset bg=Reset mod=DIM
(20,3) fg=Reset bg=Reset mod=DIM
(21,3) fg=Reset bg=Reset mod=DIM
(22,3) fg=Reset bg=Reset mod=DIM
(23,3) fg=Reset bg=Reset mod=DIM
(24,3) fg=Reset bg=Reset mod=DIM
(25,3) fg=Reset bg=Reset mod=DIM
(26,3) fg=Reset bg=Reset mod=DIM
(27,3) fg=Reset bg=Reset mod=DIM
(28,3) fg=Reset bg=Reset mod=DIM
(29,3) fg=Reset bg=Reset mod=DIM
(30,3) fg=Reset bg=Reset mod=DIM
(31,3) fg=Reset bg=Reset mod=DIM
(32,3) fg=Reset bg=Reset mod=DIM
(33,3) fg=Reset bg=Reset mod=DIM
(34,3) fg=Reset bg=Reset mod=DIM
(35,3) fg=Reset bg=Reset mod=DIM
(36,3) fg=Reset bg=Reset mod=DIM
(37,3) fg=Reset bg=Reset mod=DIM
(38,3) fg=Reset bg=Reset mod=DIM
(39,3) fg=Reset bg=Reset mod=DIM
(40,3) fg=Reset bg=Reset mod=DIM
(41,3) fg=Reset bg=Reset mod=DIM
(42,3) fg=Reset bg=Reset mod=DIM
(43,3) fg=Reset bg=Reset mod=DIM
(44,3) fg=Reset bg=Reset mod=DIM
(45,3) fg=Reset bg=Reset mod=DIM
(46,3) fg=Reset bg=Reset mod=DIM
(47,3) fg=Reset bg=Reset mod=DIM
(48,3) fg=Reset bg=Reset mod=DIM
(49,3) fg=Reset bg=Reset mod=DIM
(50,3) fg=Reset bg=Reset mod=DIM
(51,3) fg=Reset bg=Reset mod=DIM
(52,3) fg=Reset bg=Reset mod=DIM
(53,3) fg=Reset bg=Reset mod=DIM
(54,3) fg=Reset bg=Reset mod=DIM
(55,3) fg=Reset bg=Reset mod=DIM
(56,3) fg=Reset bg=Reset mod=DIM
(57,3) fg=Reset bg=Reset mod=DIM
(58,3) fg=Reset bg=Reset mod=DIM
(59,3) fg=Reset bg=Reset mod=DIM
(60,3) fg=Reset bg=Reset mod=DIM
(61,3) fg=Reset bg=Reset mod=DIM
(62,3) fg=Reset bg=Reset mod=DIM
(63,3) fg=Reset bg=Reset mod=DIM
(64,3) fg=Reset bg=Reset mod=DIM
(65,3) fg=Reset bg=Reset mod=DIM
(66,3) fg=Reset bg=Reset mod=DIM
(67,3) fg=Reset bg=Reset mod=DIM
(68,3) fg=Reset bg=Reset mod=DIM
(69,3) fg=Reset bg=Reset mod=DIM
(70,3) fg=Reset bg=Reset mod=DIM
(71,3) fg=Reset bg=Reset mod=DIM
(72,3) fg=Reset bg=Reset mod=DIM
(73,3) fg=Reset bg=Reset mod=DIM
(74,3) fg=Reset bg=Reset mod=DIM
(75,3) fg=Reset bg=Reset mod=DIM
(76,3) fg=Reset bg=Reset mod=DIM
(77,3) fg=Reset bg=Reset mod=DIM
(78,3) fg=Reset bg=Reset mod=DIM
(79,3) fg=Reset bg=Reset mod=DIM
(80,3) fg=Reset bg=Reset mod=DIM
(81,3) fg=Reset bg=Reset mod=DIM
(82,3) fg=Reset bg=Reset mod=DIM
(83,3) fg=Reset bg=Reset mod=DIM
(84,3) fg=Reset bg=Reset mod=DIM
(85,3) fg=Reset bg=Reset mod=DIM
(86,3) fg=Reset bg=Reset mod=DIM
(87,3) fg=Reset bg=Reset mod=DIM
(88,3) fg=Reset bg=Reset mod=DIM
(89,3) fg=Reset bg=Reset mod=DIM
(90,3) fg=Reset bg=Reset mod=DIM
(91,3) fg=Reset bg=Reset mod=BOLD
(92,3) fg=Reset bg=Reset mod=BOLD
(93,3) fg=Reset bg=Reset mod=BOLD
(94,3) fg=Reset bg=Reset mod=BOLD
(95,3) fg=Reset bg=Reset mod=BOLD
(96,3) fg=Reset bg=Reset mod=BOLD
(97,3) fg=Reset bg=Reset mod=BOLD
(98,3) fg=Reset bg=Reset mod=BOLD
(99,3) fg=Reset bg=Reset mod=DIM
(100,3) fg=Reset bg=Reset mod=DIM
(101,3) fg=Reset bg=Reset mod=DIM
(102,3) fg=Reset bg=Reset mod=DIM
(103,3) fg=Reset bg=Reset mod=DIM
(104,3) fg=Reset bg=Reset mod=DIM
(105,3) fg=Reset bg=Reset mod=DIM
(106,3) fg=Reset bg=Reset mod=DIM
(107,3) fg=Reset bg=Reset mod=DIM
(108,3) fg=Reset bg=Reset mod=DIM
(109,3) fg=Reset bg=Reset mod=DIM
(110,3) fg=Reset bg=Reset mod=DIM
(111,3) fg=Reset bg=Reset mod=DIM
(112,3) fg=Reset bg=Reset mod=DIM
(113,3) fg=Reset bg=Reset mod=DIM
(114,3) fg=Reset bg=Reset mod=DIM
(115,3) fg=Reset bg=Reset mod=DIM
(116,3) fg=Reset bg=Reset mod=DIM
(117,3) fg=Reset bg=Reset mod=DIM
(118,3) fg=Reset bg=Reset mod=DIM
(119,3) fg=Reset bg=Reset mod=DIM
(120,3) fg=Reset bg=Reset mod=DIM
(121,3) fg=Reset bg=Reset mod=DIM
(122,3) fg=Reset bg=Reset mod=DIM
(123,3) fg=Reset bg=Reset mod=DIM
(124,3) fg=Reset bg=Reset mod=DIM
(125,3) fg=Reset bg=Reset mod=DIM
(126,3) fg=Reset bg=Reset mod=DIM
(127,3) fg=Reset bg=Reset mod=DIM
(128,3) fg=Reset bg=Reset mod=DIM
(129,3) fg=Reset bg=Reset mod=DIM
(130,3) fg=Reset bg=Reset mod=DIM
(131,3) fg=Reset bg=Reset mod=DIM
(132,3) fg=Reset bg=Reset mod=DIM
(133,3) fg=Reset bg=Reset mod=DIM
(134,3) fg=Reset bg=Reset mod=DIM
(135,3) fg=Reset bg=Reset mod=DIM
(136,3) fg=Reset bg=Reset mod=DIM
(137,3) fg=Reset bg=Reset mod=DIM
(138,3) fg=Reset bg=Reset mod=DIM
(139,3) fg=Reset bg=Reset mod=DIM
(140,3) fg=Reset bg=Reset mod=DIM
(141,3) fg=Reset bg=Reset mod=DIM
(142,3) fg=Reset bg=Reset mod=DIM
(143,3) fg=Reset bg=Reset mod=DIM
(144,3) fg=Reset bg=Reset mod=DIM
(145,3) fg=Reset bg=Reset mod=DIM
(146,3) fg=Reset bg=Reset mod=DIM
(147,3) fg=Reset bg=Reset mod=DIM
(148,3) fg=Reset bg=Reset mod=DIM
(149,3) fg=Reset bg=Reset mod=DIM
(150,3) fg=Reset bg=Reset mod=DIM
(151,3) fg=Reset bg=Reset mod=DIM
(152,3) fg=Reset bg=Reset mod=DIM
(153,3) fg=Reset bg=Reset mod=DIM
(154,3) fg=Reset bg=Reset mod=DIM
(155,3) fg=Reset bg=Reset mod=DIM
(156,3) fg=Reset bg=Reset mod=DIM
(157,3) fg=Reset bg=Reset mod=DIM
(158,3) fg=Reset bg=Reset mod=DIM
(159,3) fg=Reset bg=Reset mod=DIM
(0,4) fg=Reset bg=Reset mod=DIM
(2,4) fg=Reset bg=Reset mod=BOLD
(3,4) fg=Reset bg=Reset mod=BOLD
(4,4) fg=Reset bg=Reset mod=BOLD
(5,4) fg=Reset bg=Reset mod=BOLD
(6,4) fg=Reset bg=Reset mod=BOLD
(7,4) fg=Reset bg=Reset mod=BOLD
(8,4) fg=Reset bg=Reset mod=BOLD
(9,4) fg=Reset bg=Reset mod=BOLD
(10,4) fg=Reset bg=Reset mod=BOLD
(11,4) fg=Reset bg=Reset mod=BOLD
(12,4) fg=Reset bg=Reset mod=BOLD
(13,4) fg=Reset bg=Reset mod=BOLD
(14,4) fg=Reset bg=Reset mod=BOLD
(15,4) fg=Reset bg=Reset mod=BOLD
(16,4) fg=Reset bg=Reset mod=BOLD
(17,4) fg=Reset bg=Reset mod=BOLD
(18,4) fg=Reset bg=Reset mod=BOLD
(19,4) fg=Reset bg=Reset mod=BOLD
(20,4) fg=Reset bg=Reset mod=BOLD
(21,4) fg=Reset bg=Reset mod=BOLD
(22,4) fg=Reset bg=Reset mod=BOLD
(23,4) fg=Reset bg=Reset mod=BOLD
(24,4) fg=Reset bg=Reset mod=BOLD
(25,4) fg=Reset bg=Reset mod=BOLD
(26,4) fg=Reset bg=Reset mod=BOLD
(27,4) fg=Reset bg=Reset mod=BOLD
(28,4) fg=Reset bg=Reset mod=BOLD
(29,4) fg=Reset bg=Reset mod=BOLD
(30,4) fg=Reset bg=Reset mod=BOLD
(31,4) fg=Reset bg=Reset mod=BOLD
(32,4) fg=Reset bg=Reset mod=BOLD
(33,4) fg=Reset bg=Reset mod=BOLD
(34,4) fg=Reset bg=Reset mod=BOLD
(35,4) fg=Reset bg=Reset mod=BOLD
(36,4) fg=Reset bg=Reset mod=BOLD
(37,4) fg=Reset bg=Reset mod=BOLD
(38,4) fg=Reset bg=Reset mod=BOLD
(39,4) fg=Reset bg=Reset mod=BOLD
(40,4) fg=Reset bg=Reset mod=BOLD
(41,4) fg=Reset bg=Reset mod=BOLD
(42,4) fg=Reset bg=Reset mod=BOLD
(43,4) fg=Reset bg=Reset mod=BOLD
(44,4) fg=Reset bg=Reset mod=BOLD
(45,4) fg=Reset bg=Reset mod=BOLD
(87,4) fg=Reset bg=Reset mod=DIM
(88,4) fg=Reset bg=Reset mod=DIM
(89,4) fg=Reset bg=Reset mod=DIM
(90,4) fg=Reset bg=Reset mod=DIM
(91,4) fg=Reset bg=Reset mod=DIM
(92,4) fg=Reset bg=Reset mod=DIM
(93,4) fg=Reset bg=Reset mod=DIM
(94,4) fg=Reset bg=Reset mod=DIM
(95,4) fg=Reset bg=Reset mod=DIM
(96,4) fg=Reset bg=Reset mod=DIM
(97,4) fg=Reset bg=Reset mod=DIM
(98,4) fg=Reset bg=Reset mod=DIM
(99,4) fg=Reset bg=Reset mod=DIM
(100,4) fg=Reset bg=Reset mod=DIM
(101,4) fg=Reset bg=Reset mod=DIM
(102,4) fg=Reset bg=Reset mod=DIM
(103,4) fg=Reset bg=Reset mod=DIM
(104,4) fg=Reset bg=Reset mod=DIM
(105,4) fg=Reset bg=Reset mod=DIM
(106,4) fg=Reset bg=Reset mod=DIM
(107,4) fg=Reset bg=Reset mod=DIM
(108,4) fg=Reset bg=Reset mod=DIM
(109,4) fg=Reset bg=Reset mod=DIM
(110,4) fg=Reset bg=Reset mod=DIM
(111,4) fg=Reset bg=Reset mod=DIM
(112,4) fg=Reset bg=Reset mod=DIM
(159,4) fg=Reset bg=Reset mod=DIM
(0,5) fg=Reset bg=Reset mod=DIM
(2,5) fg=Reset bg=Reset mod=DIM
(3,5) fg=Reset bg=Reset mod=DIM
(4,5) fg=Reset bg=Reset mod=DIM
(5,5) fg=Reset bg=Reset mod=DIM
(6,5) fg=Reset bg=Reset mod=DIM
(7,5) fg=Reset bg=Reset mod=DIM
(8,5) fg=Reset bg=Reset mod=DIM
(9,5) fg=Reset bg=Reset mod=DIM
(10,5) fg=Reset bg=Reset mod=DIM
(11,5) fg=Reset bg=Reset mod=DIM
(12,5) fg=Reset bg=Reset mod=DIM
(13,5) fg=Reset bg=Reset mod=DIM
(14,5) fg=Reset bg=Reset mod=DIM
(15,5) fg=Reset bg=Reset mod=DIM
(16,5) fg=Reset bg=Reset mod=DIM
(17,5) fg=Reset bg=Reset mod=DIM
(18,5) fg=Reset bg=Reset mod=DIM
(19,5) fg=Reset bg=Reset mod=DIM
(20,5) fg=Reset bg=Reset mod=DIM
(21,5) fg=Reset bg=Reset mod=DIM
(22,5) fg=Reset bg=Reset mod=DIM
(23,5) fg=Reset bg=Reset mod=DIM
(24,5) fg=Reset bg=Reset mod=DIM
(25,5) fg=Reset bg=Reset mod=DIM
(26,5) fg=Reset bg=Reset mod=DIM
(27,5) fg=Reset bg=Reset mod=DIM
(28,5) fg=Reset bg=Reset mod=DIM
(29,5) fg=Reset bg=Reset mod=DIM
(30,5) fg=Reset bg=Reset mod=DIM
(31,5) fg=Reset bg=Reset mod=DIM
(32,5) fg=Reset bg=Reset mod=DIM
(33,5) fg=Reset bg=Reset mod=DIM
(34,5) fg=Reset bg=Reset mod=DIM
(35,5) fg=Reset bg=Reset mod=DIM
(36,5) fg=Reset bg=Reset mod=DIM
(37,5) fg=Reset bg=Reset mod=DIM
(38,5) fg=Reset bg=Reset mod=DIM
(39,5) fg=Reset bg=Reset mod=DIM
(40,5) fg=Reset bg=Reset mod=DIM
(41,5) fg=Reset bg=Reset mod=DIM
(42,5) fg=Reset bg=Reset mod=DIM
(43,5) fg=Reset bg=Reset mod=DIM
(44,5) fg=Reset bg=Reset mod=DIM
(45,5) fg=Reset bg=Reset mod=DIM
(46,5) fg=Reset bg=Reset mod=DIM
(47,5) fg=Reset bg=Reset mod=DIM
(48,5) fg=Reset bg=Reset mod=DIM
(49,5) fg=Reset bg=Reset mod=DIM
(50,5) fg=Reset bg=Reset mod=DIM
(51,5) fg=Reset bg=Reset mod=DIM
(52,5) fg=Reset bg=Reset mod=DIM
(53,5) fg=Reset bg=Reset mod=DIM
(54,5) fg=Reset bg=Reset mod=DIM
(55,5) fg=Reset bg=Reset mod=DIM
(56,5) fg=Reset bg=Reset mod=DIM
(57,5) fg=Reset bg=Reset mod=DIM
(58,5) fg=Reset bg=Reset mod=DIM
(59,5) fg=Reset bg=Reset mod=DIM
(60,5) fg=Reset bg=Reset mod=DIM
(61,5) fg=Reset bg=Reset mod=DIM
(62,5) fg=Reset bg=Reset mod=DIM
(63,5) fg=Reset bg=Reset mod=DIM
(64,5) fg=Reset bg=Reset mod=DIM
(65,5) fg=Reset bg=Reset mod=DIM
(66,5) fg=Reset bg=Reset mod=DIM
(67,5) fg=Reset bg=Reset mod=DIM
(68,5) fg=Reset bg=Reset mod=DIM
(69,5) fg=Reset bg=Reset mod=DIM
(70,5) fg=Reset bg=Reset mod=DIM
(71,5) fg=Reset bg=Reset mod=DIM
(72,5) fg=Reset bg=Reset mod=DIM
(73,5) fg=Reset bg=Reset mod=DIM
(74,5) fg=Reset bg=Reset mod=DIM
(75,5) fg=Reset bg=Reset mod=DIM
(76,5) fg=Reset bg=Reset mod=DIM
(77,5) fg=Reset bg=Reset mod=DIM
(78,5) fg=Reset bg=Reset mod=DIM
(79,5) fg=Reset bg=Reset mod=DIM
(80,5) fg=Reset bg=Reset mod=DIM
(81,5) fg=Reset bg=Reset mod=DIM
(82,5) fg=Reset bg=Reset mod=DIM
(83,5) fg=Reset bg=Reset mod=DIM
(84,5) fg=Reset bg=Reset mod=DIM
(85,5) fg=Reset bg=Reset mod=DIM
(87,5) fg=Reset bg=Reset mod=DIM
(88,5) fg=Reset bg=Reset mod=DIM
(159,5) fg=Reset bg=Reset mod=DIM
(0,6) fg=Reset bg=Reset mod=DIM
(3,6) fg=Reset bg=Reset mod=BOLD
(4,6) fg=Reset bg=Reset mod=BOLD
(5,6) fg=Reset bg=Reset mod=BOLD
(6,6) fg=Reset bg=Reset mod=BOLD
(7,6) fg=Reset bg=Reset mod=BOLD
(8,6) fg=Reset bg=Reset mod=BOLD
(9,6) fg=Reset bg=Reset mod=BOLD
(10,6) fg=Reset bg=Reset mod=BOLD
(11,6) fg=Reset bg=Reset mod=BOLD
(12,6) fg=Reset bg=Reset mod=BOLD
(13,6) fg=Reset bg=Reset mod=BOLD
(14,6) fg=Reset bg=Reset mod=BOLD
(15,6) fg=Reset bg=Reset mod=BOLD
(16,6) fg=Reset bg=Reset mod=BOLD
(17,6) fg=Reset bg=Reset mod=BOLD
(18,6) fg=Reset bg=Reset mod=BOLD
(19,6) fg=Reset bg=Reset mod=BOLD
(20,6) fg=Reset bg=Reset mod=BOLD
(21,6) fg=Reset bg=Reset mod=BOLD
(22,6) fg=Reset bg=Reset mod=BOLD
(23,6) fg=Reset bg=Reset mod=BOLD
(24,6) fg=Reset bg=Reset mod=BOLD
(25,6) fg=Reset bg=Reset mod=BOLD
(26,6) fg=Reset bg=Reset mod=BOLD
(27,6) fg=Reset bg=Reset mod=DIM
(28,6) fg=Reset bg=Reset mod=DIM
(29,6) fg=Reset bg=Reset mod=DIM
(30,6) fg=Reset bg=Reset mod=DIM
(31,6) fg=Reset bg=Reset mod=DIM
(32,6) fg=Reset bg=Reset mod=DIM
(33,6) fg=Reset bg=Reset mod=DIM
(34,6) fg=Reset bg=Reset mod=DIM
(35,6) fg=Reset bg=Reset mod=DIM
(36,6) fg=Reset bg=Reset mod=DIM
(37,6) fg=Reset bg=Reset mod=DIM
(38,6) fg=Reset bg=Reset mod=DIM
(39,6) fg=Reset bg=Reset mod=DIM
(40,6) fg=Reset bg=Reset mod=DIM
(41,6) fg=Reset bg=Reset mod=DIM
(42,6) fg=Reset bg=Reset mod=DIM
(43,6) fg=Reset bg=Reset mod=DIM
(44,6) fg=Reset bg=Reset mod=DIM
(45,6) fg=Reset bg=Reset mod=DIM
(46,6) fg=Reset bg=Reset mod=DIM
(47,6) fg=Reset bg=Reset mod=DIM
(48,6) fg=Reset bg=Reset mod=DIM
(49,6) fg=Reset bg=Reset mod=DIM
(50,6) fg=Reset bg=Reset mod=DIM
(51,6) fg=Reset bg=Reset mod=DIM
(52,6) fg=Reset bg=Reset mod=DIM
(53,6) fg=Reset bg=Reset mod=DIM
(54,6) fg=Reset bg=Reset mod=DIM
(55,6) fg=Reset bg=Reset mod=DIM
(56,6) fg=Reset bg=Reset mod=DIM
(87,6) fg=Reset bg=Reset mod=DIM
(88,6) fg=Reset bg=Reset mod=DIM
(89,6) fg=Reset bg=Reset mod=DIM
(90,6) fg=Reset bg=Reset mod=DIM
(91,6) fg=Reset bg=Reset mod=DIM
(92,6) fg=Reset bg=Reset mod=DIM
(93,6) fg=Reset bg=Reset mod=DIM
(94,6) fg=Reset bg=Reset mod=DIM
(95,6) fg=Reset bg=Reset mod=DIM
(96,6) fg=Reset bg=Reset mod=DIM
(97,6) fg=Reset bg=Reset mod=DIM
(98,6) fg=Reset bg=Reset mod=DIM
(99,6) fg=Reset bg=Reset mod=DIM
(100,6) fg=Reset bg=Reset mod=DIM
(101,6) fg=Reset bg=Reset mod=DIM
(102,6) fg=Reset bg=Reset mod=DIM
(103,6) fg=Reset bg=Reset mod=DIM
(104,6) fg=Reset bg=Reset mod=BOLD
(159,6) fg=Reset bg=Reset mod=DIM
(0,7) fg=Reset bg=Reset mod=DIM
(3,7) fg=Reset bg=Reset mod=BOLD
(4,7) fg=Reset bg=Reset mod=BOLD
(5,7) fg=Reset bg=Reset mod=BOLD
(6,7) fg=Reset bg=Reset mod=BOLD
(7,7) fg=Reset bg=Reset mod=BOLD
(8,7) fg=Reset bg=Reset mod=BOLD
(9,7) fg=Reset bg=Reset mod=BOLD
(10,7) fg=Reset bg=Reset mod=BOLD
(11,7) fg=Reset bg=Reset mod=BOLD
(12,7) fg=Reset bg=Reset mod=BOLD
(13,7) fg=Reset bg=Reset mod=BOLD
(14,7) fg=Reset bg=Reset mod=BOLD
(15,7) fg=Reset bg=Reset mod=BOLD
(16,7) fg=Reset bg=Reset mod=BOLD
(17,7) fg=Reset bg=Reset mod=BOLD
(18,7) fg=Reset bg=Reset mod=BOLD
(19,7) fg=Reset bg=Reset mod=BOLD
(20,7) fg=Reset bg=Reset mod=BOLD
(21,7) fg=Reset bg=Reset mod=BOLD
(22,7) fg=Reset bg=Reset mod=BOLD
(23,7) fg=Reset bg=Reset mod=BOLD
(24,7) fg=Reset bg=Reset mod=BOLD
(25,7) fg=Reset bg=Reset mod=BOLD
(26,7) fg=Reset bg=Reset mod=BOLD
(27,7) fg=Reset bg=Reset mod=DIM
(28,7) fg=Reset bg=Reset mod=DIM
(29,7) fg=Reset bg=Reset mod=DIM
(30,7) fg=Reset bg=Reset mod=DIM
(31,7) fg=Reset bg=Reset mod=DIM
(32,7) fg=Reset bg=Reset mod=DIM
(33,7) fg=Reset bg=Reset mod=DIM
(34,7) fg=Reset bg=Reset mod=DIM
(35,7) fg=Reset bg=Reset mod=DIM
(36,7) fg=Reset bg=Reset mod=DIM
(37,7) fg=Reset bg=Reset mod=DIM
(38,7) fg=Reset bg=Reset mod=DIM
(39,7) fg=Reset bg=Reset mod=DIM
(40,7) fg=Reset bg=Reset mod=DIM
(41,7) fg=Reset bg=Reset mod=DIM
(42,7) fg=Reset bg=Reset mod=DIM
(43,7) fg=Reset bg=Reset mod=DIM
(44,7) fg=Reset bg=Reset mod=DIM
(45,7) fg=Reset bg=Reset mod=DIM
(46,7) fg=Reset bg=Reset mod=DIM
(47,7) fg=Reset bg=Reset mod=DIM
(48,7) fg=Reset bg=Reset mod=DIM
(49,7) fg=Reset bg=Reset mod=DIM
(87,7) fg=Reset bg=Reset mod=DIM
(88,7) fg=Reset bg=Reset mod=DIM
(89,7) fg=Reset bg=Reset mod=DIM
(90,7) fg=Reset bg=Reset mod=DIM
(91,7) fg=Reset bg=Reset mod=DIM
(92,7) fg=Reset bg=Reset mod=DIM
(93,7) fg=Reset bg=Reset mod=DIM
(94,7) fg=Reset bg=Reset mod=DIM
(95,7) fg=Reset bg=Reset mod=DIM
(96,7) fg=Reset bg=Reset mod=DIM
(97,7) fg=Reset bg=Reset mod=DIM
(98,7) fg=Reset bg=Reset mod=DIM
(99,7) fg=Reset bg=Reset mod=DIM
(100,7) fg=Reset bg=Reset mod=DIM
(101,7) fg=Reset bg=Reset mod=DIM
(102,7) fg=Reset bg=Reset mod=DIM
(103,7) fg=Reset bg=Reset mod=DIM
(104,7) fg=Reset bg=Reset mod=BOLD
(105,7) fg=Reset bg=Reset mod=BOLD
(106,7) fg=Reset bg=Reset mod=BOLD
(107,7) fg=Reset bg=Reset mod=BOLD
(108,7) fg=Reset bg=Reset mod=BOLD
(109,7) fg=Reset bg=Reset mod=BOLD
(110,7) fg=Reset bg=Reset mod=BOLD
(111,7) fg=Reset bg=Reset mod=BOLD
(112,7) fg=Reset bg=Reset mod=BOLD
(113,7) fg=Reset bg=Reset mod=BOLD
(114,7) fg=Reset bg=Reset mod=BOLD
(115,7) fg=Reset bg=Reset mod=BOLD
(116,7) fg=Reset bg=Reset mod=BOLD
(117,7) fg=Reset bg=Reset mod=BOLD
(118,7) fg=Reset bg=Reset mod=BOLD
(119,7) fg=Reset bg=Reset mod=BOLD
(120,7) fg=Reset bg=Reset mod=BOLD
(121,7) fg=Reset bg=Reset mod=BOLD
(122,7) fg=Reset bg=Reset mod=BOLD
(123,7) fg=Reset bg=Reset mod=BOLD
(124,7) fg=Reset bg=Reset mod=BOLD
(125,7) fg=Reset bg=Reset mod=BOLD
(126,7) fg=Reset bg=Reset mod=BOLD
(127,7) fg=Reset bg=Reset mod=BOLD
(128,7) fg=Reset bg=Reset mod=BOLD
(129,7) fg=Reset bg=Reset mod=BOLD
(130,7) fg=Reset bg=Reset mod=BOLD
(131,7) fg=Reset bg=Reset mod=BOLD
(132,7) fg=Reset bg=Reset mod=BOLD
(133,7) fg=Reset bg=Reset mod=BOLD
(134,7) fg=Reset bg=Reset mod=BOLD
(135,7) fg=Reset bg=Reset mod=BOLD
(159,7) fg=Reset bg=Reset mod=DIM
(0,8) fg=Reset bg=Reset mod=DIM
(3,8) fg=Reset bg=Reset mod=BOLD
(4,8) fg=Reset bg=Reset mod=BOLD
(5,8) fg=Reset bg=Reset mod=BOLD
(6,8) fg=Reset bg=Reset mod=BOLD
(7,8) fg=Reset bg=Reset mod=BOLD
(8,8) fg=Reset bg=Reset mod=BOLD
(9,8) fg=Reset bg=Reset mod=BOLD
(10,8) fg=Reset bg=Reset mod=BOLD
(11,8) fg=Reset bg=Reset mod=BOLD
(12,8) fg=Reset bg=Reset mod=BOLD
(13,8) fg=Reset bg=Reset mod=BOLD
(14,8) fg=Reset bg=Reset mod=BOLD
(15,8) fg=Reset bg=Reset mod=BOLD
(16,8) fg=Reset bg=Reset mod=BOLD
(17,8) fg=Reset bg=Reset mod=BOLD
(18,8) fg=Reset bg=Reset mod=BOLD
(19,8) fg=Reset bg=Reset mod=BOLD
(20,8) fg=Reset bg=Reset mod=BOLD
(21,8) fg=Reset bg=Reset mod=BOLD
(22,8) fg=Reset bg=Reset mod=BOLD
(23,8) fg=Reset bg=Reset mod=BOLD
(24,8) fg=Reset bg=Reset mod=BOLD
(25,8) fg=Reset bg=Reset mod=BOLD
(26,8) fg=Reset bg=Reset mod=BOLD
(27,8) fg=Reset bg=Reset mod=DIM
(28,8) fg=Reset bg=Reset mod=DIM
(29,8) fg=Reset bg=Reset mod=DIM
(30,8) fg=Reset bg=Reset mod=DIM
(31,8) fg=Reset bg=Reset mod=DIM
(32,8) fg=Reset bg=Reset mod=DIM
(33,8) fg=Reset bg=Reset mod=DIM
(34,8) fg=Reset bg=Reset mod=DIM
(35,8) fg=Reset bg=Reset mod=DIM
(36,8) fg=Reset bg=Reset mod=DIM
(37,8) fg=Reset bg=Reset mod=DIM
(38,8) fg=Reset bg=Reset mod=DIM
(39,8) fg=Reset bg=Reset mod=DIM
(40,8) fg=Reset bg=Reset mod=DIM
(41,8) fg=Reset bg=Reset mod=DIM
(42,8) fg=Reset bg=Reset mod=DIM
(43,8) fg=Reset bg=Reset mod=DIM
(44,8) fg=Reset bg=Reset mod=DIM
(45,8) fg=Reset bg=Reset mod=DIM
(46,8) fg=Reset bg=Reset mod=DIM
(47,8) fg=Reset bg=Reset mod=DIM
(48,8) fg=Reset bg=Reset mod=DIM
(49,8) fg=Reset bg=Reset mod=DIM
(50,8) fg=Reset bg=Reset mod=DIM
(51,8) fg=Reset bg=Reset mod=DIM
(52,8) fg=Reset bg=Reset mod=DIM
(87,8) fg=Reset bg=Reset mod=DIM
(88,8) fg=Reset bg=Reset mod=DIM
(89,8) fg=Reset bg=Reset mod=DIM
(90,8) fg=Reset bg=Reset mod=DIM
(91,8) fg=Reset bg=Reset mod=DIM
(92,8) fg=Reset bg=Reset mod=DIM
(93,8) fg=Reset bg=Reset mod=DIM
(94,8) fg=Reset bg=Reset mod=DIM
(95,8) fg=Reset bg=Reset mod=DIM
(96,8) fg=Reset bg=Reset mod=DIM
(97,8) fg=Reset bg=Reset mod=DIM
(98,8) fg=Reset bg=Reset mod=DIM
(99,8) fg=Reset bg=Reset mod=DIM
(100,8) fg=Reset bg=Reset mod=DIM
(101,8) fg=Reset bg=Reset mod=DIM
(102,8) fg=Reset bg=Reset mod=DIM
(103,8) fg=Reset bg=Reset mod=DIM
(104,8) fg=Reset bg=Reset mod=DIM
(105,8) fg=Reset bg=Reset mod=DIM
(106,8) fg=Reset bg=Reset mod=DIM
(107,8) fg=Reset bg=Reset mod=DIM
(108,8) fg=Reset bg=Reset mod=DIM
(109,8) fg=Reset bg=Reset mod=DIM
(110,8) fg=Reset bg=Reset mod=DIM
(111,8) fg=Reset bg=Reset mod=DIM
(112,8) fg=Reset bg=Reset mod=DIM
(113,8) fg=Reset bg=Reset mod=DIM
(114,8) fg=Reset bg=Reset mod=DIM
(115,8) fg=Reset bg=Reset mod=DIM
(116,8) fg=Reset bg=Reset mod=DIM
(117,8) fg=Reset bg=Reset mod=DIM
(118,8) fg=Reset bg=Reset mod=DIM
(119,8) fg=Reset bg=Reset mod=DIM
(120,8) fg=Reset bg=Reset mod=DIM
(121,8) fg=Reset bg=Reset mod=DIM
(122,8) fg=Reset bg=Reset mod=DIM
(123,8) fg=Reset bg=Reset mod=DIM
(124,8) fg=Reset bg=Reset mod=DIM
(125,8) fg=Reset bg=Reset mod=DIM
(126,8) fg=Reset bg=Reset mod=DIM
(127,8) fg=Reset bg=Reset mod=DIM
(128,8) fg=Reset bg=Reset mod=DIM
(129,8) fg=Reset bg=Reset mod=DIM
(130,8) fg=Reset bg=Reset mod=DIM
(131,8) fg=Reset bg=Reset mod=DIM
(132,8) fg=Reset bg=Reset mod=DIM
(133,8) fg=Reset bg=Reset mod=DIM
(134,8) fg=Reset bg=Reset mod=DIM
(135,8) fg=Reset bg=Reset mod=DIM
(136,8) fg=Reset bg=Reset mod=DIM
(137,8) fg=Reset bg=Reset mod=DIM
(138,8) fg=Reset bg=Reset mod=DIM
(139,8) fg=Reset bg=Reset mod=DIM
(140,8) fg=Reset bg=Reset mod=DIM
(141,8) fg=Reset bg=Reset mod=DIM
(142,8) fg=Reset bg=Reset mod=DIM
(143,8) fg=Reset bg=Reset mod=DIM
(144,8) fg=Reset bg=Reset mod=DIM
(145,8) fg=Reset bg=Reset mod=DIM
(146,8) fg=Reset bg=Reset mod=DIM
(147,8) fg=Reset bg=Reset mod=DIM
(148,8) fg=Reset bg=Reset mod=DIM
(149,8) fg=Reset bg=Reset mod=DIM
(150,8) fg=Reset bg=Reset mod=DIM
(151,8) fg=Reset bg=Reset mod=DIM
(152,8) fg=Reset bg=Reset mod=DIM
(153,8) fg=Reset bg=Reset mod=DIM
(154,8) fg=Reset bg=Reset mod=DIM
(155,8) fg=Reset bg=Reset mod=DIM
(156,8) fg=Reset bg=Reset mod=DIM
(157,8) fg=Reset bg=Reset mod=DIM
(158,8) fg=Reset bg=Reset mod=DIM
(159,8) fg=Reset bg=Reset mod=DIM
(0,9) fg=Reset bg=Reset mod=DIM
(3,9) fg=Reset bg=Reset mod=BOLD
(4,9) fg=Reset bg=Reset mod=BOLD
(5,9) fg=Reset bg=Reset mod=BOLD
(6,9) fg=Reset bg=Reset mod=BOLD
(7,9) fg=Reset bg=Reset mod=BOLD
(8,9) fg=Reset bg=Reset mod=BOLD
(9,9) fg=Reset bg=Reset mod=BOLD
(10,9) fg=Reset bg=Reset mod=BOLD
(11,9) fg=Reset bg=Reset mod=BOLD
(12,9) fg=Reset bg=Reset mod=BOLD
(13,9) fg=Reset bg=Reset mod=BOLD
(14,9) fg=Reset bg=Reset mod=BOLD
(15,9) fg=Reset bg=Reset mod=BOLD
(16,9) fg=Reset bg=Reset mod=BOLD
(17,9) fg=Reset bg=Reset mod=BOLD
(18,9) fg=Reset bg=Reset mod=BOLD
(19,9) fg=Reset bg=Reset mod=BOLD
(20,9) fg=Reset bg=Reset mod=BOLD
(21,9) fg=Reset bg=Reset mod=BOLD
(22,9) fg=Reset bg=Reset mod=BOLD
(23,9) fg=Reset bg=Reset mod=BOLD
(24,9) fg=Reset bg=Reset mod=BOLD
(25,9) fg=Reset bg=Reset mod=BOLD
(26,9) fg=Reset bg=Reset mod=BOLD
(27,9) fg=Reset bg=Reset mod=DIM
(28,9) fg=Reset bg=Reset mod=DIM
(29,9) fg=Reset bg=Reset mod=DIM
(30,9) fg=Reset bg=Reset mod=DIM
(31,9) fg=Reset bg=Reset mod=DIM
(32,9) fg=Reset bg=Reset mod=DIM
(33,9) fg=Reset bg=Reset mod=DIM
(34,9) fg=Reset bg=Reset mod=DIM
(35,9) fg=Reset bg=Reset mod=DIM
(36,9) fg=Reset bg=Reset mod=DIM
(37,9) fg=Reset bg=Reset mod=DIM
(38,9) fg=Reset bg=Reset mod=DIM
(39,9) fg=Reset bg=Reset mod=DIM
(40,9) fg=Reset bg=Reset mod=DIM
(41,9) fg=Reset bg=Reset mod=DIM
(42,9) fg=Reset bg=Reset mod=DIM
(43,9) fg=Reset bg=Reset mod=DIM
(44,9) fg=Reset bg=Reset mod=DIM
(45,9) fg=Reset bg=Reset mod=DIM
(46,9) fg=Reset bg=Reset mod=DIM
(47,9) fg=Reset bg=Reset mod=DIM
(48,9) fg=Reset bg=Reset mod=DIM
(49,9) fg=Reset bg=Reset mod=DIM
(50,9) fg=Reset bg=Reset mod=DIM
(51,9) fg=Reset bg=Reset mod=DIM
(52,9) fg=Reset bg=Reset mod=DIM
(53,9) fg=Reset bg=Reset mod=DIM
(54,9) fg=Reset bg=Reset mod=DIM
(87,9) fg=Reset bg=Reset mod=DIM
(88,9) fg=Reset bg=Reset mod=DIM
(89,9) fg=Reset bg=Reset mod=DIM
(90,9) fg=Reset bg=Reset mod=DIM
(91,9) fg=Reset bg=Reset mod=BOLD
(92,9) fg=Reset bg=Reset mod=BOLD
(93,9) fg=Reset bg=Reset mod=BOLD
(94,9) fg=Reset bg=Reset mod=BOLD
(95,9) fg=Reset bg=Reset mod=BOLD
(96,9) fg=Reset bg=Reset mod=BOLD
(97,9) fg=Reset bg=Reset mod=BOLD
(98,9) fg=Reset bg=Reset mod=BOLD
(99,9) fg=Reset bg=Reset mod=BOLD
(100,9) fg=Reset bg=Reset mod=BOLD
(101,9) fg=Reset bg=Reset mod=BOLD
(102,9) fg=Reset bg=Reset mod=BOLD
(103,9) fg=Reset bg=Reset mod=DIM
(104,9) fg=Reset bg=Reset mod=DIM
(105,9) fg=Reset bg=Reset mod=DIM
(106,9) fg=Reset bg=Reset mod=DIM
(107,9) fg=Reset bg=Reset mod=DIM
(108,9) fg=Reset bg=Reset mod=DIM
(109,9) fg=Reset bg=Reset mod=DIM
(110,9) fg=Reset bg=Reset mod=DIM
(111,9) fg=Reset bg=Reset mod=DIM
(112,9) fg=Reset bg=Reset mod=DIM
(113,9) fg=Reset bg=Reset mod=DIM
(114,9) fg=Reset bg=Reset mod=DIM
(115,9) fg=Reset bg=Reset mod=DIM
(116,9) fg=Reset bg=Reset mod=DIM
(117,9) fg=Reset bg=Reset mod=DIM
(118,9) fg=Reset bg=Reset mod=DIM
(119,9) fg=Reset bg=Reset mod=DIM
(120,9) fg=Reset bg=Reset mod=DIM
(121,9) fg=Reset bg=Reset mod=DIM
(122,9) fg=Reset bg=Reset mod=DIM
(123,9) fg=Reset bg=Reset mod=DIM
(124,9) fg=Reset bg=Reset mod=DIM
(125,9) fg=Reset bg=Reset mod=DIM
(126,9) fg=Reset bg=Reset mod=DIM
(127,9) fg=Reset bg=Reset mod=DIM
(128,9) fg=Reset bg=Reset mod=DIM
(129,9) fg=Reset bg=Reset mod=DIM
(130,9) fg=Reset bg=Reset mod=DIM
(131,9) fg=Reset bg=Reset mod=DIM
(132,9) fg=Reset bg=Reset mod=DIM
(133,9) fg=Reset bg=Reset mod=DIM
(134,9) fg=Reset bg=Reset mod=DIM
(135,9) fg=Reset bg=Reset mod=DIM
(136,9) fg=Reset bg=Reset mod=DIM
(137,9) fg=Reset bg=Reset mod=DIM
(138,9) fg=Reset bg=Reset mod=DIM
(139,9) fg=Reset bg=Reset mod=DIM
(140,9) fg=Reset bg=Reset mod=DIM
(141,9) fg=Reset bg=Reset mod=DIM
(142,9) fg=Reset bg=Reset mod=DIM
(143,9) fg=Green bg=Reset mod=BOLD|DIM
(144,9) fg=Green bg=Reset mod=BOLD|DIM
(145,9) fg=Green bg=Reset mod=BOLD|DIM
(146,9) fg=Green bg=Reset mod=BOLD|DIM
(147,9) fg=Green bg=Reset mod=BOLD|DIM
(148,9) fg=Green bg=Reset mod=BOLD|DIM
(149,9) fg=Green bg=Reset mod=BOLD|DIM
(150,9) fg=Green bg=Reset mod=BOLD|DIM
(151,9) fg=Green bg=Reset mod=BOLD|DIM
(152,9) fg=Green bg=Reset mod=BOLD|DIM
(153,9) fg=Green bg=Reset mod=BOLD|DIM
(154,9) fg=Green bg=Reset mod=BOLD|DIM
(155,9) fg=Green bg=Reset mod=BOLD|DIM
(156,9) fg=Green bg=Reset mod=BOLD|DIM
(157,9) fg=Reset bg=Reset mod=DIM
(158,9) fg=Reset bg=Reset mod=DIM
(159,9) fg=Reset bg=Reset mod=DIM
(0,10) fg=Reset bg=Reset mod=DIM
(3,10) fg=Reset bg=Reset mod=BOLD
(4,10) fg=Reset bg=Reset mod=BOLD
(5,10) fg=Reset bg=Reset mod=BOLD
(6,10) fg=Reset bg=Reset mod=BOLD
(7,10) fg=Reset bg=Reset mod=BOLD
(8,10) fg=Reset bg=Reset mod=BOLD
(9,10) fg=Reset bg=Reset mod=BOLD
(10,10) fg=Reset bg=Reset mod=BOLD
(11,10) fg=Reset bg=Reset mod=BOLD
(12,10) fg=Reset bg=Reset mod=BOLD
(13,10) fg=Reset bg=Reset mod=BOLD
(14,10) fg=Reset bg=Reset mod=BOLD
(15,10) fg=Reset bg=Reset mod=BOLD
(16,10) fg=Reset bg=Reset mod=BOLD
(17,10) fg=Reset bg=Reset mod=BOLD
(18,10) fg=Reset bg=Reset mod=BOLD
(19,10) fg=Reset bg=Reset mod=BOLD
(20,10) fg=Reset bg=Reset mod=BOLD
(21,10) fg=Reset bg=Reset mod=BOLD
(22,10) fg=Reset bg=Reset mod=BOLD
(23,10) fg=Reset bg=Reset mod=BOLD
(24,10) fg=Reset bg=Reset mod=BOLD
(25,10) fg=Reset bg=Reset mod=BOLD
(26,10) fg=Reset bg=Reset mod=BOLD
(27,10) fg=Reset bg=Reset mod=DIM
(28,10) fg=Reset bg=Reset mod=DIM
(29,10) fg=Reset bg=Reset mod=DIM
(30,10) fg=Reset bg=Reset mod=DIM
(31,10) fg=Reset bg=Reset mod=DIM
(32,10) fg=Reset bg=Reset mod=DIM
(33,10) fg=Reset bg=Reset mod=DIM
(34,10) fg=Reset bg=Reset mod=DIM
(35,10) fg=Reset bg=Reset mod=DIM
(36,10) fg=Reset bg=Reset mod=DIM
(37,10) fg=Reset bg=Reset mod=DIM
(38,10) fg=Reset bg=Reset mod=DIM
(39,10) fg=Reset bg=Reset mod=DIM
(40,10) fg=Reset bg=Reset mod=DIM
(41,10) fg=Reset bg=Reset mod=DIM
(42,10) fg=Reset bg=Reset mod=DIM
(43,10) fg=Reset bg=Reset mod=DIM
(44,10) fg=Reset bg=Reset mod=DIM
(45,10) fg=Reset bg=Reset mod=DIM
(46,10) fg=Reset bg=Reset mod=DIM
(47,10) fg=Reset bg=Reset mod=DIM
(48,10) fg=Reset bg=Reset mod=DIM
(49,10) fg=Reset bg=Reset mod=DIM
(50,10) fg=Reset bg=Reset mod=DIM
(51,10) fg=Reset bg=Reset mod=DIM
(52,10) fg=Reset bg=Reset mod=DIM
(53,10) fg=Reset bg=Reset mod=DIM
(54,10) fg=Reset bg=Reset mod=DIM
(55,10) fg=Reset bg=Reset mod=DIM
(87,10) fg=Reset bg=Reset mod=DIM
(88,10) fg=Reset bg=Reset mod=DIM
(159,10) fg=Reset bg=Reset mod=DIM
(0,11) fg=Reset bg=Reset mod=DIM
(2,11) fg=White bg=Magenta mod=BOLD
(3,11) fg=White bg=Magenta mod=BOLD
(4,11) fg=White bg=Magenta mod=BOLD
(5,11) fg=White bg=Magenta mod=BOLD
(6,11) fg=White bg=Magenta mod=BOLD
(7,11) fg=White bg=Magenta mod=BOLD
(8,11) fg=White bg=Magenta mod=BOLD
(9,11) fg=White bg=Magenta mod=BOLD
(10,11) fg=White bg=Magenta mod=BOLD
(11,11) fg=White bg=Magenta mod=BOLD
(12,11) fg=White bg=Magenta mod=BOLD
(13,11) fg=White bg=Magenta mod=BOLD
(14,11) fg=White bg=Magenta mod=BOLD
(15,11) fg=White bg=Magenta mod=BOLD
(16,11) fg=White bg=Magenta mod=BOLD
(17,11) fg=White bg=Magenta mod=BOLD
(18,11) fg=White bg=Magenta mod=BOLD
(19,11) fg=White bg=Magenta mod=BOLD
(20,11) fg=White bg=Magenta mod=BOLD
(21,11) fg=White bg=Magenta mod=BOLD
(22,11) fg=White bg=Magenta mod=BOLD
(23,11) fg=White bg=Magenta mod=BOLD
(24,11) fg=White bg=Magenta mod=BOLD
(25,11) fg=White bg=Magenta mod=BOLD
(26,11) fg=White bg=Magenta mod=BOLD
(27,11) fg=White bg=Magenta mod=BOLD
(28,11) fg=White bg=Magenta mod=BOLD
(29,11) fg=White bg=Magenta mod=BOLD
(30,11) fg=White bg=Magenta mod=BOLD
(31,11) fg=White bg=Magenta mod=BOLD
(32,11) fg=White bg=Magenta mod=BOLD
(33,11) fg=White bg=Magenta mod=BOLD
(34,11) fg=White bg=Magenta mod=BOLD
(35,11) fg=White bg=Magenta mod=BOLD
(36,11) fg=White bg=Magenta mod=BOLD
(37,11) fg=White bg=Magenta mod=BOLD
(38,11) fg=White bg=Magenta mod=BOLD
(39,11) fg=White bg=Magenta mod=BOLD
(40,11) fg=White bg=Magenta mod=BOLD
(41,11) fg=White bg=Magenta mod=BOLD
(42,11) fg=White bg=Magenta mod=BOLD
(43,11) fg=White bg=Magenta mod=BOLD
(44,11) fg=White bg=Magenta mod=BOLD
(45,11) fg=White bg=Magenta mod=BOLD
(46,11) fg=White bg=Magenta mod=BOLD
(47,11) fg=White bg=Magenta mod=BOLD
(48,11) fg=White bg=Magenta mod=BOLD
(49,11) fg=White bg=Magenta mod=BOLD
(50,11) fg=White bg=Magenta mod=BOLD
(51,11) fg=White bg=Magenta mod=BOLD
(52,11) fg=White bg=Magenta mod=BOLD
(53,11) fg=White bg=Magenta mod=BOLD
(54,11) fg=White bg=Magenta mod=BOLD
(55,11) fg=White bg=Magenta mod=BOLD
(56,11) fg=White bg=Magenta mod=BOLD
(57,11) fg=White bg=Magenta mod=BOLD
(58,11) fg=White bg=Magenta mod=BOLD
(59,11) fg=White bg=Magenta mod=BOLD
(60,11) fg=White bg=Magenta mod=BOLD
(61,11) fg=White bg=Magenta mod=BOLD
(62,11) fg=White bg=Magenta mod=BOLD
(63,11) fg=White bg=Magenta mod=BOLD
(64,11) fg=White bg=Magenta mod=BOLD
(65,11) fg=White bg=Magenta mod=BOLD
(66,11) fg=White bg=Magenta mod=BOLD
(67,11) fg=White bg=Magenta mod=BOLD
(68,11) fg=White bg=Magenta mod=BOLD
(69,11) fg=White bg=Magenta mod=BOLD
(70,11) fg=White bg=Magenta mod=BOLD
(71,11) fg=White bg=Magenta mod=BOLD
(72,11) fg=White bg=Magenta mod=BOLD
(73,11) fg=White bg=Magenta mod=BOLD
(74,11) fg=White bg=Magenta mod=BOLD
(75,11) fg=White bg=Magenta mod=BOLD
(76,11) fg=White bg=Magenta mod=BOLD
(77,11) fg=White bg=Magenta mod=BOLD
(78,11) fg=White bg=Magenta mod=BOLD
(79,11) fg=White bg=Magenta mod=BOLD
(80,11) fg=White bg=Magenta mod=BOLD
(81,11) fg=White bg=Magenta mod=BOLD
(82,11) fg=White bg=Magenta mod=BOLD
(83,11) fg=White bg=Magenta mod=BOLD
(84,11) fg=White bg=Magenta mod=BOLD
(85,11) fg=White bg=Magenta mod=BOLD
(87,11) fg=Reset bg=Reset mod=DIM
(88,11) fg=Reset bg=Reset mod=DIM
(91,11) fg=Reset bg=Reset mod=DIM
(92,11) fg=Reset bg=Reset mod=DIM
(93,11) fg=Reset bg=Reset mod=DIM
(94,11) fg=Reset bg=Reset mod=DIM
(95,11) fg=Green bg=Reset mod=DIM
(96,11) fg=Green bg=Reset mod=DIM
(97,11) fg=Green bg=Reset mod=DIM
(98,11) fg=Green bg=Reset mod=DIM
(99,11) fg=Green bg=Reset mod=DIM
(100,11) fg=Green bg=Reset mod=DIM
(101,11) fg=Green bg=Reset mod=DIM
(102,11) fg=Green bg=Reset mod=DIM
(103,11) fg=Green bg=Reset mod=DIM
(104,11) fg=Green bg=Reset mod=DIM
(105,11) fg=Green bg=Reset mod=DIM
(106,11) fg=Green bg=Reset mod=DIM
(107,11) fg=Green bg=Reset mod=DIM
(108,11) fg=Green bg=Reset mod=DIM
(109,11) fg=Green bg=Reset mod=DIM
(110,11) fg=Green bg=Reset mod=DIM
(111,11) fg=Green bg=Reset mod=DIM
(112,11) fg=Green bg=Reset mod=DIM
(113,11) fg=Green bg=Reset mod=DIM
(114,11) fg=Green bg=Reset mod=DIM
(115,11) fg=Green bg=Reset mod=DIM
(116,11) fg=Green bg=Reset mod=DIM
(117,11) fg=Green bg=Reset mod=DIM
(118,11) fg=Green bg=Reset mod=DIM
(119,11) fg=Green bg=Reset mod=DIM
(120,11) fg=Green bg=Reset mod=DIM
(121,11) fg=Green bg=Reset mod=DIM
(122,11) fg=Green bg=Reset mod=DIM
(123,11) fg=Green bg=Reset mod=DIM
(124,11) fg=Green bg=Reset mod=DIM
(125,11) fg=Green bg=Reset mod=DIM
(126,11) fg=Green bg=Reset mod=DIM
(127,11) fg=Green bg=Reset mod=DIM
(128,11) fg=Green bg=Reset mod=DIM
(129,11) fg=Green bg=Reset mod=DIM
(130,11) fg=Green bg=Reset mod=DIM
(131,11) fg=Green bg=Reset mod=DIM
(132,11) fg=Green bg=Reset mod=DIM
(133,11) fg=Green bg=Reset mod=DIM
(134,11) fg=Green bg=Reset mod=DIM
(135,11) fg=Green bg=Reset mod=DIM
(136,11) fg=Green bg=Reset mod=DIM
(137,11) fg=Green bg=Reset mod=DIM
(138,11) fg=Green bg=Reset mod=DIM
(139,11) fg=Green bg=Reset mod=DIM
(140,11) fg=Green bg=Reset mod=DIM
(141,11) fg=Green bg=Reset mod=DIM
(142,11) fg=Green bg=Reset mod=DIM
(143,11) fg=Green bg=Reset mod=DIM
(144,11) fg=Green bg=Reset mod=DIM
(145,11) fg=Green bg=Reset mod=DIM
(146,11) fg=Green bg=Reset mod=DIM
(147,11) fg=Green bg=Reset mod=DIM
(148,11) fg=Green bg=Reset mod=DIM
(149,11) fg=Green bg=Reset mod=DIM
(150,11) fg=Green bg=Reset mod=DIM
(151,11) fg=Green bg=Reset mod=DIM
(152,11) fg=Green bg=Reset mod=DIM
(153,11) fg=Green bg=Reset mod=DIM
(154,11) fg=Green bg=Reset mod=DIM
(155,11) fg=Green bg=Reset mod=DIM
(156,11) fg=Green bg=Reset mod=DIM
(159,11) fg=Reset bg=Reset mod=DIM
(0,12) fg=Reset bg=Reset mod=DIM
(3,12) fg=Reset bg=Reset mod=BOLD
(4,12) fg=Reset bg=Reset mod=BOLD
(5,12) fg=Reset bg=Reset mod=BOLD
(6,12) fg=Reset bg=Reset mod=BOLD
(7,12) fg=Reset bg=Reset mod=BOLD
(8,12) fg=Reset bg=Reset mod=BOLD
(9,12) fg=Reset bg=Reset mod=BOLD
(10,12) fg=Reset bg=Reset mod=BOLD
(11,12) fg=Reset bg=Reset mod=BOLD
(12,12) fg=Reset bg=Reset mod=BOLD
(13,12) fg=Reset bg=Reset mod=BOLD
(14,12) fg=Reset bg=Reset mod=BOLD
(15,12) fg=Reset bg=Reset mod=BOLD
(16,12) fg=Reset bg=Reset mod=BOLD
(17,12) fg=Reset bg=Reset mod=BOLD
(18,12) fg=Reset bg=Reset mod=BOLD
(19,12) fg=Reset bg=Reset mod=BOLD
(20,12) fg=Reset bg=Reset mod=BOLD
(21,12) fg=Reset bg=Reset mod=BOLD
(22,12) fg=Reset bg=Reset mod=BOLD
(23,12) fg=Reset bg=Reset mod=BOLD
(24,12) fg=Reset bg=Reset mod=BOLD
(25,12) fg=Reset bg=Reset mod=BOLD
(26,12) fg=Reset bg=Reset mod=BOLD
(27,12) fg=Reset bg=Reset mod=DIM
(28,12) fg=Reset bg=Reset mod=DIM
(29,12) fg=Reset bg=Reset mod=DIM
(30,12) fg=Reset bg=Reset mod=DIM
(31,12) fg=Reset bg=Reset mod=DIM
(32,12) fg=Reset bg=Reset mod=DIM
(33,12) fg=Reset bg=Reset mod=DIM
(34,12) fg=Reset bg=Reset mod=DIM
(35,12) fg=Reset bg=Reset mod=DIM
(36,12) fg=Reset bg=Reset mod=DIM
(37,12) fg=Reset bg=Reset mod=DIM
(38,12) fg=Reset bg=Reset mod=DIM
(39,12) fg=Reset bg=Reset mod=DIM
(40,12) fg=Reset bg=Reset mod=DIM
(41,12) fg=Reset bg=Reset mod=DIM
(42,12) fg=Reset bg=Reset mod=DIM
(43,12) fg=Reset bg=Reset mod=DIM
(44,12) fg=Reset bg=Reset mod=DIM
(45,12) fg=Reset bg=Reset mod=DIM
(46,12) fg=Reset bg=Reset mod=DIM
(47,12) fg=Reset bg=Reset mod=DIM
(48,12) fg=Reset bg=Reset mod=DIM
(49,12) fg=Reset bg=Reset mod=DIM
(50,12) fg=Reset bg=Reset mod=DIM
(51,12) fg=Reset bg=Reset mod=DIM
(52,12) fg=Reset bg=Reset mod=DIM
(53,12) fg=Reset bg=Reset mod=DIM
(54,12) fg=Reset bg=Reset mod=DIM
(55,12) fg=Reset bg=Reset mod=DIM
(56,12) fg=Reset bg=Reset mod=DIM
(57,12) fg=Reset bg=Reset mod=DIM
(58,12) fg=Reset bg=Reset mod=DIM
(59,12) fg=Reset bg=Reset mod=DIM
(60,12) fg=Reset bg=Reset mod=DIM
(61,12) fg=Reset bg=Reset mod=DIM
(62,12) fg=Reset bg=Reset mod=DIM
(87,12) fg=Reset bg=Reset mod=DIM
(88,12) fg=Reset bg=Reset mod=DIM
(91,12) fg=Reset bg=Reset mod=DIM
(92,12) fg=Reset bg=Reset mod=DIM
(93,12) fg=Reset bg=Reset mod=DIM
(94,12) fg=Reset bg=Reset mod=DIM
(95,12) fg=Reset bg=Reset mod=DIM
(96,12) fg=Reset bg=Reset mod=DIM
(97,12) fg=Reset bg=Reset mod=DIM
(98,12) fg=Reset bg=Reset mod=DIM
(99,12) fg=Reset bg=Reset mod=DIM
(100,12) fg=Reset bg=Reset mod=DIM
(101,12) fg=Reset bg=Reset mod=DIM
(102,12) fg=Reset bg=Reset mod=DIM
(103,12) fg=Reset bg=Reset mod=DIM
(104,12) fg=Reset bg=Reset mod=DIM
(105,12) fg=Reset bg=Reset mod=DIM
(106,12) fg=Reset bg=Reset mod=DIM
(107,12) fg=Reset bg=Reset mod=DIM
(108,12) fg=Reset bg=Reset mod=DIM
(109,12) fg=Reset bg=Reset mod=DIM
(110,12) fg=Reset bg=Reset mod=DIM
(111,12) fg=Reset bg=Reset mod=DIM
(112,12) fg=Reset bg=Reset mod=DIM
(113,12) fg=Reset bg=Reset mod=DIM
(114,12) fg=Reset bg=Reset mod=DIM
(115,12) fg=Reset bg=Reset mod=DIM
(116,12) fg=Reset bg=Reset mod=DIM
(117,12) fg=Reset bg=Reset mod=DIM
(118,12) fg=Reset bg=Reset mod=DIM
(119,12) fg=Reset bg=Reset mod=DIM
(120,12) fg=Reset bg=Reset mod=DIM
(121,12) fg=Reset bg=Reset mod=DIM
(122,12) fg=Reset bg=Reset mod=DIM
(123,12) fg=Reset bg=Reset mod=DIM
(124,12) fg=Reset bg=Reset mod=DIM
(125,12) fg=Reset bg=Reset mod=DIM
(126,12) fg=Reset bg=Reset mod=DIM
(127,12) fg=Reset bg=Reset mod=DIM
(128,12) fg=Reset bg=Reset mod=DIM
(129,12) fg=Reset bg=Reset mod=DIM
(130,12) fg=Reset bg=Reset mod=DIM
(131,12) fg=Reset bg=Reset mod=DIM
(132,12) fg=Reset bg=Reset mod=DIM
(133,12) fg=Reset bg=Reset mod=DIM
(134,12) fg=Reset bg=Reset mod=DIM
(135,12) fg=Reset bg=Reset mod=DIM
(136,12) fg=Reset bg=Reset mod=DIM
(137,12) fg=Reset bg=Reset mod=DIM
(138,12) fg=Reset bg=Reset mod=DIM
(139,12) fg=Reset bg=Reset mod=DIM
(140,12) fg=Reset bg=Reset mod=DIM
(141,12) fg=Reset bg=Reset mod=DIM
(142,12) fg=Reset bg=Reset mod=DIM
(143,12) fg=Reset bg=Reset mod=DIM
(144,12) fg=Reset bg=Reset mod=DIM
(145,12) fg=Reset bg=Reset mod=DIM
(146,12) fg=Reset bg=Reset mod=DIM
(147,12) fg=Reset bg=Reset mod=DIM
(148,12) fg=Reset bg=Reset mod=DIM
(149,12) fg=Reset bg=Reset mod=DIM
(150,12) fg=Reset bg=Reset mod=DIM
(151,12) fg=Reset bg=Reset mod=DIM
(152,12) fg=Reset bg=Reset mod=DIM
(153,12) fg=Reset bg=Reset mod=DIM
(154,12) fg=Reset bg=Reset mod=DIM
(155,12) fg=Reset bg=Reset mod=DIM
(156,12) fg=Reset bg=Reset mod=DIM
(159,12) fg=Reset bg=Reset mod=DIM
(0,13) fg=Reset bg=Reset mod=DIM
(3,13) fg=Reset bg=Reset mod=BOLD
(4,13) fg=Reset bg=Reset mod=BOLD
(5,13) fg=Reset bg=Reset mod=BOLD
(6,13) fg=Reset bg=Reset mod=BOLD
(7,13) fg=Reset bg=Reset mod=BOLD
(8,13) fg=Reset bg=Reset mod=BOLD
(9,13) fg=Reset bg=Reset mod=BOLD
(10,13) fg=Reset bg=Reset mod=BOLD
(11,13) fg=Reset bg=Reset mod=BOLD
(12,13) fg=Reset bg=Reset mod=BOLD
(13,13) fg=Reset bg=Reset mod=BOLD
(14,13) fg=Reset bg=Reset mod=BOLD
(15,13) fg=Reset bg=Reset mod=BOLD
(16,13) fg=Reset bg=Reset mod=BOLD
(17,13) fg=Reset bg=Reset mod=BOLD
(18,13) fg=Reset bg=Reset mod=BOLD
(19,13) fg=Reset bg=Reset mod=BOLD
(20,13) fg=Reset bg=Reset mod=BOLD
(21,13) fg=Reset bg=Reset mod=BOLD
(22,13) fg=Reset bg=Reset mod=BOLD
(23,13) fg=Reset bg=Reset mod=BOLD
(24,13) fg=Reset bg=Reset mod=BOLD
(25,13) fg=Reset bg=Reset mod=BOLD
(26,13) fg=Reset bg=Reset mod=BOLD
(27,13) fg=Reset bg=Reset mod=DIM
(28,13) fg=Reset bg=Reset mod=DIM
(29,13) fg=Reset bg=Reset mod=DIM
(30,13) fg=Reset bg=Reset mod=DIM
(31,13) fg=Reset bg=Reset mod=DIM
(32,13) fg=Reset bg=Reset mod=DIM
(33,13) fg=Reset bg=Reset mod=DIM
(34,13) fg=Reset bg=Reset mod=DIM
(35,13) fg=Reset bg=Reset mod=DIM
(36,13) fg=Reset bg=Reset mod=DIM
(37,13) fg=Reset bg=Reset mod=DIM
(38,13) fg=Reset bg=Reset mod=DIM
(39,13) fg=Reset bg=Reset mod=DIM
(40,13) fg=Reset bg=Reset mod=DIM
(41,13) fg=Reset bg=Reset mod=DIM
(42,13) fg=Reset bg=Reset mod=DIM
(43,13) fg=Reset bg=Reset mod=DIM
(44,13) fg=Reset bg=Reset mod=DIM
(45,13) fg=Reset bg=Reset mod=DIM
(46,13) fg=Reset bg=Reset mod=DIM
(47,13) fg=Reset bg=Reset mod=DIM
(48,13) fg=Reset bg=Reset mod=DIM
(49,13) fg=Reset bg=Reset mod=DIM
(50,13) fg=Reset bg=Reset mod=DIM
(51,13) fg=Reset bg=Reset mod=DIM
(52,13) fg=Reset bg=Reset mod=DIM
(53,13) fg=Reset bg=Reset mod=DIM
(54,13) fg=Reset bg=Reset mod=DIM
(87,13) fg=Reset bg=Reset mod=DIM
(88,13) fg=Reset bg=Reset mod=DIM
(91,13) fg=Reset bg=Reset mod=DIM
(92,13) fg=Reset bg=Reset mod=DIM
(93,13) fg=Reset bg=Reset mod=DIM
(94,13) fg=Reset bg=Reset mod=DIM
(95,13) fg=Reset bg=Reset mod=DIM
(96,13) fg=Reset bg=Reset mod=DIM
(97,13) fg=Reset bg=Reset mod=DIM
(98,13) fg=Reset bg=Reset mod=DIM
(99,13) fg=Reset bg=Reset mod=DIM
(100,13) fg=Reset bg=Reset mod=DIM
(101,13) fg=Reset bg=Reset mod=DIM
(102,13) fg=Reset bg=Reset mod=DIM
(103,13) fg=Reset bg=Reset mod=DIM
(104,13) fg=Reset bg=Reset mod=DIM
(105,13) fg=Reset bg=Reset mod=DIM
(106,13) fg=Reset bg=Reset mod=DIM
(107,13) fg=Reset bg=Reset mod=DIM
(108,13) fg=Reset bg=Reset mod=DIM
(109,13) fg=Reset bg=Reset mod=DIM
(110,13) fg=Reset bg=Reset mod=DIM
(111,13) fg=Reset bg=Reset mod=DIM
(112,13) fg=Reset bg=Reset mod=DIM
(113,13) fg=Reset bg=Reset mod=DIM
(114,13) fg=Reset bg=Reset mod=DIM
(115,13) fg=Reset bg=Reset mod=DIM
(116,13) fg=Reset bg=Reset mod=DIM
(117,13) fg=Reset bg=Reset mod=DIM
(118,13) fg=Reset bg=Reset mod=DIM
(119,13) fg=Reset bg=Reset mod=DIM
(120,13) fg=Reset bg=Reset mod=DIM
(121,13) fg=Reset bg=Reset mod=DIM
(122,13) fg=Reset bg=Reset mod=DIM
(123,13) fg=Reset bg=Reset mod=DIM
(124,13) fg=Reset bg=Reset mod=DIM
(125,13) fg=Reset bg=Reset mod=DIM
(126,13) fg=Reset bg=Reset mod=DIM
(127,13) fg=Reset bg=Reset mod=DIM
(128,13) fg=Reset bg=Reset mod=DIM
(129,13) fg=Reset bg=Reset mod=DIM
(130,13) fg=Reset bg=Reset mod=DIM
(131,13) fg=Reset bg=Reset mod=DIM
(132,13) fg=Reset bg=Reset mod=DIM
(133,13) fg=Reset bg=Reset mod=DIM
(134,13) fg=Reset bg=Reset mod=DIM
(135,13) fg=Reset bg=Reset mod=DIM
(136,13) fg=Reset bg=Reset mod=DIM
(137,13) fg=Reset bg=Reset mod=DIM
(138,13) fg=Reset bg=Reset mod=DIM
(139,13) fg=Reset bg=Reset mod=DIM
(140,13) fg=Reset bg=Reset mod=DIM
(141,13) fg=Reset bg=Reset mod=DIM
(142,13) fg=Reset bg=Reset mod=DIM
(143,13) fg=Reset bg=Reset mod=DIM
(144,13) fg=Reset bg=Reset mod=DIM
(145,13) fg=Reset bg=Reset mod=DIM
(146,13) fg=Reset bg=Reset mod=DIM
(147,13) fg=Reset bg=Reset mod=DIM
(148,13) fg=Reset bg=Reset mod=DIM
(149,13) fg=Reset bg=Reset mod=DIM
(150,13) fg=Reset bg=Reset mod=DIM
(151,13) fg=Reset bg=Reset mod=DIM
(152,13) fg=Reset bg=Reset mod=DIM
(153,13) fg=Reset bg=Reset mod=DIM
(154,13) fg=Reset bg=Reset mod=DIM
(155,13) fg=Reset bg=Reset mod=DIM
(156,13) fg=Reset bg=Reset mod=DIM
(159,13) fg=Reset bg=Reset mod=DIM
(0,14) fg=Reset bg=Reset mod=DIM
(3,14) fg=Reset bg=Reset mod=BOLD
(4,14) fg=Reset bg=Reset mod=BOLD
(5,14) fg=Reset bg=Reset mod=BOLD
(6,14) fg=Reset bg=Reset mod=BOLD
(7,14) fg=Reset bg=Reset mod=BOLD
(8,14) fg=Reset bg=Reset mod=BOLD
(9,14) fg=Reset bg=Reset mod=BOLD
(10,14) fg=Reset bg=Reset mod=BOLD
(11,14) fg=Reset bg=Reset mod=BOLD
(12,14) fg=Reset bg=Reset mod=BOLD
(13,14) fg=Reset bg=Reset mod=BOLD
(14,14) fg=Reset bg=Reset mod=BOLD
(15,14) fg=Reset bg=Reset mod=BOLD
(16,14) fg=Reset bg=Reset mod=BOLD
(17,14) fg=Reset bg=Reset mod=BOLD
(18,14) fg=Reset bg=Reset mod=BOLD
(19,14) fg=Reset bg=Reset mod=BOLD
(20,14) fg=Reset bg=Reset mod=BOLD
(21,14) fg=Reset bg=Reset mod=BOLD
(22,14) fg=Reset bg=Reset mod=BOLD
(23,14) fg=Reset bg=Reset mod=BOLD
(24,14) fg=Reset bg=Reset mod=BOLD
(25,14) fg=Reset bg=Reset mod=BOLD
(26,14) fg=Reset bg=Reset mod=BOLD
(27,14) fg=Reset bg=Reset mod=DIM
(28,14) fg=Reset bg=Reset mod=DIM
(29,14) fg=Reset bg=Reset mod=DIM
(30,14) fg=Reset bg=Reset mod=DIM
(31,14) fg=Reset bg=Reset mod=DIM
(32,14) fg=Reset bg=Reset mod=DIM
(33,14) fg=Reset bg=Reset mod=DIM
(34,14) fg=Reset bg=Reset mod=DIM
(35,14) fg=Reset bg=Reset mod=DIM
(36,14) fg=Reset bg=Reset mod=DIM
(37,14) fg=Reset bg=Reset mod=DIM
(38,14) fg=Reset bg=Reset mod=DIM
(39,14) fg=Reset bg=Reset mod=DIM
(40,14) fg=Reset bg=Reset mod=DIM
(41,14) fg=Reset bg=Reset mod=DIM
(42,14) fg=Reset bg=Reset mod=DIM
(43,14) fg=Reset bg=Reset mod=DIM
(44,14) fg=Reset bg=Reset mod=DIM
(45,14) fg=Reset bg=Reset mod=DIM
(46,14) fg=Reset bg=Reset mod=DIM
(47,14) fg=Reset bg=Reset mod=DIM
(48,14) fg=Reset bg=Reset mod=DIM
(49,14) fg=Reset bg=Reset mod=DIM
(50,14) fg=Reset bg=Reset mod=DIM
(51,14) fg=Reset bg=Reset mod=DIM
(52,14) fg=Reset bg=Reset mod=DIM
(53,14) fg=Reset bg=Reset mod=DIM
(54,14) fg=Reset bg=Reset mod=DIM
(55,14) fg=Reset bg=Reset mod=DIM
(56,14) fg=Reset bg=Reset mod=DIM
(57,14) fg=Reset bg=Reset mod=DIM
(58,14) fg=Reset bg=Reset mod=DIM
(59,14) fg=Reset bg=Reset mod=DIM
(60,14) fg=Reset bg=Reset mod=DIM
(61,14) fg=Reset bg=Reset mod=DIM
(62,14) fg=Reset bg=Reset mod=DIM
(63,14) fg=Reset bg=Reset mod=DIM
(64,14) fg=Reset bg=Reset mod=DIM
(65,14) fg=Reset bg=Reset mod=DIM
(66,14) fg=Reset bg=Reset mod=DIM
(67,14) fg=Reset bg=Reset mod=DIM
(68,14) fg=Reset bg=Reset mod=DIM
(69,14) fg=Reset bg=Reset mod=DIM
(70,14) fg=Reset bg=Reset mod=DIM
(71,14) fg=Reset bg=Reset mod=DIM
(72,14) fg=Reset bg=Reset mod=DIM
(73,14) fg=Reset bg=Reset mod=DIM
(74,14) fg=Reset bg=Reset mod=DIM
(87,14) fg=Reset bg=Reset mod=DIM
(88,14) fg=Reset bg=Reset mod=DIM
(89,14) fg=Reset bg=Reset mod=DIM
(90,14) fg=Reset bg=Reset mod=DIM
(91,14) fg=Reset bg=Reset mod=DIM
(92,14) fg=Reset bg=Reset mod=DIM
(93,14) fg=Reset bg=Reset mod=DIM
(94,14) fg=Reset bg=Reset mod=DIM
(95,14) fg=Green bg=Reset mod=DIM
(96,14) fg=Green bg=Reset mod=DIM
(97,14) fg=Reset bg=Reset mod=DIM
(98,14) fg=Reset bg=Reset mod=DIM
(99,14) fg=Reset bg=Reset mod=DIM
(100,14) fg=Reset bg=Reset mod=DIM
(101,14) fg=Reset bg=Reset mod=DIM
(102,14) fg=Reset bg=Reset mod=DIM
(103,14) fg=Reset bg=Reset mod=DIM
(104,14) fg=Reset bg=Reset mod=DIM
(105,14) fg=Reset bg=Reset mod=DIM
(106,14) fg=Reset bg=Reset mod=DIM
(107,14) fg=Reset bg=Reset mod=DIM
(108,14) fg=Reset bg=Reset mod=DIM
(109,14) fg=Reset bg=Reset mod=DIM
(110,14) fg=Reset bg=Reset mod=DIM
(111,14) fg=Reset bg=Reset mod=DIM
(112,14) fg=Reset bg=Reset mod=DIM
(113,14) fg=Reset bg=Reset mod=DIM
(114,14) fg=Reset bg=Reset mod=DIM
(115,14) fg=Reset bg=Reset mod=DIM
(116,14) fg=Reset bg=Reset mod=DIM
(117,14) fg=Reset bg=Reset mod=DIM
(118,14) fg=Reset bg=Reset mod=DIM
(119,14) fg=Reset bg=Reset mod=DIM
(120,14) fg=Reset bg=Reset mod=DIM
(121,14) fg=Reset bg=Reset mod=DIM
(122,14) fg=Reset bg=Reset mod=DIM
(123,14) fg=Reset bg=Reset mod=DIM
(124,14) fg=Reset bg=Reset mod=DIM
(125,14) fg=Reset bg=Reset mod=DIM
(126,14) fg=Reset bg=Reset mod=DIM
(127,14) fg=Reset bg=Reset mod=DIM
(128,14) fg=Reset bg=Reset mod=DIM
(129,14) fg=Reset bg=Reset mod=DIM
(130,14) fg=Reset bg=Reset mod=DIM
(131,14) fg=Reset bg=Reset mod=DIM
(132,14) fg=Reset bg=Reset mod=DIM
(133,14) fg=Reset bg=Reset mod=DIM
(134,14) fg=Reset bg=Reset mod=DIM
(135,14) fg=Reset bg=Reset mod=DIM
(136,14) fg=Reset bg=Reset mod=DIM
(137,14) fg=Reset bg=Reset mod=DIM
(138,14) fg=Reset bg=Reset mod=DIM
(159,14) fg=Reset bg=Reset mod=DIM
(0,15) fg=Reset bg=Reset mod=DIM
(3,15) fg=Reset bg=Reset mod=BOLD
(4,15) fg=Reset bg=Reset mod=BOLD
(5,15) fg=Reset bg=Reset mod=BOLD
(6,15) fg=Reset bg=Reset mod=BOLD
(7,15) fg=Reset bg=Reset mod=BOLD
(8,15) fg=Reset bg=Reset mod=BOLD
(9,15) fg=Reset bg=Reset mod=BOLD
(10,15) fg=Reset bg=Reset mod=BOLD
(11,15) fg=Reset bg=Reset mod=BOLD
(12,15) fg=Reset bg=Reset mod=BOLD
(13,15) fg=Reset bg=Reset mod=BOLD
(14,15) fg=Reset bg=Reset mod=BOLD
(15,15) fg=Reset bg=Reset mod=BOLD
(16,15) fg=Reset bg=Reset mod=BOLD
(17,15) fg=Reset bg=Reset mod=BOLD
(18,15) fg=Reset bg=Reset mod=BOLD
(19,15) fg=Reset bg=Reset mod=BOLD
(20,15) fg=Reset bg=Reset mod=BOLD
(21,15) fg=Reset bg=Reset mod=BOLD
(22,15) fg=Reset bg=Reset mod=BOLD
(23,15) fg=Reset bg=Reset mod=BOLD
(24,15) fg=Reset bg=Reset mod=BOLD
(25,15) fg=Reset bg=Reset mod=BOLD
(26,15) fg=Reset bg=Reset mod=BOLD
(27,15) fg=Reset bg=Reset mod=DIM
(28,15) fg=Reset bg=Reset mod=DIM
(29,15) fg=Reset bg=Reset mod=DIM
(30,15) fg=Reset bg=Reset mod=DIM
(31,15) fg=Reset bg=Reset mod=DIM
(32,15) fg=Reset bg=Reset mod=DIM
(33,15) fg=Reset bg=Reset mod=DIM
(34,15) fg=Reset bg=Reset mod=DIM
(35,15) fg=Reset bg=Reset mod=DIM
(36,15) fg=Reset bg=Reset mod=DIM
(37,15) fg=Reset bg=Reset mod=DIM
(38,15) fg=Reset bg=Reset mod=DIM
(39,15) fg=Reset bg=Reset mod=DIM
(40,15) fg=Reset bg=Reset mod=DIM
(41,15) fg=Reset bg=Reset mod=DIM
(42,15) fg=Reset bg=Reset mod=DIM
(43,15) fg=Reset bg=Reset mod=DIM
(44,15) fg=Reset bg=Reset mod=DIM
(45,15) fg=Reset bg=Reset mod=DIM
(46,15) fg=Reset bg=Reset mod=DIM
(47,15) fg=Reset bg=Reset mod=DIM
(48,15) fg=Reset bg=Reset mod=DIM
(49,15) fg=Reset bg=Reset mod=DIM
(50,15) fg=Reset bg=Reset mod=DIM
(51,15) fg=Reset bg=Reset mod=DIM
(52,15) fg=Reset bg=Reset mod=DIM
(53,15) fg=Reset bg=Reset mod=DIM
(54,15) fg=Reset bg=Reset mod=DIM
(55,15) fg=Reset bg=Reset mod=DIM
(56,15) fg=Reset bg=Reset mod=DIM
(57,15) fg=Reset bg=Reset mod=DIM
(58,15) fg=Reset bg=Reset mod=DIM
(59,15) fg=Reset bg=Reset mod=DIM
(60,15) fg=Reset bg=Reset mod=DIM
(61,15) fg=Reset bg=Reset mod=DIM
(62,15) fg=Reset bg=Reset mod=DIM
(63,15) fg=Reset bg=Reset mod=DIM
(64,15) fg=Reset bg=Reset mod=DIM
(65,15) fg=Reset bg=Reset mod=DIM
(66,15) fg=Reset bg=Reset mod=DIM
(67,15) fg=Reset bg=Reset mod=DIM
(68,15) fg=Reset bg=Reset mod=DIM
(69,15) fg=Reset bg=Reset mod=DIM
(70,15) fg=Reset bg=Reset mod=DIM
(71,15) fg=Reset bg=Reset mod=DIM
(72,15) fg=Reset bg=Reset mod=DIM
(73,15) fg=Reset bg=Reset mod=DIM
(74,15) fg=Reset bg=Reset mod=DIM
(87,15) fg=Reset bg=Reset mod=DIM
(88,15) fg=Reset bg=Reset mod=DIM
(89,15) fg=Reset bg=Reset mod=DIM
(90,15) fg=Reset bg=Reset mod=DIM
(91,15) fg=Reset bg=Reset mod=DIM
(92,15) fg=Reset bg=Reset mod=DIM
(93,15) fg=Reset bg=Reset mod=DIM
(94,15) fg=Reset bg=Reset mod=DIM
(95,15) fg=Reset bg=Reset mod=DIM
(96,15) fg=Reset bg=Reset mod=DIM
(97,15) fg=Reset bg=Reset mod=DIM
(98,15) fg=Reset bg=Reset mod=DIM
(99,15) fg=Reset bg=Reset mod=DIM
(100,15) fg=Reset bg=Reset mod=DIM
(101,15) fg=Reset bg=Reset mod=DIM
(102,15) fg=Reset bg=Reset mod=DIM
(103,15) fg=Reset bg=Reset mod=DIM
(104,15) fg=Reset bg=Reset mod=DIM
(105,15) fg=Reset bg=Reset mod=DIM
(106,15) fg=Reset bg=Reset mod=DIM
(107,15) fg=Reset bg=Reset mod=DIM
(108,15) fg=Reset bg=Reset mod=DIM
(109,15) fg=Reset bg=Reset mod=DIM
(110,15) fg=Reset bg=Reset mod=DIM
(111,15) fg=Reset bg=Reset mod=DIM
(112,15) fg=Reset bg=Reset mod=DIM
(113,15) fg=Reset bg=Reset mod=DIM
(114,15) fg=Reset bg=Reset mod=DIM
(115,15) fg=Reset bg=Reset mod=DIM
(116,15) fg=Reset bg=Reset mod=DIM
(117,15) fg=Reset bg=Reset mod=DIM
(118,15) fg=Reset bg=Reset mod=DIM
(119,15) fg=Reset bg=Reset mod=DIM
(120,15) fg=Reset bg=Reset mod=DIM
(121,15) fg=Reset bg=Reset mod=DIM
(122,15) fg=Reset bg=Reset mod=DIM
(123,15) fg=Reset bg=Reset mod=DIM
(124,15) fg=Reset bg=Reset mod=DIM
(125,15) fg=Reset bg=Reset mod=DIM
(126,15) fg=Reset bg=Reset mod=DIM
(127,15) fg=Reset bg=Reset mod=DIM
(128,15) fg=Reset bg=Reset mod=DIM
(129,15) fg=Reset bg=Reset mod=DIM
(130,15) fg=Reset bg=Reset mod=DIM
(131,15) fg=Reset bg=Reset mod=DIM
(132,15) fg=Reset bg=Reset mod=DIM
(133,15) fg=Reset bg=Reset mod=DIM
(134,15) fg=Reset bg=Reset mod=DIM
(135,15) fg=Reset bg=Reset mod=DIM
(136,15) fg=Reset bg=Reset mod=DIM
(137,15) fg=Reset bg=Reset mod=DIM
(138,15) fg=Reset bg=Reset mod=DIM
(139,15) fg=Reset bg=Reset mod=DIM
(140,15) fg=Reset bg=Reset mod=DIM
(141,15) fg=Reset bg=Reset mod=DIM
(142,15) fg=Reset bg=Reset mod=DIM
(143,15) fg=Reset bg=Reset mod=DIM
(144,15) fg=Reset bg=Reset mod=DIM
(145,15) fg=Reset bg=Reset mod=DIM
(146,15) fg=Reset bg=Reset mod=DIM
(147,15) fg=Reset bg=Reset mod=DIM
(148,15) fg=Reset bg=Reset mod=DIM
(149,15) fg=Reset bg=Reset mod=DIM
(150,15) fg=Reset bg=Reset mod=DIM
(151,15) fg=Reset bg=Reset mod=DIM
(152,15) fg=Reset bg=Reset mod=DIM
(153,15) fg=Reset bg=Reset mod=DIM
(154,15) fg=Reset bg=Reset mod=DIM
(155,15) fg=Reset bg=Reset mod=DIM
(156,15) fg=Reset bg=Reset mod=DIM
(157,15) fg=Reset bg=Reset mod=DIM
(158,15) fg=Reset bg=Reset mod=DIM
(159,15) fg=Reset bg=Reset mod=DIM
(0,16) fg=Reset bg=Reset mod=DIM
(87,16) fg=Reset bg=Reset mod=DIM
(88,16) fg=Reset bg=Reset mod=DIM
(89,16) fg=Reset bg=Reset mod=DIM
(90,16) fg=Reset bg=Reset mod=DIM
(91,16) fg=Reset bg=Reset mod=BOLD
(92,16) fg=Reset bg=Reset mod=BOLD
(93,16) fg=Reset bg=Reset mod=BOLD
(94,16) fg=Reset bg=Reset mod=BOLD
(95,16) fg=Reset bg=Reset mod=BOLD
(96,16) fg=Reset bg=Reset mod=BOLD
(97,16) fg=Reset bg=Reset mod=BOLD
(98,16) fg=Reset bg=Reset mod=DIM
(99,16) fg=Reset bg=Reset mod=DIM
(100,16) fg=Reset bg=Reset mod=DIM
(101,16) fg=Reset bg=Reset mod=DIM
(102,16) fg=Reset bg=Reset mod=DIM
(103,16) fg=Reset bg=Reset mod=DIM
(104,16) fg=Reset bg=Reset mod=DIM
(105,16) fg=Reset bg=Reset mod=DIM
(106,16) fg=Reset bg=Reset mod=DIM
(107,16) fg=Reset bg=Reset mod=DIM
(108,16) fg=Reset bg=Reset mod=DIM
(109,16) fg=Reset bg=Reset mod=DIM
(110,16) fg=Reset bg=Reset mod=DIM
(111,16) fg=Reset bg=Reset mod=DIM
(112,16) fg=Reset bg=Reset mod=DIM
(113,16) fg=Reset bg=Reset mod=DIM
(114,16) fg=Reset bg=Reset mod=DIM
(115,16) fg=Reset bg=Reset mod=DIM
(116,16) fg=Reset bg=Reset mod=DIM
(117,16) fg=Reset bg=Reset mod=DIM
(118,16) fg=Reset bg=Reset mod=DIM
(119,16) fg=Reset bg=Reset mod=DIM
(120,16) fg=Reset bg=Reset mod=DIM
(121,16) fg=Reset bg=Reset mod=DIM
(122,16) fg=Reset bg=Reset mod=DIM
(123,16) fg=Reset bg=Reset mod=DIM
(124,16) fg=Reset bg=Reset mod=DIM
(125,16) fg=Reset bg=Reset mod=DIM
(126,16) fg=Reset bg=Reset mod=DIM
(127,16) fg=Reset bg=Reset mod=DIM
(128,16) fg=Reset bg=Reset mod=DIM
(129,16) fg=Reset bg=Reset mod=DIM
(130,16) fg=Reset bg=Reset mod=DIM
(131,16) fg=Reset bg=Reset mod=DIM
(132,16) fg=Reset bg=Reset mod=DIM
(133,16) fg=Reset bg=Reset mod=DIM
(134,16) fg=Reset bg=Reset mod=DIM
(135,16) fg=Reset bg=Reset mod=DIM
(136,16) fg=Reset bg=Reset mod=DIM
(137,16) fg=Reset bg=Reset mod=DIM
(138,16) fg=Reset bg=Reset mod=DIM
(139,16) fg=Reset bg=Reset mod=DIM
(140,16) fg=Reset bg=Reset mod=DIM
(141,16) fg=Reset bg=Reset mod=DIM
(142,16) fg=Reset bg=Reset mod=DIM
(143,16) fg=Reset bg=Reset mod=DIM
(144,16) fg=Reset bg=Reset mod=DIM
(145,16) fg=Reset bg=Reset mod=DIM
(146,16) fg=Reset bg=Reset mod=DIM
(147,16) fg=Reset bg=Reset mod=DIM
(148,16) fg=Reset bg=Reset mod=DIM
(149,16) fg=Reset bg=Reset mod=DIM
(150,16) fg=Reset bg=Reset mod=DIM
(151,16) fg=Reset bg=Reset mod=DIM
(152,16) fg=Reset bg=Reset mod=DIM
(153,16) fg=Reset bg=Reset mod=DIM
(154,16) fg=Reset bg=Reset mod=DIM
(155,16) fg=Reset bg=Reset mod=DIM
(156,16) fg=Reset bg=Reset mod=DIM
(157,16) fg=Reset bg=Reset mod=DIM
(158,16) fg=Reset bg=Reset mod=DIM
(159,16) fg=Reset bg=Reset mod=DIM
(0,17) fg=Reset bg=Reset mod=DIM
(87,17) fg=Reset bg=Reset mod=DIM
(88,17) fg=Reset bg=Reset mod=DIM
(89,17) fg=Reset bg=Reset mod=DIM
(98,17) fg=Magenta bg=Reset mod=BOLD
(99,17) fg=Magenta bg=Reset mod=BOLD
(100,17) fg=Magenta bg=Reset mod=BOLD
(101,17) fg=Magenta bg=Reset mod=BOLD
(102,17) fg=Magenta bg=Reset mod=BOLD
(103,17) fg=Magenta bg=Reset mod=BOLD
(104,17) fg=Magenta bg=Reset mod=BOLD
(159,17) fg=Reset bg=Reset mod=DIM
(0,18) fg=Reset bg=Reset mod=DIM
(87,18) fg=Reset bg=Reset mod=DIM
(88,18) fg=Reset bg=Reset mod=DIM
(89,18) fg=Reset bg=Reset mod=DIM
(106,18) fg=Magenta bg=Reset mod=BOLD
(107,18) fg=Magenta bg=Reset mod=BOLD
(108,18) fg=Magenta bg=Reset mod=BOLD
(109,18) fg=Magenta bg=Reset mod=BOLD
(110,18) fg=Magenta bg=Reset mod=BOLD
(111,18) fg=Magenta bg=Reset mod=BOLD
(112,18) fg=Magenta bg=Reset mod=BOLD
(113,18) fg=Magenta bg=Reset mod=BOLD
(114,18) fg=Magenta bg=Reset mod=BOLD
(115,18) fg=Magenta bg=Reset mod=BOLD
(116,18) fg=Magenta bg=Reset mod=BOLD
(117,18) fg=Magenta bg=Reset mod=BOLD
(118,18) fg=Magenta bg=Reset mod=BOLD
(119,18) fg=Magenta bg=Reset mod=BOLD
(120,18) fg=Magenta bg=Reset mod=BOLD
(159,18) fg=Reset bg=Reset mod=DIM
(0,19) fg=Reset bg=Reset mod=DIM
(87,19) fg=Reset bg=Reset mod=DIM
(88,19) fg=Reset bg=Reset mod=DIM
(89,19) fg=Reset bg=Reset mod=DIM
(90,19) fg=Reset bg=Reset mod=DIM
(91,19) fg=Reset bg=Reset mod=DIM
(92,19) fg=Reset bg=Reset mod=DIM
(93,19) fg=Reset bg=Reset mod=DIM
(94,19) fg=Reset bg=Reset mod=DIM
(95,19) fg=Reset bg=Reset mod=DIM
(96,19) fg=Reset bg=Reset mod=DIM
(97,19) fg=Reset bg=Reset mod=DIM
(98,19) fg=Reset bg=Reset mod=DIM
(99,19) fg=Reset bg=Reset mod=DIM
(100,19) fg=Reset bg=Reset mod=DIM
(101,19) fg=Reset bg=Reset mod=DIM
(102,19) fg=Reset bg=Reset mod=DIM
(103,19) fg=Reset bg=Reset mod=DIM
(104,19) fg=Reset bg=Reset mod=DIM
(105,19) fg=Reset bg=Reset mod=DIM
(106,19) fg=Reset bg=Reset mod=DIM
(107,19) fg=Reset bg=Reset mod=DIM
(108,19) fg=Reset bg=Reset mod=DIM
(109,19) fg=Reset bg=Reset mod=DIM
(110,19) fg=Reset bg=Reset mod=DIM
(111,19) fg=Reset bg=Reset mod=DIM
(112,19) fg=Reset bg=Reset mod=DIM
(113,19) fg=Reset bg=Reset mod=DIM
(114,19) fg=Reset bg=Reset mod=DIM
(115,19) fg=Reset bg=Reset mod=DIM
(116,19) fg=Reset bg=Reset mod=DIM
(117,19) fg=Reset bg=Reset mod=DIM
(118,19) fg=Reset bg=Reset mod=DIM
(119,19) fg=Reset bg=Reset mod=DIM
(120,19) fg=Reset bg=Reset mod=DIM
(121,19) fg=Reset bg=Reset mod=DIM
(122,19) fg=Reset bg=Reset mod=DIM
(123,19) fg=Reset bg=Reset mod=DIM
(124,19) fg=Reset bg=Reset mod=DIM
(125,19) fg=Reset bg=Reset mod=DIM
(126,19) fg=Reset bg=Reset mod=DIM
(127,19) fg=Reset bg=Reset mod=DIM
(128,19) fg=Reset bg=Reset mod=DIM
(129,19) fg=Reset bg=Reset mod=DIM
(130,19) fg=Reset bg=Reset mod=DIM
(131,19) fg=Reset bg=Reset mod=DIM
(132,19) fg=Reset bg=Reset mod=DIM
(133,19) fg=Reset bg=Reset mod=DIM
(134,19) fg=Reset bg=Reset mod=DIM
(135,19) fg=Reset bg=Reset mod=DIM
(136,19) fg=Reset bg=Reset mod=DIM
(137,19) fg=Reset bg=Reset mod=DIM
(138,19) fg=Reset bg=Reset mod=DIM
(139,19) fg=Reset bg=Reset mod=DIM
(140,19) fg=Reset bg=Reset mod=DIM
(141,19) fg=Reset bg=Reset mod=DIM
(142,19) fg=Reset bg=Reset mod=DIM
(143,19) fg=Reset bg=Reset mod=DIM
(144,19) fg=Reset bg=Reset mod=DIM
(145,19) fg=Reset bg=Reset mod=DIM
(146,19) fg=Reset bg=Reset mod=DIM
(147,19) fg=Reset bg=Reset mod=DIM
(148,19) fg=Reset bg=Reset mod=DIM
(149,19) fg=Reset bg=Reset mod=DIM
(150,19) fg=Reset bg=Reset mod=DIM
(151,19) fg=Reset bg=Reset mod=DIM
(152,19) fg=Reset bg=Reset mod=DIM
(153,19) fg=Reset bg=Reset mod=DIM
(154,19) fg=Reset bg=Reset mod=DIM
(155,19) fg=Reset bg=Reset mod=DIM
(156,19) fg=Reset bg=Reset mod=DIM
(157,19) fg=Reset bg=Reset mod=DIM
(158,19) fg=Reset bg=Reset mod=DIM
(159,19) fg=Reset bg=Reset mod=DIM
(0,20) fg=Reset bg=Reset mod=DIM
(87,20) fg=Reset bg=Reset mod=DIM
(88,20) fg=Reset bg=Reset mod=DIM
(89,20) fg=Reset bg=Reset mod=DIM
(90,20) fg=Reset bg=Reset mod=DIM
(91,20) fg=Reset bg=Reset mod=BOLD
(92,20) fg=Reset bg=Reset mod=BOLD
(93,20) fg=Reset bg=Reset mod=BOLD
(94,20) fg=Reset bg=Reset mod=BOLD
(95,20) fg=Reset bg=Reset mod=BOLD
(96,20) fg=Reset bg=Reset mod=BOLD
(97,20) fg=Reset bg=Reset mod=BOLD
(98,20) fg=Reset bg=Reset mod=BOLD
(99,20) fg=Reset bg=Reset mod=BOLD
(100,20) fg=Reset bg=Reset mod=BOLD
(101,20) fg=Reset bg=Reset mod=DIM
(102,20) fg=Reset bg=Reset mod=DIM
(103,20) fg=Reset bg=Reset mod=DIM
(104,20) fg=Reset bg=Reset mod=DIM
(105,20) fg=Reset bg=Reset mod=DIM
(106,20) fg=Reset bg=Reset mod=DIM
(107,20) fg=Reset bg=Reset mod=DIM
(108,20) fg=Reset bg=Reset mod=DIM
(109,20) fg=Reset bg=Reset mod=DIM
(110,20) fg=Reset bg=Reset mod=DIM
(111,20) fg=Reset bg=Reset mod=DIM
(112,20) fg=Reset bg=Reset mod=DIM
(113,20) fg=Reset bg=Reset mod=DIM
(114,20) fg=Reset bg=Reset mod=DIM
(115,20) fg=Reset bg=Reset mod=DIM
(116,20) fg=Reset bg=Reset mod=DIM
(117,20) fg=Reset bg=Reset mod=DIM
(118,20) fg=Reset bg=Reset mod=DIM
(119,20) fg=Reset bg=Reset mod=DIM
(120,20) fg=Reset bg=Reset mod=DIM
(121,20) fg=Reset bg=Reset mod=DIM
(122,20) fg=Reset bg=Reset mod=DIM
(123,20) fg=Reset bg=Reset mod=DIM
(124,20) fg=Reset bg=Reset mod=DIM
(125,20) fg=Reset bg=Reset mod=DIM
(126,20) fg=Reset bg=Reset mod=DIM
(127,20) fg=Reset bg=Reset mod=DIM
(128,20) fg=Reset bg=Reset mod=DIM
(129,20) fg=Reset bg=Reset mod=DIM
(130,20) fg=Reset bg=Reset mod=DIM
(131,20) fg=Reset bg=Reset mod=DIM
(132,20) fg=Reset bg=Reset mod=DIM
(133,20) fg=Reset bg=Reset mod=DIM
(134,20) fg=Reset bg=Reset mod=DIM
(135,20) fg=Reset bg=Reset mod=DIM
(136,20) fg=Reset bg=Reset mod=DIM
(137,20) fg=Reset bg=Reset mod=DIM
(138,20) fg=Reset bg=Reset mod=DIM
(139,20) fg=Reset bg=Reset mod=DIM
(140,20) fg=Reset bg=Reset mod=DIM
(141,20) fg=Reset bg=Reset mod=DIM
(142,20) fg=Reset bg=Reset mod=DIM
(143,20) fg=Reset bg=Reset mod=DIM
(144,20) fg=Reset bg=Reset mod=DIM
(145,20) fg=Reset bg=Reset mod=DIM
(146,20) fg=Reset bg=Reset mod=DIM
(147,20) fg=Reset bg=Reset mod=DIM
(148,20) fg=Reset bg=Reset mod=DIM
(149,20) fg=Reset bg=Reset mod=DIM
(150,20) fg=Reset bg=Reset mod=DIM
(151,20) fg=Reset bg=Reset mod=DIM
(152,20) fg=Reset bg=Reset mod=DIM
(153,20) fg=Reset bg=Reset mod=DIM
(154,20) fg=Reset bg=Reset mod=DIM
(155,20) fg=Reset bg=Reset mod=DIM
(156,20) fg=Reset bg=Reset mod=DIM
(157,20) fg=Reset bg=Reset mod=DIM
(158,20) fg=Reset bg=Reset mod=DIM
(159,20) fg=Reset bg=Reset mod=DIM
(0,21) fg=Reset bg=Reset mod=DIM
(87,21) fg=Reset bg=Reset mod=DIM
(88,21) fg=Reset bg=Reset mod=DIM
(89,21) fg=Reset bg=Reset mod=DIM
(90,21) fg=Reset bg=Reset mod=DIM
(91,21) fg=Reset bg=Reset mod=DIM
(92,21) fg=Reset bg=Reset mod=DIM
(93,21) fg=Reset bg=Reset mod=DIM
(94,21) fg=Reset bg=Reset mod=DIM
(95,21) fg=Reset bg=Reset mod=DIM
(96,21) fg=Reset bg=Reset mod=DIM
(97,21) fg=Reset bg=Reset mod=DIM
(98,21) fg=Reset bg=Reset mod=DIM
(99,21) fg=Reset bg=Reset mod=DIM
(100,21) fg=Reset bg=Reset mod=DIM
(101,21) fg=Reset bg=Reset mod=DIM
(102,21) fg=Reset bg=Reset mod=DIM
(103,21) fg=Reset bg=Reset mod=DIM
(104,21) fg=Yellow bg=Reset mod=BOLD
(105,21) fg=Yellow bg=Reset mod=BOLD
(106,21) fg=Yellow bg=Reset mod=BOLD
(107,21) fg=Yellow bg=Reset mod=BOLD
(108,21) fg=Yellow bg=Reset mod=BOLD
(109,21) fg=Yellow bg=Reset mod=BOLD
(110,21) fg=Yellow bg=Reset mod=BOLD
(111,21) fg=Yellow bg=Reset mod=BOLD
(159,21) fg=Reset bg=Reset mod=DIM
(0,22) fg=Reset bg=Reset mod=DIM
(87,22) fg=Reset bg=Reset mod=DIM
(88,22) fg=Reset bg=Reset mod=DIM
(89,22) fg=Reset bg=Reset mod=DIM
(90,22) fg=Reset bg=Reset mod=DIM
(91,22) fg=Reset bg=Reset mod=DIM
(92,22) fg=Reset bg=Reset mod=DIM
(93,22) fg=Reset bg=Reset mod=DIM
(94,22) fg=Reset bg=Reset mod=DIM
(95,22) fg=Reset bg=Reset mod=DIM
(96,22) fg=Reset bg=Reset mod=DIM
(97,22) fg=Reset bg=Reset mod=DIM
(98,22) fg=Reset bg=Reset mod=DIM
(99,22) fg=Reset bg=Reset mod=DIM
(100,22) fg=Reset bg=Reset mod=DIM
(101,22) fg=Reset bg=Reset mod=DIM
(102,22) fg=Reset bg=Reset mod=DIM
(103,22) fg=Reset bg=Reset mod=DIM
(104,22) fg=Reset bg=Reset mod=DIM
(105,22) fg=Reset bg=Reset mod=DIM
(106,22) fg=Reset bg=Reset mod=DIM
(107,22) fg=Reset bg=Reset mod=DIM
(108,22) fg=Reset bg=Reset mod=DIM
(159,22) fg=Reset bg=Reset mod=DIM
(0,23) fg=Reset bg=Reset mod=DIM
(87,23) fg=Reset bg=Reset mod=DIM
(88,23) fg=Reset bg=Reset mod=DIM
(89,23) fg=Reset bg=Reset mod=DIM
(90,23) fg=Reset bg=Reset mod=DIM
(91,23) fg=Reset bg=Reset mod=DIM
(92,23) fg=Reset bg=Reset mod=DIM
(93,23) fg=Reset bg=Reset mod=DIM
(94,23) fg=Reset bg=Reset mod=DIM
(95,23) fg=Reset bg=Reset mod=DIM
(96,23) fg=Reset bg=Reset mod=DIM
(97,23) fg=Reset bg=Reset mod=DIM
(98,23) fg=Reset bg=Reset mod=DIM
(99,23) fg=Reset bg=Reset mod=DIM
(100,23) fg=Reset bg=Reset mod=DIM
(101,23) fg=Reset bg=Reset mod=DIM
(102,23) fg=Reset bg=Reset mod=DIM
(103,23) fg=Reset bg=Reset mod=DIM
(104,23) fg=Reset bg=Reset mod=DIM
(105,23) fg=Reset bg=Reset mod=DIM
(106,23) fg=Reset bg=Reset mod=DIM
(107,23) fg=Reset bg=Reset mod=DIM
(108,23) fg=Reset bg=Reset mod=DIM
(109,23) fg=Reset bg=Reset mod=DIM
(110,23) fg=Reset bg=Reset mod=DIM
(111,23) fg=Reset bg=Reset mod=DIM
(112,23) fg=Reset bg=Reset mod=DIM
(113,23) fg=Reset bg=Reset mod=DIM
(114,23) fg=Reset bg=Reset mod=DIM
(115,23) fg=Reset bg=Reset mod=DIM
(116,23) fg=Reset bg=Reset mod=DIM
(117,23) fg=Reset bg=Reset mod=DIM
(118,23) fg=Reset bg=Reset mod=DIM
(119,23) fg=Reset bg=Reset mod=DIM
(120,23) fg=Reset bg=Reset mod=DIM
(121,23) fg=Reset bg=Reset mod=DIM
(122,23) fg=Reset bg=Reset mod=DIM
(123,23) fg=Reset bg=Reset mod=DIM
(124,23) fg=Reset bg=Reset mod=DIM
(125,23) fg=Reset bg=Reset mod=DIM
(126,23) fg=Reset bg=Reset mod=DIM
(127,23) fg=Reset bg=Reset mod=DIM
(128,23) fg=Reset bg=Reset mod=DIM
(129,23) fg=Reset bg=Reset mod=DIM
(130,23) fg=Reset bg=Reset mod=DIM
(131,23) fg=Reset bg=Reset mod=DIM
(132,23) fg=Reset bg=Reset mod=DIM
(133,23) fg=Reset bg=Reset mod=DIM
(134,23) fg=Reset bg=Reset mod=DIM
(135,23) fg=Reset bg=Reset mod=DIM
(136,23) fg=Reset bg=Reset mod=DIM
(137,23) fg=Reset bg=Reset mod=DIM
(138,23) fg=Reset bg=Reset mod=DIM
(139,23) fg=Reset bg=Reset mod=DIM
(140,23) fg=Reset bg=Reset mod=DIM
(141,23) fg=Reset bg=Reset mod=DIM
(142,23) fg=Reset bg=Reset mod=DIM
(143,23) fg=Reset bg=Reset mod=DIM
(144,23) fg=Reset bg=Reset mod=DIM
(145,23) fg=Reset bg=Reset mod=DIM
(146,23) fg=Reset bg=Reset mod=DIM
(147,23) fg=Reset bg=Reset mod=DIM
(148,23) fg=Reset bg=Reset mod=DIM
(149,23) fg=Reset bg=Reset mod=DIM
(150,23) fg=Reset bg=Reset mod=DIM
(151,23) fg=Reset bg=Reset mod=DIM
(152,23) fg=Reset bg=Reset mod=DIM
(153,23) fg=Reset bg=Reset mod=DIM
(154,23) fg=Reset bg=Reset mod=DIM
(155,23) fg=Reset bg=Reset mod=DIM
(156,23) fg=Reset bg=Reset mod=DIM
(157,23) fg=Reset bg=Reset mod=DIM
(158,23) fg=Reset bg=Reset mod=DIM
(159,23) fg=Reset bg=Reset mod=DIM
(0,24) fg=Reset bg=Reset mod=DIM
(87,24) fg=Reset bg=Reset mod=DIM
(88,24) fg=Reset bg=Reset mod=DIM
(89,24) fg=Reset bg=Reset mod=DIM
(90,24) fg=Reset bg=Reset mod=DIM
(91,24) fg=Reset bg=Reset mod=BOLD
(92,24) fg=Reset bg=Reset mod=BOLD
(93,24) fg=Reset bg=Reset mod=BOLD
(94,24) fg=Reset bg=Reset mod=BOLD
(95,24) fg=Reset bg=Reset mod=BOLD
(96,24) fg=Reset bg=Reset mod=BOLD
(97,24) fg=Reset bg=Reset mod=DIM
(98,24) fg=Reset bg=Reset mod=DIM
(99,24) fg=Reset bg=Reset mod=DIM
(100,24) fg=Reset bg=Reset mod=DIM
(101,24) fg=Reset bg=Reset mod=DIM
(102,24) fg=Reset bg=Reset mod=DIM
(103,24) fg=Reset bg=Reset mod=DIM
(104,24) fg=Reset bg=Reset mod=DIM
(105,24) fg=Reset bg=Reset mod=DIM
(106,24) fg=Reset bg=Reset mod=DIM
(107,24) fg=Reset bg=Reset mod=DIM
(108,24) fg=Reset bg=Reset mod=DIM
(109,24) fg=Reset bg=Reset mod=DIM
(110,24) fg=Reset bg=Reset mod=DIM
(111,24) fg=Reset bg=Reset mod=DIM
(112,24) fg=Reset bg=Reset mod=DIM
(113,24) fg=Reset bg=Reset mod=DIM
(114,24) fg=Reset bg=Reset mod=DIM
(115,24) fg=Reset bg=Reset mod=DIM
(116,24) fg=Reset bg=Reset mod=DIM
(117,24) fg=Reset bg=Reset mod=DIM
(118,24) fg=Reset bg=Reset mod=DIM
(119,24) fg=Reset bg=Reset mod=DIM
(120,24) fg=Reset bg=Reset mod=DIM
(121,24) fg=Reset bg=Reset mod=DIM
(122,24) fg=Reset bg=Reset mod=DIM
(123,24) fg=Reset bg=Reset mod=DIM
(124,24) fg=Reset bg=Reset mod=DIM
(125,24) fg=Reset bg=Reset mod=DIM
(126,24) fg=Reset bg=Reset mod=DIM
(127,24) fg=Reset bg=Reset mod=DIM
(128,24) fg=Reset bg=Reset mod=DIM
(129,24) fg=Reset bg=Reset mod=DIM
(130,24) fg=Reset bg=Reset mod=BOLD|DIM
(131,24) fg=Reset bg=Reset mod=BOLD|DIM
(132,24) fg=Reset bg=Reset mod=BOLD|DIM
(133,24) fg=Reset bg=Reset mod=BOLD|DIM
(134,24) fg=Reset bg=Reset mod=BOLD|DIM
(135,24) fg=Reset bg=Reset mod=BOLD|DIM
(136,24) fg=Reset bg=Reset mod=BOLD|DIM
(137,24) fg=Reset bg=Reset mod=BOLD|DIM
(138,24) fg=Reset bg=Reset mod=BOLD|DIM
(139,24) fg=Reset bg=Reset mod=BOLD|DIM
(140,24) fg=Reset bg=Reset mod=BOLD|DIM
(141,24) fg=Reset bg=Reset mod=BOLD|DIM
(142,24) fg=Reset bg=Reset mod=BOLD|DIM
(143,24) fg=Reset bg=Reset mod=BOLD|DIM
(144,24) fg=Reset bg=Reset mod=BOLD|DIM
(145,24) fg=Reset bg=Reset mod=BOLD|DIM
(146,24) fg=Reset bg=Reset mod=BOLD|DIM
(147,24) fg=Reset bg=Reset mod=BOLD|DIM
(148,24) fg=Reset bg=Reset mod=BOLD|DIM
(149,24) fg=Reset bg=Reset mod=BOLD|DIM
(150,24) fg=Reset bg=Reset mod=BOLD|DIM
(151,24) fg=Reset bg=Reset mod=BOLD|DIM
(152,24) fg=Reset bg=Reset mod=BOLD|DIM
(153,24) fg=Reset bg=Reset mod=BOLD|DIM
(154,24) fg=Reset bg=Reset mod=BOLD|DIM
(155,24) fg=Reset bg=Reset mod=BOLD|DIM
(156,24) fg=Reset bg=Reset mod=BOLD|DIM
(157,24) fg=Reset bg=Reset mod=DIM
(158,24) fg=Reset bg=Reset mod=DIM
(159,24) fg=Reset bg=Reset mod=DIM
(0,25) fg=Reset bg=Reset mod=DIM
(87,25) fg=Reset bg=Reset mod=DIM
(88,25) fg=Reset bg=Reset mod=DIM
(89,25) fg=Reset bg=Reset mod=DIM
(90,25) fg=Reset bg=Reset mod=DIM
(91,25) fg=Reset bg=Reset mod=DIM
(92,25) fg=Reset bg=Reset mod=DIM
(93,25) fg=Reset bg=Reset mod=DIM
(94,25) fg=Reset bg=Reset mod=DIM
(95,25) fg=Reset bg=Reset mod=DIM
(96,25) fg=Reset bg=Reset mod=DIM
(97,25) fg=Reset bg=Reset mod=DIM
(98,25) fg=Reset bg=Reset mod=DIM
(99,25) fg=Reset bg=Reset mod=DIM
(100,25) fg=Reset bg=Reset mod=DIM
(101,25) fg=Reset bg=Reset mod=DIM
(102,25) fg=Reset bg=Reset mod=DIM
(103,25) fg=Reset bg=Reset mod=DIM
(104,25) fg=Reset bg=Reset mod=DIM
(105,25) fg=Reset bg=Reset mod=DIM
(106,25) fg=Reset bg=Reset mod=DIM
(107,25) fg=Reset bg=Reset mod=DIM
(108,25) fg=Reset bg=Reset mod=DIM
(109,25) fg=Reset bg=Reset mod=DIM
(110,25) fg=Reset bg=Reset mod=DIM
(111,25) fg=Reset bg=Reset mod=DIM
(112,25) fg=Reset bg=Reset mod=DIM
(113,25) fg=Reset bg=Reset mod=DIM
(114,25) fg=Reset bg=Reset mod=DIM
(115,25) fg=Reset bg=Reset mod=DIM
(116,25) fg=Reset bg=Reset mod=DIM
(117,25) fg=Reset bg=Reset mod=DIM
(118,25) fg=Reset bg=Reset mod=DIM
(119,25) fg=Reset bg=Reset mod=DIM
(120,25) fg=Reset bg=Reset mod=DIM
(121,25) fg=Reset bg=Reset mod=DIM
(122,25) fg=Reset bg=Reset mod=DIM
(123,25) fg=Reset bg=Reset mod=DIM
(124,25) fg=Reset bg=Reset mod=DIM
(125,25) fg=Reset bg=Reset mod=DIM
(126,25) fg=Reset bg=Reset mod=DIM
(127,25) fg=Reset bg=Reset mod=DIM
(128,25) fg=Reset bg=Reset mod=DIM
(129,25) fg=Reset bg=Reset mod=DIM
(130,25) fg=Reset bg=Reset mod=DIM
(131,25) fg=Reset bg=Reset mod=DIM
(159,25) fg=Reset bg=Reset mod=DIM
(0,26) fg=Reset bg=Reset mod=DIM
(87,26) fg=Reset bg=Reset mod=DIM
(88,26) fg=Reset bg=Reset mod=DIM
(89,26) fg=Reset bg=Reset mod=DIM
(90,26) fg=Reset bg=Reset mod=DIM
(91,26) fg=Reset bg=Reset mod=DIM
(92,26) fg=Reset bg=Reset mod=DIM
(93,26) fg=Reset bg=Reset mod=DIM
(94,26) fg=Reset bg=Reset mod=DIM
(95,26) fg=Reset bg=Reset mod=DIM
(96,26) fg=Reset bg=Reset mod=DIM
(97,26) fg=Reset bg=Reset mod=DIM
(98,26) fg=Reset bg=Reset mod=DIM
(99,26) fg=Reset bg=Reset mod=DIM
(100,26) fg=Reset bg=Reset mod=DIM
(101,26) fg=Reset bg=Reset mod=DIM
(102,26) fg=Reset bg=Reset mod=DIM
(103,26) fg=Reset bg=Reset mod=DIM
(104,26) fg=Reset bg=Reset mod=DIM
(105,26) fg=Reset bg=Reset mod=DIM
(106,26) fg=Reset bg=Reset mod=DIM
(107,26) fg=Reset bg=Reset mod=DIM
(108,26) fg=Reset bg=Reset mod=DIM
(109,26) fg=Reset bg=Reset mod=DIM
(110,26) fg=Reset bg=Reset mod=DIM
(111,26) fg=Reset bg=Reset mod=DIM
(112,26) fg=Reset bg=Reset mod=DIM
(113,26) fg=Reset bg=Reset mod=DIM
(114,26) fg=Reset bg=Reset mod=DIM
(115,26) fg=Reset bg=Reset mod=DIM
(116,26) fg=Reset bg=Reset mod=DIM
(117,26) fg=Reset bg=Reset mod=DIM
(118,26) fg=Reset bg=Reset mod=DIM
(119,26) fg=Reset bg=Reset mod=DIM
(120,26) fg=Reset bg=Reset mod=DIM
(159,26) fg=Reset bg=Reset mod=DIM
(0,27) fg=Reset bg=Reset mod=DIM
(87,27) fg=Reset bg=Reset mod=DIM
(88,27) fg=Reset bg=Reset mod=DIM
(159,27) fg=Reset bg=Reset mod=DIM
(0,28) fg=Reset bg=Reset mod=DIM
(87,28) fg=Reset bg=Reset mod=DIM
(88,28) fg=Reset bg=Reset mod=DIM
(159,28) fg=Reset bg=Reset mod=DIM
(0,29) fg=Reset bg=Reset mod=DIM
(87,29) fg=Reset bg=Reset mod=DIM
(88,29) fg=Reset bg=Reset mod=DIM
(159,29) fg=Reset bg=Reset mod=DIM
(0,30) fg=Reset bg=Reset mod=DIM
(87,30) fg=Reset bg=Reset mod=DIM
(88,30) fg=Reset bg=Reset mod=DIM
(159,30) fg=Reset bg=Reset mod=DIM
(0,31) fg=Reset bg=Reset mod=DIM
(87,31) fg=Reset bg=Reset mod=DIM
(88,31) fg=Reset bg=Reset mod=DIM
(159,31) fg=Reset bg=Reset mod=DIM
(0,32) fg=Reset bg=Reset mod=DIM
(87,32) fg=Reset bg=Reset mod=DIM
(88,32) fg=Reset bg=Reset mod=DIM
(159,32) fg=Reset bg=Reset mod=DIM
(0,33) fg=Reset bg=Reset mod=DIM
(87,33) fg=Reset bg=Reset mod=DIM
(88,33) fg=Reset bg=Reset mod=DIM
(159,33) fg=Reset bg=Reset mod=DIM
(0,34) fg=Reset bg=Reset mod=DIM
(87,34) fg=Reset bg=Reset mod=DIM
(88,34) fg=Reset bg=Reset mod=DIM
(159,34) fg=Reset bg=Reset mod=DIM
(0,35) fg=Reset bg=Reset mod=DIM
(87,35) fg=Reset bg=Reset mod=DIM
(88,35) fg=Reset bg=Reset mod=DIM
(159,35) fg=Reset bg=Reset mod=DIM
(0,36) fg=Reset bg=Reset mod=DIM
(87,36) fg=Reset bg=Reset mod=DIM
(88,36) fg=Reset bg=Reset mod=DIM
(159,36) fg=Reset bg=Reset mod=DIM
(0,37) fg=Reset bg=Reset mod=DIM
(87,37) fg=Reset bg=Reset mod=DIM
(88,37) fg=Reset bg=Reset mod=DIM
(159,37) fg=Reset bg=Reset mod=DIM
(0,38) fg=Reset bg=Reset mod=DIM
(1,38) fg=Reset bg=Reset mod=DIM
(2,38) fg=Reset bg=Reset mod=DIM
(3,38) fg=Reset bg=Reset mod=DIM
(4,38) fg=Reset bg=Reset mod=DIM
(5,38) fg=Reset bg=Reset mod=DIM
(6,38) fg=Reset bg=Reset mod=DIM
(7,38) fg=Reset bg=Reset mod=DIM
(8,38) fg=Reset bg=Reset mod=DIM
(9,38) fg=Reset bg=Reset mod=DIM
(10,38) fg=Reset bg=Reset mod=DIM
(11,38) fg=Reset bg=Reset mod=DIM
(12,38) fg=Reset bg=Reset mod=DIM
(13,38) fg=Reset bg=Reset mod=DIM
(14,38) fg=Reset bg=Reset mod=DIM
(15,38) fg=Reset bg=Reset mod=DIM
(16,38) fg=Reset bg=Reset mod=DIM
(17,38) fg=Reset bg=Reset mod=DIM
(18,38) fg=Reset bg=Reset mod=DIM
(19,38) fg=Reset bg=Reset mod=DIM
(20,38) fg=Reset bg=Reset mod=DIM
(21,38) fg=Reset bg=Reset mod=DIM
(22,38) fg=Reset bg=Reset mod=DIM
(23,38) fg=Reset bg=Reset mod=DIM
(24,38) fg=Reset bg=Reset mod=DIM
(25,38) fg=Reset bg=Reset mod=DIM
(26,38) fg=Reset bg=Reset mod=DIM
(27,38) fg=Reset bg=Reset mod=DIM
(28,38) fg=Reset bg=Reset mod=DIM
(29,38) fg=Reset bg=Reset mod=DIM
(30,38) fg=Reset bg=Reset mod=DIM
(31,38) fg=Reset bg=Reset mod=DIM
(32,38) fg=Reset bg=Reset mod=DIM
(33,38) fg=Reset bg=Reset mod=DIM
(34,38) fg=Reset bg=Reset mod=DIM
(35,38) fg=Reset bg=Reset mod=DIM
(36,38) fg=Reset bg=Reset mod=DIM
(37,38) fg=Reset bg=Reset mod=DIM
(38,38) fg=Reset bg=Reset mod=DIM
(39,38) fg=Reset bg=Reset mod=DIM
(40,38) fg=Reset bg=Reset mod=DIM
(41,38) fg=Reset bg=Reset mod=DIM
(42,38) fg=Reset bg=Reset mod=DIM
(43,38) fg=Reset bg=Reset mod=DIM
(44,38) fg=Reset bg=Reset mod=DIM
(45,38) fg=Reset bg=Reset mod=DIM
(46,38) fg=Reset bg=Reset mod=DIM
(47,38) fg=Reset bg=Reset mod=DIM
(48,38) fg=Reset bg=Reset mod=DIM
(49,38) fg=Reset bg=Reset mod=DIM
(50,38) fg=Reset bg=Reset mod=DIM
(51,38) fg=Reset bg=Reset mod=DIM
(52,38) fg=Reset bg=Reset mod=DIM
(53,38) fg=Reset bg=Reset mod=DIM
(54,38) fg=Reset bg=Reset mod=DIM
(55,38) fg=Reset bg=Reset mod=DIM
(56,38) fg=Reset bg=Reset mod=DIM
(57,38) fg=Reset bg=Reset mod=DIM
(58,38) fg=Reset bg=Reset mod=DIM
(59,38) fg=Reset bg=Reset mod=DIM
(60,38) fg=Reset bg=Reset mod=DIM
(61,38) fg=Reset bg=Reset mod=DIM
(62,38) fg=Reset bg=Reset mod=DIM
(63,38) fg=Reset bg=Reset mod=DIM
(64,38) fg=Reset bg=Reset mod=DIM
(65,38) fg=Reset bg=Reset mod=DIM
(66,38) fg=Reset bg=Reset mod=DIM
(67,38) fg=Reset bg=Reset mod=DIM
(68,38) fg=Reset bg=Reset mod=DIM
(69,38) fg=Reset bg=Reset mod=DIM
(70,38) fg=Reset bg=Reset mod=DIM
(71,38) fg=Reset bg=Reset mod=DIM
(72,38) fg=Reset bg=Reset mod=DIM
(73,38) fg=Reset bg=Reset mod=DIM
(74,38) fg=Reset bg=Reset mod=DIM
(75,38) fg=Reset bg=Reset mod=DIM
(76,38) fg=Reset bg=Reset mod=DIM
(77,38) fg=Reset bg=Reset mod=DIM
(78,38) fg=Reset bg=Reset mod=DIM
(79,38) fg=Reset bg=Reset mod=DIM
(80,38) fg=Reset bg=Reset mod=DIM
(81,38) fg=Reset bg=Reset mod=DIM
(82,38) fg=Reset bg=Reset mod=DIM
(83,38) fg=Reset bg=Reset mod=DIM
(84,38) fg=Reset bg=Reset mod=DIM
(85,38) fg=Reset bg=Reset mod=DIM
(86,38) fg=Reset bg=Reset mod=DIM
(87,38) fg=Reset bg=Reset mod=DIM
(88,38) fg=Reset bg=Reset mod=DIM
(89,38) fg=Reset bg=Reset mod=DIM
(90,38) fg=Reset bg=Reset mod=DIM
(91,38) fg=Reset bg=Reset mod=DIM
(92,38) fg=Reset bg=Reset mod=DIM
(93,38) fg=Reset bg=Reset mod=DIM
(94,38) fg=Reset bg=Reset mod=DIM
(95,38) fg=Reset bg=Reset mod=DIM
(96,38) fg=Reset bg=Reset mod=DIM
(97,38) fg=Reset bg=Reset mod=DIM
(98,38) fg=Reset bg=Reset mod=DIM
(99,38) fg=Reset bg=Reset mod=DIM
(100,38) fg=Reset bg=Reset mod=DIM
(101,38) fg=Reset bg=Reset mod=DIM
(102,38) fg=Reset bg=Reset mod=DIM
(103,38) fg=Reset bg=Reset mod=DIM
(104,38) fg=Reset bg=Reset mod=DIM
(105,38) fg=Reset bg=Reset mod=DIM
(106,38) fg=Reset bg=Reset mod=DIM
(107,38) fg=Reset bg=Reset mod=DIM
(108,38) fg=Reset bg=Reset mod=DIM
(109,38) fg=Reset bg=Reset mod=DIM
(110,38) fg=Reset bg=Reset mod=DIM
(111,38) fg=Reset bg=Reset mod=DIM
(112,38) fg=Reset bg=Reset mod=DIM
(113,38) fg=Reset bg=Reset mod=DIM
(114,38) fg=Reset bg=Reset mod=DIM
(115,38) fg=Reset bg=Reset mod=DIM
(116,38) fg=Reset bg=Reset mod=DIM
(117,38) fg=Reset bg=Reset mod=DIM
(118,38) fg=Reset bg=Reset mod=DIM
(119,38) fg=Reset bg=Reset mod=DIM
(120,38) fg=Reset bg=Reset mod=DIM
(121,38) fg=Reset bg=Reset mod=DIM
(122,38) fg=Reset bg=Reset mod=DIM
(123,38) fg=Reset bg=Reset mod=DIM
(124,38) fg=Reset bg=Reset mod=DIM
(125,38) fg=Reset bg=Reset mod=DIM
(126,38) fg=Reset bg=Reset mod=DIM
(127,38) fg=Reset bg=Reset mod=DIM
(128,38) fg=Reset bg=Reset mod=DIM
(129,38) fg=Reset bg=Reset mod=DIM
(130,38) fg=Reset bg=Reset mod=DIM
(131,38) fg=Reset bg=Reset mod=DIM
(132,38) fg=Reset bg=Reset mod=DIM
(133,38) fg=Reset bg=Reset mod=DIM
(134,38) fg=Reset bg=Reset mod=DIM
(135,38) fg=Reset bg=Reset mod=DIM
(136,38) fg=Reset bg=Reset mod=DIM
(137,38) fg=Reset bg=Reset mod=DIM
(138,38) fg=Reset bg=Reset mod=DIM
(139,38) fg=Reset bg=Reset mod=DIM
(140,38) fg=Reset bg=Reset mod=DIM
(141,38) fg=Reset bg=Reset mod=DIM
(142,38) fg=Reset bg=Reset mod=DIM
(143,38) fg=Reset bg=Reset mod=DIM
(144,38) fg=Reset bg=Reset mod=DIM
(145,38) fg=Reset bg=Reset mod=DIM
(146,38) fg=Reset bg=Reset mod=DIM
(147,38) fg=Reset bg=Reset mod=DIM
(148,38) fg=Reset bg=Reset mod=DIM
(149,38) fg=Reset bg=Reset mod=DIM
(150,38) fg=Reset bg=Reset mod=DIM
(151,38) fg=Reset bg=Reset mod=DIM
(152,38) fg=Reset bg=Reset mod=DIM
(153,38) fg=Reset bg=Reset mod=DIM
(154,38) fg=Reset bg=Reset mod=DIM
(155,38) fg=Reset bg=Reset mod=DIM
(156,38) fg=Reset bg=Reset mod=DIM
(157,38) fg=Reset bg=Reset mod=DIM
(158,38) fg=Reset bg=Reset mod=DIM
(159,38) fg=Reset bg=Reset mod=DIM
(0,39) fg=White bg=DarkGray mod=-
(1,39) fg=White bg=DarkGray mod=-
(2,39) fg=White bg=DarkGray mod=-
(3,39) fg=White bg=DarkGray mod=-
(4,39) fg=White bg=DarkGray mod=-
(5,39) fg=White bg=DarkGray mod=-
(6,39) fg=White bg=DarkGray mod=-
(7,39) fg=Reset bg=Reset mod=DIM
(8,39) fg=Reset bg=Reset mod=DIM
(9,39) fg=Reset bg=Reset mod=DIM
(10,39) fg=Reset bg=Reset mod=DIM
(11,39) fg=Reset bg=Reset mod=DIM
(14,39) fg=White bg=DarkGray mod=-
(15,39) fg=White bg=DarkGray mod=-
(16,39) fg=White bg=DarkGray mod=-
(17,39) fg=Reset bg=Reset mod=DIM
(18,39) fg=Reset bg=Reset mod=DIM
(19,39) fg=Reset bg=Reset mod=DIM
(20,39) fg=Reset bg=Reset mod=DIM
(21,39) fg=Reset bg=Reset mod=DIM
(22,39) fg=Reset bg=Reset mod=DIM
(23,39) fg=Reset bg=Reset mod=DIM
(24,39) fg=Reset bg=Reset mod=DIM
(27,39) fg=White bg=DarkGray mod=-
(28,39) fg=White bg=DarkGray mod=-
(29,39) fg=White bg=DarkGray mod=-
(30,39) fg=Reset bg=Reset mod=DIM
(31,39) fg=Reset bg=Reset mod=DIM
(32,39) fg=Reset bg=Reset mod=DIM
(33,39) fg=Reset bg=Reset mod=DIM
(34,39) fg=Reset bg=Reset mod=DIM
(37,39) fg=White bg=DarkGray mod=-
(38,39) fg=White bg=DarkGray mod=-
(39,39) fg=White bg=DarkGray mod=-
(40,39) fg=Reset bg=Reset mod=DIM
(41,39) fg=Reset bg=Reset mod=DIM
(42,39) fg=Reset bg=Reset mod=DIM
(43,39) fg=Reset bg=Reset mod=DIM
(44,39) fg=Reset bg=Reset mod=DIM
(45,39) fg=Reset bg=Reset mod=DIM
(48,39) fg=White bg=DarkGray mod=-
(49,39) fg=White bg=DarkGray mod=-
(50,39) fg=White bg=DarkGray mod=-
(51,39) fg=Reset bg=Reset mod=DIM
(52,39) fg=Reset bg=Reset mod=DIM
(53,39) fg=Reset bg=Reset mod=DIM
(54,39) fg=Reset bg=Reset mod=DIM
(55,39) fg=Reset bg=Reset mod=DIM
(58,39) fg=White bg=DarkGray mod=-
(59,39) fg=White bg=DarkGray mod=-
(60,39) fg=White bg=DarkGray mod=-
(61,39) fg=Reset bg=Reset mod=DIM
(62,39) fg=Reset bg=Reset mod=DIM
(63,39) fg=Reset bg=Reset mod=DIM
(64,39) fg=Reset bg=Reset mod=DIM
(65,39) fg=Reset bg=Reset mod=DIM
(66,39) fg=Reset bg=Reset mod=DIM
(67,39) fg=Reset bg=Reset mod=DIM
(68,39) fg=Reset bg=Reset mod=DIM
(69,39) fg=Reset bg=Reset mod=DIM
(72,39) fg=White bg=DarkGray mod=-
(73,39) fg=White bg=DarkGray mod=-
(74,39) fg=White bg=DarkGray mod=-
(75,39) fg=Reset bg=Reset mod=DIM
(76,39) fg=Reset bg=Reset mod=DIM
(77,39) fg=Reset bg=Reset mod=DIM
(78,39) fg=Reset bg=Reset mod=DIM
(79,39) fg=Reset bg=Reset mod=DIM
(80,39) fg=Reset bg=Reset mod=DIM
(152,39) fg=White bg=DarkGray mod=-
(153,39) fg=White bg=DarkGray mod=-
(154,39) fg=White bg=DarkGray mod=-
(155,39) fg=Reset bg=Reset mod=DIM
(156,39) fg=Reset bg=Reset mod=DIM
(157,39) fg=Reset bg=Reset mod=DIM
(158,39) fg=Reset bg=Reset mod=DIM
(159,39) fg=Reset bg=Reset mod=DIM
